Component: ARM Compiler 5.06 update 7 (build 960) Tool: armlink [4d3601]

==============================================================================

Section Cross References

    startup_stm32f103xb.o(RESET) refers to startup_stm32f103xb.o(STACK) for __initial_sp
    startup_stm32f103xb.o(RESET) refers to startup_stm32f103xb.o(.text) for Reset_Handler
    startup_stm32f103xb.o(RESET) refers to stm32f1xx_it.o(i.NMI_Handler) for NMI_Handler
    startup_stm32f103xb.o(RESET) refers to stm32f1xx_it.o(i.HardFault_Handler) for HardFault_Handler
    startup_stm32f103xb.o(RESET) refers to stm32f1xx_it.o(i.MemManage_Handler) for MemManage_Handler
    startup_stm32f103xb.o(RESET) refers to stm32f1xx_it.o(i.BusFault_Handler) for BusFault_Handler
    startup_stm32f103xb.o(RESET) refers to stm32f1xx_it.o(i.UsageFault_Handler) for UsageFault_Handler
    startup_stm32f103xb.o(RESET) refers to stm32f1xx_it.o(i.SVC_Handler) for SVC_Handler
    startup_stm32f103xb.o(RESET) refers to stm32f1xx_it.o(i.DebugMon_Handler) for DebugMon_Handler
    startup_stm32f103xb.o(RESET) refers to stm32f1xx_it.o(i.PendSV_Handler) for PendSV_Handler
    startup_stm32f103xb.o(RESET) refers to stm32f1xx_it.o(i.SysTick_Handler) for SysTick_Handler
    startup_stm32f103xb.o(RESET) refers to stm32f1xx_it.o(i.TIM1_UP_IRQHandler) for TIM1_UP_IRQHandler
    startup_stm32f103xb.o(RESET) refers to stm32f1xx_it.o(i.TIM4_IRQHandler) for TIM4_IRQHandler
    startup_stm32f103xb.o(.text) refers to system_stm32f1xx.o(i.SystemInit) for SystemInit
    startup_stm32f103xb.o(.text) refers to entry.o(.ARM.Collect$$$$00000000) for __main
    main.o(i.control_poll) refers to hall_speed_pos_fdbk.o(i.HALL_CalcElAngle) for HALL_CalcElAngle
    main.o(i.control_poll) refers to fflti.o(.text) for __aeabi_i2f
    main.o(i.control_poll) refers to fadd.o(.text) for __aeabi_fsub
    main.o(i.control_poll) refers to moto.o(i.FOC) for FOC
    main.o(i.control_poll) refers to moto.o(i.sinus_control_V2) for sinus_control_V2
    main.o(i.control_poll) refers to moto.o(i.combined_control_V3) for combined_control_V3
    main.o(i.control_poll) refers to main.o(.data) for .data
    main.o(i.control_poll) refers to hall_speed_pos_fdbk.o(.data) for HALL_M1
    main.o(i.main) refers to myinit.o(i.SystemClock_Config) for SystemClock_Config
    main.o(i.main) refers to myinit.o(i.MX_GPIO_Init) for MX_GPIO_Init
    main.o(i.main) refers to myinit.o(i.MX_TIM1_Init) for MX_TIM1_Init
    main.o(i.main) refers to myinit.o(i.MX_TIM4_Init) for MX_TIM4_Init
    main.o(i.main) refers to myinit.o(i.MX_TIM2_Init) for MX_TIM2_Init
    main.o(i.main) refers to moto.o(i.Set_ENx) for Set_ENx
    main.o(i.main) refers to hall_speed_pos_fdbk.o(i.HALL_Init) for HALL_Init
    main.o(i.main) refers to main.o(i.__NVIC_EnableIRQ) for __NVIC_EnableIRQ
    main.o(i.main) refers to eventrecorder.o(i.EventRecorderInitialize) for EventRecorderInitialize
    main.o(i.main) refers to eventrecorder.o(i.EventRecorderStart) for EventRecorderStart
    main.o(i.main) refers to eventrecorder.o(i.EventRecord2) for EventRecord2
    main.o(i.main) refers to utility.o(i.led_blink) for led_blink
    main.o(i.main) refers to hall_speed_pos_fdbk.o(.data) for HALL_M1
    main.o(i.main) refers to main.o(.data) for .data
    stm32f1xx_it.o(i.SysTick_Handler) refers to hall_speed_pos_fdbk.o(i.HALL_CalcAvrgMecSpeedUnit) for HALL_CalcAvrgMecSpeedUnit
    stm32f1xx_it.o(i.SysTick_Handler) refers to hall_speed_pos_fdbk.o(.data) for HALL_M1
    stm32f1xx_it.o(i.TIM1_UP_IRQHandler) refers to main.o(i.control_poll) for control_poll
    stm32f1xx_it.o(i.TIM4_IRQHandler) refers to hall_speed_pos_fdbk.o(i.HALL_TIMx_UP_IRQHandler) for HALL_TIMx_UP_IRQHandler
    stm32f1xx_it.o(i.TIM4_IRQHandler) refers to hall_speed_pos_fdbk.o(i.HALL_TIMx_CC_IRQHandler) for HALL_TIMx_CC_IRQHandler
    stm32f1xx_it.o(i.TIM4_IRQHandler) refers to hall_speed_pos_fdbk.o(.data) for HALL_M1
    myinit.o(i.LL_TIM_OC_DisableFast) refers to myinit.o(.constdata) for .constdata
    myinit.o(i.LL_TIM_OC_EnablePreload) refers to myinit.o(.constdata) for .constdata
    myinit.o(i.MX_GPIO_Init) refers to memseta.o(.text) for __aeabi_memclr4
    myinit.o(i.MX_GPIO_Init) refers to myinit.o(i.LL_APB2_GRP1_EnableClock) for LL_APB2_GRP1_EnableClock
    myinit.o(i.MX_GPIO_Init) refers to myinit.o(i.LL_GPIO_SetPinMode) for LL_GPIO_SetPinMode
    myinit.o(i.MX_TIM1_Init) refers to memseta.o(.text) for __aeabi_memclr4
    myinit.o(i.MX_TIM1_Init) refers to myinit.o(i.LL_APB2_GRP1_EnableClock) for LL_APB2_GRP1_EnableClock
    myinit.o(i.MX_TIM1_Init) refers to stm32f1xx_ll_tim.o(i.LL_TIM_Init) for LL_TIM_Init
    myinit.o(i.MX_TIM1_Init) refers to myinit.o(i.LL_TIM_OC_EnablePreload) for LL_TIM_OC_EnablePreload
    myinit.o(i.MX_TIM1_Init) refers to stm32f1xx_ll_tim.o(i.LL_TIM_OC_Init) for LL_TIM_OC_Init
    myinit.o(i.MX_TIM1_Init) refers to myinit.o(i.LL_TIM_OC_DisableFast) for LL_TIM_OC_DisableFast
[...]
    moto.o(i.sinus_control) refers to moto.o(.data) for .data
    moto.o(i.sinus_control_V2) refers to fadd.o(.text) for __aeabi_frsub
    moto.o(i.sinus_control_V2) refers to arm_cos_f32.o(.text.arm_cos_f32) for arm_cos_f32
    moto.o(i.sinus_control_V2) refers to f2d.o(.text) for __aeabi_f2d
    moto.o(i.sinus_control_V2) refers to dadd.o(.text) for __aeabi_dsub
    moto.o(i.sinus_control_V2) refers to d2f.o(.text) for __aeabi_d2f
    moto.o(i.sinus_control_V2) refers to fmul.o(.text) for __aeabi_fmul
    moto.o(i.sinus_control_V2) refers to fdiv.o(.text) for __aeabi_fdiv
    moto.o(i.sinus_control_V2) refers to ffixui.o(.text) for __aeabi_f2uiz
    moto.o(i.sinus_control_V2) refers to cfrcmple.o(.text) for __aeabi_cfrcmple
    moto.o(i.sinus_control_V2) refers to moto.o(.data) for .data
    moto.o(i.sinus_control_V2) refers to main.o(.data) for angle
    mylib.o(i.Delay_ms) refers to mylib.o(.data) for .data
    mylib.o(i.Delay_us) refers to mylib.o(.data) for .data
    mylib.o(i.moving_average) refers to fadd.o(.text) for __aeabi_fsub
    mylib.o(i.moving_average) refers to fdiv.o(.text) for __aeabi_fdiv
    mylib.o(i.moving_average) refers to ffltui.o(.text) for __aeabi_ui2f
    mylib.o(i.moving_average) refers to cfrcmple.o(.text) for __aeabi_cfrcmple
    mylib.o(i.moving_average) refers to cfcmple.o(.text) for __aeabi_cfcmple
    hall_speed_pos_fdbk.o(i.HALL_CalcAvrgMecSpeedUnit) refers to speed_pos_fdbk.o(i.SPD_IsMecSpeedReliable) for SPD_IsMecSpeedReliable
    hall_speed_pos_fdbk.o(i.HALL_Clear) refers to hall_speed_pos_fdbk.o(i.HALL_Init_Electrical_Angle) for HALL_Init_Electrical_Angle
    hall_speed_pos_fdbk.o(i.HALL_Init) refers to hall_speed_pos_fdbk.o(.constdata) for .constdata
    hall_speed_pos_fdbk.o(i.HALL_Init_Electrical_Angle) refers to hall_speed_pos_fdbk.o(i.LL_GPIO_IsInputPinSet) for LL_GPIO_IsInputPinSet
    hall_speed_pos_fdbk.o(i.HALL_TIMx_CC_IRQHandler) refers to hall_speed_pos_fdbk.o(i.LL_GPIO_IsInputPinSet) for LL_GPIO_IsInputPinSet
    hall_speed_pos_fdbk.o(i.HALL_TIMx_UP_IRQHandler) refers to hall_speed_pos_fdbk.o(i.HALL_Init_Electrical_Angle) for HALL_Init_Electrical_Angle
    stm32f1xx_ll_gpio.o(i.LL_GPIO_DeInit) refers to stm32f1xx_ll_gpio.o(i.LL_APB2_GRP1_ForceReset) for LL_APB2_GRP1_ForceReset
    stm32f1xx_ll_gpio.o(i.LL_GPIO_DeInit) refers to stm32f1xx_ll_gpio.o(i.LL_APB2_GRP1_ReleaseReset) for LL_APB2_GRP1_ReleaseReset
    stm32f1xx_ll_dma.o(i.LL_DMA_Init) refers to stm32f1xx_ll_dma.o(.constdata) for .constdata
    stm32f1xx_ll_rcc.o(i.LL_RCC_GetADCClockFreq) refers to stm32f1xx_ll_rcc.o(i.RCC_GetSystemClockFreq) for RCC_GetSystemClockFreq
    stm32f1xx_ll_rcc.o(i.LL_RCC_GetADCClockFreq) refers to stm32f1xx_ll_rcc.o(i.RCC_GetHCLKClockFreq) for RCC_GetHCLKClockFreq
    stm32f1xx_ll_rcc.o(i.LL_RCC_GetADCClockFreq) refers to stm32f1xx_ll_rcc.o(i.RCC_GetPCLK2ClockFreq) for RCC_GetPCLK2ClockFreq
    stm32f1xx_ll_rcc.o(i.LL_RCC_GetSystemClocksFreq) refers to stm32f1xx_ll_rcc.o(i.RCC_GetSystemClockFreq) for RCC_GetSystemClockFreq
    stm32f1xx_ll_rcc.o(i.LL_RCC_GetSystemClocksFreq) refers to stm32f1xx_ll_rcc.o(i.RCC_GetHCLKClockFreq) for RCC_GetHCLKClockFreq
    stm32f1xx_ll_rcc.o(i.LL_RCC_GetSystemClocksFreq) refers to stm32f1xx_ll_rcc.o(i.RCC_GetPCLK1ClockFreq) for RCC_GetPCLK1ClockFreq
    stm32f1xx_ll_rcc.o(i.LL_RCC_GetSystemClocksFreq) refers to stm32f1xx_ll_rcc.o(i.RCC_GetPCLK2ClockFreq) for RCC_GetPCLK2ClockFreq
    stm32f1xx_ll_rcc.o(i.LL_RCC_GetUSBClockFreq) refers to stm32f1xx_ll_rcc.o(i.RCC_PLL_GetFreqDomain_SYS) for RCC_PLL_GetFreqDomain_SYS
    stm32f1xx_ll_rcc.o(i.RCC_GetHCLKClockFreq) refers to system_stm32f1xx.o(.constdata) for AHBPrescTable
    stm32f1xx_ll_rcc.o(i.RCC_GetPCLK1ClockFreq) refers to system_stm32f1xx.o(.constdata) for APBPrescTable
    stm32f1xx_ll_rcc.o(i.RCC_GetPCLK2ClockFreq) refers to system_stm32f1xx.o(.constdata) for APBPrescTable
    stm32f1xx_ll_rcc.o(i.RCC_GetSystemClockFreq) refers to stm32f1xx_ll_rcc.o(i.RCC_PLL_GetFreqDomain_SYS) for RCC_PLL_GetFreqDomain_SYS
    stm32f1xx_ll_utils.o(i.LL_PLL_ConfigSystemClock_HSE) refers to stm32f1xx_ll_utils.o(i.UTILS_PLL_IsBusy) for UTILS_PLL_IsBusy
    stm32f1xx_ll_utils.o(i.LL_PLL_ConfigSystemClock_HSE) refers to stm32f1xx_ll_utils.o(i.UTILS_GetPLLOutputFrequency) for UTILS_GetPLLOutputFrequency
    stm32f1xx_ll_utils.o(i.LL_PLL_ConfigSystemClock_HSE) refers to stm32f1xx_ll_utils.o(i.LL_RCC_PLL_ConfigDomain_SYS) for LL_RCC_PLL_ConfigDomain_SYS
    stm32f1xx_ll_utils.o(i.LL_PLL_ConfigSystemClock_HSE) refers to stm32f1xx_ll_utils.o(i.UTILS_EnablePLLAndSwitchSystem) for UTILS_EnablePLLAndSwitchSystem
    stm32f1xx_ll_utils.o(i.LL_PLL_ConfigSystemClock_HSI) refers to stm32f1xx_ll_utils.o(i.UTILS_PLL_IsBusy) for UTILS_PLL_IsBusy
    stm32f1xx_ll_utils.o(i.LL_PLL_ConfigSystemClock_HSI) refers to stm32f1xx_ll_utils.o(i.UTILS_GetPLLOutputFrequency) for UTILS_GetPLLOutputFrequency
    stm32f1xx_ll_utils.o(i.LL_PLL_ConfigSystemClock_HSI) refers to stm32f1xx_ll_utils.o(i.LL_RCC_PLL_ConfigDomain_SYS) for LL_RCC_PLL_ConfigDomain_SYS
    stm32f1xx_ll_utils.o(i.LL_PLL_ConfigSystemClock_HSI) refers to stm32f1xx_ll_utils.o(i.UTILS_EnablePLLAndSwitchSystem) for UTILS_EnablePLLAndSwitchSystem
    stm32f1xx_ll_utils.o(i.LL_SetSystemCoreClock) refers to system_stm32f1xx.o(.data) for SystemCoreClock
    stm32f1xx_ll_utils.o(i.UTILS_EnablePLLAndSwitchSystem) refers to stm32f1xx_ll_utils.o(i.LL_SetFlashLatency) for LL_SetFlashLatency
    stm32f1xx_ll_utils.o(i.UTILS_EnablePLLAndSwitchSystem) refers to system_stm32f1xx.o(.constdata) for AHBPrescTable
    stm32f1xx_ll_utils.o(i.UTILS_EnablePLLAndSwitchSystem) refers to system_stm32f1xx.o(.data) for SystemCoreClock
    stm32f1xx_hal_gpio.o(i.HAL_GPIO_EXTI_IRQHandler) refers to stm32f1xx_hal_gpio.o(i.HAL_GPIO_EXTI_Callback) for HAL_GPIO_EXTI_Callback
    system_stm32f1xx.o(i.SystemCoreClockUpdate) refers to system_stm32f1xx.o(.data) for .data
    system_stm32f1xx.o(i.SystemCoreClockUpdate) refers to system_stm32f1xx.o(.constdata) for .constdata
    eventrecorder.o(i.EventCheckFilter) refers to eventrecorder.o(.bss.noinit) for .bss.noinit
    eventrecorder.o(i.EventGetTS) refers to eventrecorder.o(i.EventRecorderTimerGetCount) for EventRecorderTimerGetCount
    eventrecorder.o(i.EventGetTS) refers to eventrecorder.o(.emb_text) for __asm___15_EventRecorder_c_e8d3082c__atomic_xch32
    eventrecorder.o(i.EventGetTS) refers to eventrecorder.o(.bss.noinit) for .bss.noinit
    eventrecorder.o(i.EventRecord2) refers to eventrecorder.o(i.EventCheckFilter) for EventCheckFilter
    eventrecorder.o(i.EventRecord2) refers to eventrecorder.o(i.EventGetTS) for EventGetTS
    eventrecorder.o(i.EventRecord2) refers to eventrecorder.o(i.EventRecordItem) for EventRecordItem
    eventrecorder.o(i.EventRecord4) refers to eventrecorder.o(i.EventCheckFilter) for EventCheckFilter
    eventrecorder.o(i.EventRecord4) refers to eventrecorder.o(i.EventGetTS) for EventGetTS
    eventrecorder.o(i.EventRecord4) refers to eventrecorder.o(.emb_text) for __asm___15_EventRecorder_c_e8d3082c__atomic_inc8
    eventrecorder.o(i.EventRecord4) refers to eventrecorder.o(i.EventRecordItem) for EventRecordItem
    eventrecorder.o(i.EventRecord4) refers to eventrecorder.o(.bss.noinit) for .bss.noinit
    eventrecorder.o(i.EventRecordData) refers to eventrecorder.o(i.EventCheckFilter) for EventCheckFilter
    eventrecorder.o(i.EventRecordData) refers to eventrecorder.o(i.EventGetTS) for EventGetTS
    eventrecorder.o(i.EventRecordData) refers to memcpya.o(.text) for __aeabi_memcpy
    eventrecorder.o(i.EventRecordData) refers to eventrecorder.o(.emb_text) for __asm___15_EventRecorder_c_e8d3082c__atomic_inc8
    eventrecorder.o(i.EventRecordData) refers to eventrecorder.o(i.EventRecordItem) for EventRecordItem
    eventrecorder.o(i.EventRecordData) refers to eventrecorder.o(.bss.noinit) for .bss.noinit
    eventrecorder.o(i.EventRecordItem) refers to eventrecorder.o(.emb_text) for __asm___15_EventRecorder_c_e8d3082c__atomic_inc32
    eventrecorder.o(i.EventRecordItem) refers to eventrecorder.o(.bss.noinit) for .bss.noinit
    eventrecorder.o(i.EventRecorderClockUpdate) refers to eventrecorder.o(i.EventRecorderTimerGetFreq) for EventRecorderTimerGetFreq
    eventrecorder.o(i.EventRecorderClockUpdate) refers to eventrecorder.o(i.EventGetTS) for EventGetTS
    eventrecorder.o(i.EventRecorderClockUpdate) refers to eventrecorder.o(i.EventRecordItem) for EventRecordItem
    eventrecorder.o(i.EventRecorderClockUpdate) refers to eventrecorder.o(.bss.noinit) for .bss.noinit
    eventrecorder.o(i.EventRecorderDisable) refers to eventrecorder.o(.bss.noinit) for .bss.noinit
    eventrecorder.o(i.EventRecorderEnable) refers to eventrecorder.o(.bss.noinit) for .bss.noinit
    eventrecorder.o(i.EventRecorderInitialize) refers to memseta.o(.text) for __aeabi_memclr4
    eventrecorder.o(i.EventRecorderInitialize) refers to eventrecorder.o(i.EventRecorderTimerSetup) for EventRecorderTimerSetup
    eventrecorder.o(i.EventRecorderInitialize) refers to eventrecorder.o(i.EventRecorderEnable) for EventRecorderEnable
    eventrecorder.o(i.EventRecorderInitialize) refers to eventrecorder.o(i.EventGetTS) for EventGetTS
    eventrecorder.o(i.EventRecorderInitialize) refers to eventrecorder.o(i.EventRecordItem) for EventRecordItem
    eventrecorder.o(i.EventRecorderInitialize) refers to eventrecorder.o(i.EventRecorderStart) for EventRecorderStart
    eventrecorder.o(i.EventRecorderInitialize) refers to eventrecorder.o(i.EventRecorderTimerGetFreq) for EventRecorderTimerGetFreq
    eventrecorder.o(i.EventRecorderInitialize) refers to eventrecorder.o(.bss.noinit) for .bss.noinit
    eventrecorder.o(i.EventRecorderInitialize) refers to eventrecorder.o(.constdata) for .constdata
    eventrecorder.o(i.EventRecorderStart) refers to eventrecorder.o(i.EventGetTS) for EventGetTS
    eventrecorder.o(i.EventRecorderStart) refers to eventrecorder.o(i.EventRecordItem) for EventRecordItem
    eventrecorder.o(i.EventRecorderStart) refers to eventrecorder.o(.bss.noinit) for .bss.noinit
    eventrecorder.o(i.EventRecorderStop) refers to eventrecorder.o(i.EventGetTS) for EventGetTS
    eventrecorder.o(i.EventRecorderStop) refers to eventrecorder.o(i.EventRecordItem) for EventRecordItem
    eventrecorder.o(i.EventRecorderStop) refers to eventrecorder.o(.bss.noinit) for .bss.noinit
    eventrecorder.o(i.EventRecorderTimerGetFreq) refers to system_stm32f1xx.o(.data) for SystemCoreClock
    eventrecorder.o(.constdata) refers to eventrecorder.o(.bss.noinit) for EventBuffer
    retarget_io.o(i.__aeabi_assert) refers to fputs.o(i.fputs) for fputs
    retarget_io.o(i.__aeabi_assert) refers to retarget_io.o(i.abort) for abort
    retarget_io.o(i.__aeabi_assert) refers to stderr.o(.data) for __stderr
    retarget_io.o(i.fputc) refers to main.o(i.stdout_putchar) for stdout_putchar
    retarget_io.o(i.fputc) refers to stdout.o(.data) for __stdout
    arm_cos_f32.o(.text.arm_cos_f32) refers to fmul.o(.text) for __aeabi_fmul
    arm_cos_f32.o(.text.arm_cos_f32) refers to fadd.o(.text) for __aeabi_fadd
    arm_cos_f32.o(.text.arm_cos_f32) refers to ffixi.o(.text) for __aeabi_f2iz
    arm_cos_f32.o(.text.arm_cos_f32) refers to fcmplt.o(.text) for __aeabi_fcmplt
    arm_cos_f32.o(.text.arm_cos_f32) refers to fflti.o(.text) for __aeabi_i2f
    arm_cos_f32.o(.text.arm_cos_f32) refers to ffltui.o(.text) for __aeabi_ui2f
    arm_cos_f32.o(.text.arm_cos_f32) refers to arm_common_tables.o(.rodata.sinTable_f32) for sinTable_f32
    arm_cos_f32.o(.ARM.exidx.text.arm_cos_f32) refers to arm_cos_f32.o(.text.arm_cos_f32) for [Anonymous Symbol]
    entry.o(.ARM.Collect$$$$00000000) refers (Special) to entry10a.o(.ARM.Collect$$$$0000000F) for __rt_final_cpp
    entry.o(.ARM.Collect$$$$00000000) refers (Special) to entry11a.o(.ARM.Collect$$$$00000011) for __rt_final_exit
    entry.o(.ARM.Collect$$$$00000000) refers (Special) to entry12b.o(.ARM.Collect$$$$0000000E) for __rt_lib_shutdown_fini
    entry.o(.ARM.Collect$$$$00000000) refers (Special) to entry7b.o(.ARM.Collect$$$$00000008) for _main_clock
    entry.o(.ARM.Collect$$$$00000000) refers (Special) to entry8b.o(.ARM.Collect$$$$0000000A) for _main_cpp_init
    entry.o(.ARM.Collect$$$$00000000) refers (Special) to entry9a.o(.ARM.Collect$$$$0000000B) for _main_init
    entry.o(.ARM.Collect$$$$00000000) refers (Special) to entry5.o(.ARM.Collect$$$$00000004) for _main_scatterload
    entry.o(.ARM.Collect$$$$00000000) refers (Special) to entry2.o(.ARM.Collect$$$$00000001) for _main_stk
    fputs.o(i.fputs) refers to retarget_io.o(i.fputc) for fputc
    fputs_e.o(.text) refers to retarget_io.o(i.fputc) for fputc
    fadd.o(.text) refers (Special) to iusefp.o(.text) for __I$use$fp
    fadd.o(.text) refers to fepilogue.o(.text) for _float_epilogue
    fmul.o(.text) refers (Special) to iusefp.o(.text) for __I$use$fp
    fdiv.o(.text) refers (Special) to iusefp.o(.text) for __I$use$fp
    fdiv.o(.text) refers to fepilogue.o(.text) for _float_round
    fscalb.o(.text) refers (Special) to iusefp.o(.text) for __I$use$fp
    dadd.o(.text) refers (Special) to iusefp.o(.text) for __I$use$fp
    dadd.o(.text) refers to llshl.o(.text) for __aeabi_llsl
    dadd.o(.text) refers to llsshr.o(.text) for __aeabi_lasr
    dadd.o(.text) refers to depilogue.o(.text) for _double_epilogue
    dmul.o(.text) refers (Special) to iusefp.o(.text) for __I$use$fp
    dmul.o(.text) refers to depilogue.o(.text) for _double_epilogue
    fcmplt.o(.text) refers (Special) to iusefp.o(.text) for __I$use$fp
    fflti.o(.text) refers (Special) to iusefp.o(.text) for __I$use$fp
    fflti.o(.text) refers to fepilogue.o(.text) for _float_epilogue
    ffltui.o(.text) refers (Special) to iusefp.o(.text) for __I$use$fp
    ffltui.o(.text) refers to fepilogue.o(.text) for _float_epilogue
    dfltui.o(.text) refers (Special) to iusefp.o(.text) for __I$use$fp
    dfltui.o(.text) refers to depilogue.o(.text) for _double_epilogue
    ffixi.o(.text) refers (Special) to iusefp.o(.text) for __I$use$fp
    ffixui.o(.text) refers (Special) to iusefp.o(.text) for __I$use$fp
    f2d.o(.text) refers (Special) to iusefp.o(.text) for __I$use$fp
    d2f.o(.text) refers (Special) to iusefp.o(.text) for __I$use$fp
    d2f.o(.text) refers to fepilogue.o(.text) for _float_round
    cfcmple.o(.text) refers (Special) to iusefp.o(.text) for __I$use$fp
    cfrcmple.o(.text) refers (Special) to iusefp.o(.text) for __I$use$fp
    entry2.o(.ARM.Collect$$$$00000001) refers to entry2.o(.ARM.Collect$$$$00002712) for __lit__00000000
    entry2.o(.ARM.Collect$$$$00002712) refers to startup_stm32f103xb.o(STACK) for __initial_sp
    entry2.o(__vectab_stack_and_reset_area) refers to startup_stm32f103xb.o(STACK) for __initial_sp
    entry2.o(__vectab_stack_and_reset_area) refers to entry.o(.ARM.Collect$$$$00000000) for __main
    entry5.o(.ARM.Collect$$$$00000004) refers to init.o(.text) for __scatterload
    entry9a.o(.ARM.Collect$$$$0000000B) refers to main.o(i.main) for main
    entry9b.o(.ARM.Collect$$$$0000000C) refers to main.o(i.main) for main
    depilogue.o(.text) refers to llshl.o(.text) for __aeabi_llsl
    depilogue.o(.text) refers to llushr.o(.text) for __aeabi_llsr
    init.o(.text) refers to entry5.o(.ARM.Collect$$$$00000004) for __main_after_scatterload


==============================================================================

Removing Unused input sections from the image.

    Removing startup_stm32f103xb.o(HEAP), (512 bytes).
    Removing main.o(.rev16_text), (4 bytes).
    Removing main.o(.revsh_text), (4 bytes).
    Removing main.o(.rrx_text), (6 bytes).
    Removing main.o(i.stdout_putchar), (2 bytes).
    Removing main.o(.data), (4 bytes).
    Removing main.o(.data), (4 bytes).
    Removing main.o(.data), (4 bytes).
    Removing main.o(.data), (4 bytes).
    Removing stm32f1xx_it.o(.rev16_text), (4 bytes).
    Removing stm32f1xx_it.o(.revsh_text), (4 bytes).
    Removing stm32f1xx_it.o(.rrx_text), (6 bytes).
    Removing myinit.o(.rev16_text), (4 bytes).
    Removing myinit.o(.revsh_text), (4 bytes).
    Removing myinit.o(.rrx_text), (6 bytes).
    Removing myinit.o(i.Error_Handler), (2 bytes).
    Removing myinit.o(i.SYSTICK_Init), (2 bytes).
    Removing utility.o(.rev16_text), (4 bytes).
    Removing utility.o(.revsh_text), (4 bytes).
    Removing utility.o(.rrx_text), (6 bytes).
    Removing moto.o(.rev16_text), (4 bytes).
    Removing moto.o(.revsh_text), (4 bytes).
    Removing moto.o(.rrx_text), (6 bytes).
    Removing moto.o(i.FOC_InitPosition), (16 bytes).
    Removing moto.o(i.sinus_control), (304 bytes).
    Removing moto.o(.data), (4 bytes).
    Removing moto.o(.data), (4 bytes).
    Removing moto.o(.data), (4 bytes).
    Removing mylib.o(.rev16_text), (4 bytes).
    Removing mylib.o(.revsh_text), (4 bytes).
    Removing mylib.o(.rrx_text), (6 bytes).
    Removing mylib.o(i.Delay_ms), (36 bytes).
    Removing mylib.o(i.Delay_us), (24 bytes).
    Removing mylib.o(i.moving_average), (204 bytes).
    Removing mylib.o(.data), (4 bytes).
    Removing hall_speed_pos_fdbk.o(.rev16_text), (4 bytes).
    Removing hall_speed_pos_fdbk.o(.revsh_text), (4 bytes).
    Removing hall_speed_pos_fdbk.o(.rrx_text), (6 bytes).
    Removing hall_speed_pos_fdbk.o(i.HALL_Clear), (82 bytes).
    Removing hall_speed_pos_fdbk.o(i.HALL_SetMecAngle), (2 bytes).
    Removing speed_pos_fdbk.o(.rev16_text), (4 bytes).
    Removing speed_pos_fdbk.o(.revsh_text), (4 bytes).
    Removing speed_pos_fdbk.o(.rrx_text), (6 bytes).
    Removing speed_pos_fdbk.o(i.SPD_Check), (16 bytes).
    Removing speed_pos_fdbk.o(i.SPD_GetAvrgMecSpeedUnit), (6 bytes).
    Removing speed_pos_fdbk.o(i.SPD_GetElAngle), (6 bytes).
    Removing speed_pos_fdbk.o(i.SPD_GetElSpeedDpp), (6 bytes).
    Removing speed_pos_fdbk.o(i.SPD_GetElToMecRatio), (4 bytes).
    Removing speed_pos_fdbk.o(i.SPD_GetInstElSpeedDpp), (6 bytes).
    Removing speed_pos_fdbk.o(i.SPD_GetMecAngle), (4 bytes).
    Removing speed_pos_fdbk.o(i.SPD_GetS16Speed), (20 bytes).
    Removing speed_pos_fdbk.o(i.SPD_SetElToMecRatio), (4 bytes).
    Removing stm32f1xx_ll_gpio.o(.rev16_text), (4 bytes).
    Removing stm32f1xx_ll_gpio.o(.revsh_text), (4 bytes).
    Removing stm32f1xx_ll_gpio.o(.rrx_text), (6 bytes).
    Removing stm32f1xx_ll_gpio.o(i.LL_APB2_GRP1_ForceReset), (16 bytes).
    Removing stm32f1xx_ll_gpio.o(i.LL_APB2_GRP1_ReleaseReset), (16 bytes).
    Removing stm32f1xx_ll_gpio.o(i.LL_GPIO_DeInit), (116 bytes).
    Removing stm32f1xx_ll_gpio.o(i.LL_GPIO_StructInit), (22 bytes).
    Removing stm32f1xx_ll_pwr.o(.rev16_text), (4 bytes).
    Removing stm32f1xx_ll_pwr.o(.revsh_text), (4 bytes).
    Removing stm32f1xx_ll_pwr.o(.rrx_text), (6 bytes).
    Removing stm32f1xx_ll_pwr.o(i.LL_PWR_DeInit), (28 bytes).
    Removing stm32f1xx_ll_exti.o(.rev16_text), (4 bytes).
    Removing stm32f1xx_ll_exti.o(.revsh_text), (4 bytes).
    Removing stm32f1xx_ll_exti.o(.rrx_text), (6 bytes).
    Removing stm32f1xx_ll_exti.o(i.LL_EXTI_DeInit), (40 bytes).
    Removing stm32f1xx_ll_exti.o(i.LL_EXTI_Init), (160 bytes).
    Removing stm32f1xx_ll_exti.o(i.LL_EXTI_StructInit), (14 bytes).
    Removing stm32f1xx_ll_tim.o(.rev16_text), (4 bytes).
    Removing stm32f1xx_ll_tim.o(.revsh_text), (4 bytes).
    Removing stm32f1xx_ll_tim.o(.rrx_text), (6 bytes).
    Removing stm32f1xx_ll_tim.o(i.LL_TIM_BDTR_StructInit), (18 bytes).
    Removing stm32f1xx_ll_tim.o(i.LL_TIM_DeInit), (120 bytes).
    Removing stm32f1xx_ll_tim.o(i.LL_TIM_ENCODER_Init), (96 bytes).
    Removing stm32f1xx_ll_tim.o(i.LL_TIM_ENCODER_StructInit), (28 bytes).
    Removing stm32f1xx_ll_tim.o(i.LL_TIM_HALLSENSOR_Init), (86 bytes).
    Removing stm32f1xx_ll_tim.o(i.LL_TIM_HALLSENSOR_StructInit), (12 bytes).
    Removing stm32f1xx_ll_tim.o(i.LL_TIM_IC_Init), (224 bytes).
    Removing stm32f1xx_ll_tim.o(i.LL_TIM_IC_StructInit), (16 bytes).
    Removing stm32f1xx_ll_tim.o(i.LL_TIM_OC_StructInit), (20 bytes).
    Removing stm32f1xx_ll_tim.o(i.LL_TIM_StructInit), (16 bytes).
    Removing stm32f1xx_ll_dma.o(.rev16_text), (4 bytes).
    Removing stm32f1xx_ll_dma.o(.revsh_text), (4 bytes).
    Removing stm32f1xx_ll_dma.o(.rrx_text), (6 bytes).
    Removing stm32f1xx_ll_dma.o(i.LL_DMA_DeInit), (184 bytes).
    Removing stm32f1xx_ll_dma.o(i.LL_DMA_Init), (92 bytes).
    Removing stm32f1xx_ll_dma.o(i.LL_DMA_StructInit), (24 bytes).
    Removing stm32f1xx_ll_dma.o(.constdata), (7 bytes).
    Removing stm32f1xx_ll_rcc.o(.rev16_text), (4 bytes).
    Removing stm32f1xx_ll_rcc.o(.revsh_text), (4 bytes).
    Removing stm32f1xx_ll_rcc.o(.rrx_text), (6 bytes).
    Removing stm32f1xx_ll_rcc.o(i.LL_RCC_DeInit), (96 bytes).
    Removing stm32f1xx_ll_rcc.o(i.LL_RCC_GetADCClockFreq), (48 bytes).
    Removing stm32f1xx_ll_rcc.o(i.LL_RCC_GetSystemClocksFreq), (32 bytes).
    Removing stm32f1xx_ll_rcc.o(i.LL_RCC_GetUSBClockFreq), (56 bytes).
    Removing stm32f1xx_ll_rcc.o(i.RCC_GetHCLKClockFreq), (28 bytes).
    Removing stm32f1xx_ll_rcc.o(i.RCC_GetPCLK1ClockFreq), (28 bytes).
    Removing stm32f1xx_ll_rcc.o(i.RCC_GetPCLK2ClockFreq), (28 bytes).
    Removing stm32f1xx_ll_rcc.o(i.RCC_GetSystemClockFreq), (36 bytes).
    Removing stm32f1xx_ll_rcc.o(i.RCC_PLL_GetFreqDomain_SYS), (56 bytes).
    Removing stm32f1xx_ll_utils.o(.rev16_text), (4 bytes).
    Removing stm32f1xx_ll_utils.o(.revsh_text), (4 bytes).
    Removing stm32f1xx_ll_utils.o(.rrx_text), (6 bytes).
    Removing stm32f1xx_ll_utils.o(i.LL_PLL_ConfigSystemClock_HSE), (108 bytes).
    Removing stm32f1xx_ll_utils.o(i.LL_PLL_ConfigSystemClock_HSI), (88 bytes).
    Removing stm32f1xx_ll_utils.o(i.LL_RCC_PLL_ConfigDomain_SYS), (24 bytes).
    Removing stm32f1xx_ll_utils.o(i.LL_SetFlashLatency), (76 bytes).
    Removing stm32f1xx_ll_utils.o(i.LL_mDelay), (30 bytes).
    Removing stm32f1xx_ll_utils.o(i.UTILS_EnablePLLAndSwitchSystem), (172 bytes).
    Removing stm32f1xx_ll_utils.o(i.UTILS_GetPLLOutputFrequency), (24 bytes).
    Removing stm32f1xx_ll_utils.o(i.UTILS_PLL_IsBusy), (24 bytes).
    Removing stm32f1xx_hal_gpio.o(.rev16_text), (4 bytes).
    Removing stm32f1xx_hal_gpio.o(.revsh_text), (4 bytes).
    Removing stm32f1xx_hal_gpio.o(.rrx_text), (6 bytes).
    Removing stm32f1xx_hal_gpio.o(i.HAL_GPIO_DeInit), (224 bytes).
    Removing stm32f1xx_hal_gpio.o(i.HAL_GPIO_EXTI_Callback), (2 bytes).
    Removing stm32f1xx_hal_gpio.o(i.HAL_GPIO_EXTI_IRQHandler), (24 bytes).
    Removing stm32f1xx_hal_gpio.o(i.HAL_GPIO_Init), (460 bytes).
    Removing stm32f1xx_hal_gpio.o(i.HAL_GPIO_LockPin), (34 bytes).
    Removing stm32f1xx_hal_gpio.o(i.HAL_GPIO_ReadPin), (10 bytes).
    Removing stm32f1xx_hal_gpio.o(i.HAL_GPIO_TogglePin), (16 bytes).
    Removing stm32f1xx_hal_gpio.o(i.HAL_GPIO_WritePin), (10 bytes).
    Removing stm32f1xx_hal_gpio_ex.o(.rev16_text), (4 bytes).
    Removing stm32f1xx_hal_gpio_ex.o(.revsh_text), (4 bytes).
    Removing stm32f1xx_hal_gpio_ex.o(.rrx_text), (6 bytes).
    Removing stm32f1xx_hal_gpio_ex.o(i.HAL_GPIOEx_ConfigEventout), (20 bytes).
    Removing stm32f1xx_hal_gpio_ex.o(i.HAL_GPIOEx_DisableEventout), (16 bytes).
    Removing stm32f1xx_hal_gpio_ex.o(i.HAL_GPIOEx_EnableEventout), (16 bytes).
    Removing system_stm32f1xx.o(.rev16_text), (4 bytes).
    Removing system_stm32f1xx.o(.revsh_text), (4 bytes).
    Removing system_stm32f1xx.o(.rrx_text), (6 bytes).
    Removing system_stm32f1xx.o(i.SystemCoreClockUpdate), (104 bytes).
    Removing system_stm32f1xx.o(.constdata), (16 bytes).
    Removing system_stm32f1xx.o(.constdata), (8 bytes).
    Removing eventrecorder.o(.rev16_text), (4 bytes).
    Removing eventrecorder.o(.revsh_text), (4 bytes).
    Removing eventrecorder.o(.rrx_text), (6 bytes).
    Removing eventrecorder.o(i.EventRecord4), (112 bytes).
    Removing eventrecorder.o(i.EventRecordData), (248 bytes).
    Removing eventrecorder.o(i.EventRecorderClockUpdate), (40 bytes).
    Removing eventrecorder.o(i.EventRecorderDisable), (92 bytes).
    Removing eventrecorder.o(i.EventRecorderStop), (40 bytes).
    Removing retarget_io.o(i.__aeabi_assert), (144 bytes).
    Removing retarget_io.o(i.__backspace), (6 bytes).
    Removing retarget_io.o(i.abort), (2 bytes).
    Removing retarget_io.o(i.fgetc), (6 bytes).
    Removing retarget_io.o(i.fputc), (20 bytes).
    Removing arm_cos_f32.o(.text), (0 bytes).
    Removing arm_cos_f32.o(.ARM.exidx.text.arm_cos_f32), (8 bytes).
    Removing arm_common_tables.o(.text), (0 bytes).
    Removing arm_common_tables.o(.rodata.armBitRevTable), (2048 bytes).
    Removing arm_common_tables.o(.rodata.twiddleCoefF64_16), (256 bytes).
    Removing arm_common_tables.o(.rodata.twiddleCoefF64_32), (512 bytes).
    Removing arm_common_tables.o(.rodata.twiddleCoefF64_64), (1024 bytes).
    Removing arm_common_tables.o(.rodata.twiddleCoefF64_128), (2048 bytes).
    Removing arm_common_tables.o(.rodata.twiddleCoefF64_256), (4096 bytes).
    Removing arm_common_tables.o(.rodata.twiddleCoefF64_512), (8192 bytes).
    Removing arm_common_tables.o(.rodata.twiddleCoefF64_1024), (16384 bytes).
    Removing arm_common_tables.o(.rodata.twiddleCoefF64_2048), (32768 bytes).
    Removing arm_common_tables.o(.rodata.twiddleCoefF64_4096), (65536 bytes).
    Removing arm_common_tables.o(.rodata.twiddleCoef_16), (128 bytes).
    Removing arm_common_tables.o(.rodata.twiddleCoef_32), (256 bytes).
    Removing arm_common_tables.o(.rodata.twiddleCoef_64), (512 bytes).
    Removing arm_common_tables.o(.rodata.twiddleCoef_128), (1024 bytes).
    Removing arm_common_tables.o(.rodata.twiddleCoef_256), (2048 bytes).
    Removing arm_common_tables.o(.rodata.twiddleCoef_512), (4096 bytes).
    Removing arm_common_tables.o(.rodata.twiddleCoef_1024), (8192 bytes).
    Removing arm_common_tables.o(.rodata.twiddleCoef_2048), (16384 bytes).
    Removing arm_common_tables.o(.rodata.twiddleCoef_4096), (32768 bytes).
    Removing arm_common_tables.o(.rodata.twiddleCoef_16_q31), (96 bytes).
    Removing arm_common_tables.o(.rodata.twiddleCoef_32_q31), (192 bytes).
    Removing arm_common_tables.o(.rodata.twiddleCoef_64_q31), (384 bytes).
    Removing arm_common_tables.o(.rodata.twiddleCoef_128_q31), (768 bytes).
    Removing arm_common_tables.o(.rodata.twiddleCoef_256_q31), (1536 bytes).
    Removing arm_common_tables.o(.rodata.twiddleCoef_512_q31), (3072 bytes).
    Removing arm_common_tables.o(.rodata.twiddleCoef_1024_q31), (6144 bytes).
    Removing arm_common_tables.o(.rodata.twiddleCoef_2048_q31), (12288 bytes).
    Removing arm_common_tables.o(.rodata.twiddleCoef_4096_q31), (24576 bytes).
    Removing arm_common_tables.o(.rodata.twiddleCoef_16_q15), (48 bytes).
    Removing arm_common_tables.o(.rodata.twiddleCoef_32_q15), (96 bytes).
    Removing arm_common_tables.o(.rodata.twiddleCoef_64_q15), (192 bytes).
    Removing arm_common_tables.o(.rodata.twiddleCoef_128_q15), (384 bytes).
    Removing arm_common_tables.o(.rodata.twiddleCoef_256_q15), (768 bytes).
    Removing arm_common_tables.o(.rodata.twiddleCoef_512_q15), (1536 bytes).
    Removing arm_common_tables.o(.rodata.twiddleCoef_1024_q15), (3072 bytes).
    Removing arm_common_tables.o(.rodata.twiddleCoef_2048_q15), (6144 bytes).
    Removing arm_common_tables.o(.rodata.twiddleCoef_4096_q15), (12288 bytes).
    Removing arm_common_tables.o(.rodata.armBitRevIndexTableF64_16), (24 bytes).
    Removing arm_common_tables.o(.rodata.armBitRevIndexTableF64_32), (48 bytes).
    Removing arm_common_tables.o(.rodata.armBitRevIndexTableF64_64), (112 bytes).
    Removing arm_common_tables.o(.rodata.armBitRevIndexTableF64_128), (224 bytes).
    Removing arm_common_tables.o(.rodata.armBitRevIndexTableF64_256), (480 bytes).
    Removing arm_common_tables.o(.rodata.armBitRevIndexTableF64_512), (960 bytes).
    Removing arm_common_tables.o(.rodata.armBitRevIndexTableF64_1024), (1984 bytes).
    Removing arm_common_tables.o(.rodata.armBitRevIndexTableF64_2048), (3968 bytes).
    Removing arm_common_tables.o(.rodata.armBitRevIndexTableF64_4096), (8064 bytes).
    Removing arm_common_tables.o(.rodata.armBitRevIndexTable16), (40 bytes).
    Removing arm_common_tables.o(.rodata.armBitRevIndexTable32), (96 bytes).
    Removing arm_common_tables.o(.rodata.armBitRevIndexTable64), (112 bytes).
    Removing arm_common_tables.o(.rodata.armBitRevIndexTable128), (416 bytes).
    Removing arm_common_tables.o(.rodata.armBitRevIndexTable256), (880 bytes).
    Removing arm_common_tables.o(.rodata.armBitRevIndexTable512), (896 bytes).
    Removing arm_common_tables.o(.rodata.armBitRevIndexTable1024), (3600 bytes).
    Removing arm_common_tables.o(.rodata.armBitRevIndexTable2048), (7616 bytes).
    Removing arm_common_tables.o(.rodata.armBitRevIndexTable4096), (8064 bytes).
    Removing arm_common_tables.o(.rodata.armBitRevIndexTable_fixed_16), (24 bytes).
    Removing arm_common_tables.o(.rodata.armBitRevIndexTable_fixed_32), (48 bytes).
    Removing arm_common_tables.o(.rodata.armBitRevIndexTable_fixed_64), (112 bytes).
    Removing arm_common_tables.o(.rodata.armBitRevIndexTable_fixed_128), (224 bytes).
    Removing arm_common_tables.o(.rodata.armBitRevIndexTable_fixed_256), (480 bytes).
    Removing arm_common_tables.o(.rodata.armBitRevIndexTable_fixed_512), (960 bytes).
    Removing arm_common_tables.o(.rodata.armBitRevIndexTable_fixed_1024), (1984 bytes).
    Removing arm_common_tables.o(.rodata.armBitRevIndexTable_fixed_2048), (3968 bytes).
    Removing arm_common_tables.o(.rodata.armBitRevIndexTable_fixed_4096), (8064 bytes).
    Removing arm_common_tables.o(.rodata.twiddleCoefF64_rfft_32), (256 bytes).
    Removing arm_common_tables.o(.rodata.twiddleCoefF64_rfft_64), (512 bytes).
    Removing arm_common_tables.o(.rodata.twiddleCoefF64_rfft_128), (1024 bytes).
    Removing arm_common_tables.o(.rodata.twiddleCoefF64_rfft_256), (2048 bytes).
    Removing arm_common_tables.o(.rodata.twiddleCoefF64_rfft_512), (4096 bytes).
    Removing arm_common_tables.o(.rodata.twiddleCoefF64_rfft_1024), (8192 bytes).
    Removing arm_common_tables.o(.rodata.twiddleCoefF64_rfft_2048), (16384 bytes).
    Removing arm_common_tables.o(.rodata.twiddleCoefF64_rfft_4096), (32768 bytes).
    Removing arm_common_tables.o(.rodata.twiddleCoef_rfft_32), (128 bytes).
    Removing arm_common_tables.o(.rodata.twiddleCoef_rfft_64), (256 bytes).
    Removing arm_common_tables.o(.rodata.twiddleCoef_rfft_128), (512 bytes).
    Removing arm_common_tables.o(.rodata.twiddleCoef_rfft_256), (1024 bytes).
    Removing arm_common_tables.o(.rodata.twiddleCoef_rfft_512), (2048 bytes).
    Removing arm_common_tables.o(.rodata.twiddleCoef_rfft_1024), (4096 bytes).
    Removing arm_common_tables.o(.rodata.twiddleCoef_rfft_2048), (8192 bytes).
    Removing arm_common_tables.o(.rodata.twiddleCoef_rfft_4096), (16384 bytes).
    Removing arm_common_tables.o(.rodata.realCoefA), (32768 bytes).
    Removing arm_common_tables.o(.rodata.realCoefB), (32768 bytes).
    Removing arm_common_tables.o(.rodata.realCoefAQ31), (32768 bytes).
    Removing arm_common_tables.o(.rodata.realCoefBQ31), (32768 bytes).
    Removing arm_common_tables.o(.rodata.realCoefAQ15), (16384 bytes).
    Removing arm_common_tables.o(.rodata.realCoefBQ15), (16384 bytes).
    Removing arm_common_tables.o(.rodata.Weights_128), (1024 bytes).
    Removing arm_common_tables.o(.rodata.cos_factors_128), (512 bytes).
    Removing arm_common_tables.o(.rodata.Weights_512), (4096 bytes).
    Removing arm_common_tables.o(.rodata.cos_factors_512), (2048 bytes).
    Removing arm_common_tables.o(.rodata.Weights_2048), (16384 bytes).
    Removing arm_common_tables.o(.rodata.cos_factors_2048), (8192 bytes).
    Removing arm_common_tables.o(.rodata.Weights_8192), (65536 bytes).
    Removing arm_common_tables.o(.rodata.cos_factors_8192), (32768 bytes).
    Removing arm_common_tables.o(.rodata.WeightsQ15_128), (512 bytes).
    Removing arm_common_tables.o(.rodata.cos_factorsQ15_128), (256 bytes).
    Removing arm_common_tables.o(.rodata.WeightsQ15_512), (2048 bytes).
    Removing arm_common_tables.o(.rodata.cos_factorsQ15_512), (1024 bytes).
    Removing arm_common_tables.o(.rodata.WeightsQ15_2048), (8192 bytes).
    Removing arm_common_tables.o(.rodata.cos_factorsQ15_2048), (4096 bytes).
    Removing arm_common_tables.o(.rodata.WeightsQ15_8192), (32768 bytes).
    Removing arm_common_tables.o(.rodata.cos_factorsQ15_8192), (16384 bytes).
    Removing arm_common_tables.o(.rodata.WeightsQ31_128), (1024 bytes).
    Removing arm_common_tables.o(.rodata.cos_factorsQ31_128), (512 bytes).
    Removing arm_common_tables.o(.rodata.WeightsQ31_512), (4096 bytes).
    Removing arm_common_tables.o(.rodata.cos_factorsQ31_512), (2048 bytes).
    Removing arm_common_tables.o(.rodata.WeightsQ31_2048), (16384 bytes).
    Removing arm_common_tables.o(.rodata.cos_factorsQ31_2048), (8192 bytes).
    Removing arm_common_tables.o(.rodata.WeightsQ31_8192), (65536 bytes).
    Removing arm_common_tables.o(.rodata.cos_factorsQ31_8192), (32768 bytes).
    Removing arm_common_tables.o(.rodata.armRecipTableQ15), (128 bytes).
    Removing arm_common_tables.o(.rodata.armRecipTableQ31), (256 bytes).
    Removing arm_common_tables.o(.rodata.sinTable_q31), (2052 bytes).
    Removing arm_common_tables.o(.rodata.sinTable_q15), (1026 bytes).
    Removing cfcmple.o(.text), (20 bytes).

266 unused section(s) (total 922489 bytes) removed from the image.

==============================================================================

Image Symbol Table

    Local Symbols

    Symbol Name                              Value     Ov Type        Size  Object(Section)

    ../Core/Src/main.c                       0x00000000   Number         0  main.o ABSOLUTE
    ../Core/Src/stm32f1xx_it.c               0x00000000   Number         0  stm32f1xx_it.o ABSOLUTE
    ../Core/Src/system_stm32f1xx.c           0x00000000   Number         0  system_stm32f1xx.o ABSOLUTE
    ../Drivers/STM32F1xx_HAL_Driver/Src/stm32f1xx_ll_dma.c 0x00000000   Number         0  stm32f1xx_ll_dma.o ABSOLUTE
    ../Drivers/STM32F1xx_HAL_Driver/Src/stm32f1xx_ll_exti.c 0x00000000   Number         0  stm32f1xx_ll_exti.o ABSOLUTE
    ../Drivers/STM32F1xx_HAL_Driver/Src/stm32f1xx_ll_gpio.c 0x00000000   Number         0  stm32f1xx_ll_gpio.o ABSOLUTE
    ../Drivers/STM32F1xx_HAL_Driver/Src/stm32f1xx_ll_pwr.c 0x00000000   Number         0  stm32f1xx_ll_pwr.o ABSOLUTE
    ../Drivers/STM32F1xx_HAL_Driver/Src/stm32f1xx_ll_rcc.c 0x00000000   Number         0  stm32f1xx_ll_rcc.o ABSOLUTE
    ../Drivers/STM32F1xx_HAL_Driver/Src/stm32f1xx_ll_tim.c 0x00000000   Number         0  stm32f1xx_ll_tim.o ABSOLUTE
    ../Drivers/STM32F1xx_HAL_Driver/Src/stm32f1xx_ll_utils.c 0x00000000   Number         0  stm32f1xx_ll_utils.o ABSOLUTE
    ../clib/../cmprslib/zerorunl2.c          0x00000000   Number         0  __dczerorl2.o ABSOLUTE
    ../clib/microlib/init/entry.s            0x00000000   Number         0  entry9b.o ABSOLUTE
    ../clib/microlib/init/entry.s            0x00000000   Number         0  entry10a.o ABSOLUTE
    ../clib/microlib/init/entry.s            0x00000000   Number         0  entry10b.o ABSOLUTE
    ../clib/microlib/init/entry.s            0x00000000   Number         0  entry12b.o ABSOLUTE
    ../clib/microlib/init/entry.s            0x00000000   Number         0  entry12a.o ABSOLUTE
    ../clib/microlib/init/entry.s            0x00000000   Number         0  entry11b.o ABSOLUTE
    ../clib/microlib/init/entry.s            0x00000000   Number         0  entry.o ABSOLUTE
    ../clib/microlib/init/entry.s            0x00000000   Number         0  entry2.o ABSOLUTE
    ../clib/microlib/init/entry.s            0x00000000   Number         0  entry5.o ABSOLUTE
    ../clib/microlib/init/entry.s            0x00000000   Number         0  entry7a.o ABSOLUTE
    ../clib/microlib/init/entry.s            0x00000000   Number         0  entry7b.o ABSOLUTE
    ../clib/microlib/init/entry.s            0x00000000   Number         0  entry8a.o ABSOLUTE
    ../clib/microlib/init/entry.s            0x00000000   Number         0  entry8b.o ABSOLUTE
    ../clib/microlib/init/entry.s            0x00000000   Number         0  entry11a.o ABSOLUTE
    ../clib/microlib/init/entry.s            0x00000000   Number         0  entry9a.o ABSOLUTE
    ../clib/microlib/longlong.c              0x00000000   Number         0  llushr.o ABSOLUTE
    ../clib/microlib/longlong.c              0x00000000   Number         0  llshl.o ABSOLUTE
    ../clib/microlib/longlong.c              0x00000000   Number         0  llsshr.o ABSOLUTE
    ../clib/microlib/stdio/fputs.c           0x00000000   Number         0  fputs.o ABSOLUTE
    ../clib/microlib/stdio/fputs.c           0x00000000   Number         0  fputs_e.o ABSOLUTE
    ../clib/microlib/stdio/streams.c         0x00000000   Number         0  stderr.o ABSOLUTE
    ../clib/microlib/stdio/streams.c         0x00000000   Number         0  stdout.o ABSOLUTE
    ../clib/microlib/string/memcpy.c         0x00000000   Number         0  memcpya.o ABSOLUTE
    ../clib/microlib/string/memcpy.c         0x00000000   Number         0  memcpyb.o ABSOLUTE
    ../clib/microlib/string/memset.c         0x00000000   Number         0  memseta.o ABSOLUTE
    ../clib/microlib/stubs.s                 0x00000000   Number         0  iusefp.o ABSOLUTE
    ../fplib/microlib/d2f.c                  0x00000000   Number         0  d2f.o ABSOLUTE
    ../fplib/microlib/f2d.c                  0x00000000   Number         0  f2d.o ABSOLUTE
    ../fplib/microlib/fpadd.c                0x00000000   Number         0  fadd.o ABSOLUTE
    ../fplib/microlib/fpadd.c                0x00000000   Number         0  dadd.o ABSOLUTE
    ../fplib/microlib/fpcmp.c                0x00000000   Number         0  fcmplt.o ABSOLUTE
    ../fplib/microlib/fpdiv.c                0x00000000   Number         0  fdiv.o ABSOLUTE
    ../fplib/microlib/fpepilogue.c           0x00000000   Number         0  fepilogue.o ABSOLUTE
    ../fplib/microlib/fpepilogue.c           0x00000000   Number         0  depilogue.o ABSOLUTE
    ../fplib/microlib/fpfix.c                0x00000000   Number         0  ffixui.o ABSOLUTE
    ../fplib/microlib/fpfix.c                0x00000000   Number         0  ffixi.o ABSOLUTE
    ../fplib/microlib/fpflt.c                0x00000000   Number         0  ffltui.o ABSOLUTE
    ../fplib/microlib/fpflt.c                0x00000000   Number         0  fflti.o ABSOLUTE
    ../fplib/microlib/fpflt.c                0x00000000   Number         0  dfltui.o ABSOLUTE
    ../fplib/microlib/fpmul.c                0x00000000   Number         0  fmul.o ABSOLUTE
    ../fplib/microlib/fpmul.c                0x00000000   Number         0  dmul.o ABSOLUTE
    ../fplib/microlib/fpscalb.c              0x00000000   Number         0  fscalb.o ABSOLUTE
    ..\Core\Src\main.c                       0x00000000   Number         0  main.o ABSOLUTE
    ..\Core\Src\stm32f1xx_it.c               0x00000000   Number         0  stm32f1xx_it.o ABSOLUTE
    ..\Core\Src\system_stm32f1xx.c           0x00000000   Number         0  system_stm32f1xx.o ABSOLUTE
    ..\Drivers\STM32F1xx_HAL_Driver\Src\stm32f1xx_hal_gpio.c 0x00000000   Number         0  stm32f1xx_hal_gpio.o ABSOLUTE
    ..\Drivers\STM32F1xx_HAL_Driver\Src\stm32f1xx_hal_gpio_ex.c 0x00000000   Number         0  stm32f1xx_hal_gpio_ex.o ABSOLUTE
    ..\Drivers\STM32F1xx_HAL_Driver\Src\stm32f1xx_ll_dma.c 0x00000000   Number         0  stm32f1xx_ll_dma.o ABSOLUTE
    ..\Drivers\STM32F1xx_HAL_Driver\Src\stm32f1xx_ll_exti.c 0x00000000   Number         0  stm32f1xx_ll_exti.o ABSOLUTE
    ..\Drivers\STM32F1xx_HAL_Driver\Src\stm32f1xx_ll_gpio.c 0x00000000   Number         0  stm32f1xx_ll_gpio.o ABSOLUTE
    ..\Drivers\STM32F1xx_HAL_Driver\Src\stm32f1xx_ll_pwr.c 0x00000000   Number         0  stm32f1xx_ll_pwr.o ABSOLUTE
    ..\Drivers\STM32F1xx_HAL_Driver\Src\stm32f1xx_ll_rcc.c 0x00000000   Number         0  stm32f1xx_ll_rcc.o ABSOLUTE
    ..\Drivers\STM32F1xx_HAL_Driver\Src\stm32f1xx_ll_tim.c 0x00000000   Number         0  stm32f1xx_ll_tim.o ABSOLUTE
    ..\Drivers\STM32F1xx_HAL_Driver\Src\stm32f1xx_ll_utils.c 0x00000000   Number         0  stm32f1xx_ll_utils.o ABSOLUTE
    ..\\Drivers\\STM32F1xx_HAL_Driver\\Src\\stm32f1xx_hal_gpio.c 0x00000000   Number         0  stm32f1xx_hal_gpio.o ABSOLUTE
    ..\\Drivers\\STM32F1xx_HAL_Driver\\Src\\stm32f1xx_hal_gpio_ex.c 0x00000000   Number         0  stm32f1xx_hal_gpio_ex.o ABSOLUTE
    C:\Keil_v5\ARM\PACK\Keil\ARM_Compiler\1.6.3\Source\EventRecorder.c 0x00000000   Number         0  eventrecorder.o ABSOLUTE
    C:\Keil_v5\ARM\PACK\Keil\ARM_Compiler\1.6.3\Source\retarget_io.c 0x00000000   Number         0  retarget_io.o ABSOLUTE
    C:\\Keil_v5\\ARM\\PACK\\Keil\\ARM_Compiler\\1.6.3\\Source\\EventRecorder.c 0x00000000   Number         0  eventrecorder.o ABSOLUTE
    arm_common_tables.c                      0x00000000   Number         0  arm_common_tables.o ABSOLUTE
    arm_cos_f32.c                            0x00000000   Number         0  arm_cos_f32.o ABSOLUTE
    cfcmple.s                                0x00000000   Number         0  cfcmple.o ABSOLUTE
    cfrcmple.s                               0x00000000   Number         0  cfrcmple.o ABSOLUTE
    dc.s                                     0x00000000   Number         0  dc.o ABSOLUTE
    hall_speed_pos_fdbk.c                    0x00000000   Number         0  hall_speed_pos_fdbk.o ABSOLUTE
    hall_speed_pos_fdbk.c                    0x00000000   Number         0  hall_speed_pos_fdbk.o ABSOLUTE
    handlers.s                               0x00000000   Number         0  handlers.o ABSOLUTE
    init.s                                   0x00000000   Number         0  init.o ABSOLUTE
    moto.c                                   0x00000000   Number         0  moto.o ABSOLUTE
    moto.c                                   0x00000000   Number         0  moto.o ABSOLUTE
    myInit.c                                 0x00000000   Number         0  myinit.o ABSOLUTE
    myInit.c                                 0x00000000   Number         0  myinit.o ABSOLUTE
    mylib.c                                  0x00000000   Number         0  mylib.o ABSOLUTE
    mylib.c                                  0x00000000   Number         0  mylib.o ABSOLUTE
    speed_pos_fdbk.c                         0x00000000   Number         0  speed_pos_fdbk.o ABSOLUTE
    speed_pos_fdbk.c                         0x00000000   Number         0  speed_pos_fdbk.o ABSOLUTE
    startup_stm32f103xb.s                    0x00000000   Number         0  startup_stm32f103xb.o ABSOLUTE
    utility.c                                0x00000000   Number         0  utility.o ABSOLUTE
    utility.c                                0x00000000   Number         0  utility.o ABSOLUTE
    RESET                                    0x08000000   Section      236  startup_stm32f103xb.o(RESET)
    .ARM.Collect$$$$00000000                 0x080000ec   Section        0  entry.o(.ARM.Collect$$$$00000000)
    .ARM.Collect$$$$00000001                 0x080000ec   Section        4  entry2.o(.ARM.Collect$$$$00000001)
    .ARM.Collect$$$$00000004                 0x080000f0   Section        4  entry5.o(.ARM.Collect$$$$00000004)
    .ARM.Collect$$$$00000008                 0x080000f4   Section        0  entry7b.o(.ARM.Collect$$$$00000008)
    .ARM.Collect$$$$0000000A                 0x080000f4   Section        0  entry8b.o(.ARM.Collect$$$$0000000A)
    .ARM.Collect$$$$0000000B                 0x080000f4   Section        8  entry9a.o(.ARM.Collect$$$$0000000B)
    .ARM.Collect$$$$0000000E                 0x080000fc   Section        4  entry12b.o(.ARM.Collect$$$$0000000E)
    .ARM.Collect$$$$0000000F                 0x08000100   Section        0  entry10a.o(.ARM.Collect$$$$0000000F)
    .ARM.Collect$$$$00000011                 0x08000100   Section        0  entry11a.o(.ARM.Collect$$$$00000011)
    .ARM.Collect$$$$00002712                 0x08000100   Section        4  entry2.o(.ARM.Collect$$$$00002712)
    __lit__00000000                          0x08000100   Data           4  entry2.o(.ARM.Collect$$$$00002712)
    .emb_text                                0x08000104   Section      116  eventrecorder.o(.emb_text)
    .text                                    0x08000178   Section       36  startup_stm32f103xb.o(.text)
    .text                                    0x0800019c   Section        0  memseta.o(.text)
    .text                                    0x080001c0   Section        0  fadd.o(.text)
    .text                                    0x08000270   Section        0  fmul.o(.text)
    .text                                    0x080002d4   Section        0  fdiv.o(.text)
    .text                                    0x08000350   Section        0  fscalb.o(.text)
    .text                                    0x08000368   Section        0  dadd.o(.text)
    .text                                    0x080004b6   Section        0  dmul.o(.text)
    .text                                    0x0800059a   Section        0  fcmplt.o(.text)
    .text                                    0x080005b6   Section        0  fflti.o(.text)
    .text                                    0x080005c8   Section        0  ffltui.o(.text)
    .text                                    0x080005d2   Section        0  dfltui.o(.text)
    .text                                    0x080005ec   Section        0  ffixi.o(.text)
    .text                                    0x0800061e   Section        0  ffixui.o(.text)
    .text                                    0x08000646   Section        0  f2d.o(.text)
    .text                                    0x0800066c   Section        0  d2f.o(.text)
    .text                                    0x080006a4   Section       20  cfrcmple.o(.text)
    .text                                    0x080006b8   Section        0  llshl.o(.text)
    .text                                    0x080006d6   Section        0  llsshr.o(.text)
    .text                                    0x080006fa   Section        0  iusefp.o(.text)
    .text                                    0x080006fa   Section        0  fepilogue.o(.text)
    .text                                    0x08000768   Section        0  depilogue.o(.text)
    .text                                    0x08000824   Section       36  init.o(.text)
    .text                                    0x08000848   Section        0  llushr.o(.text)
    .text                                    0x08000868   Section        0  __dczerorl2.o(.text)
    [Anonymous Symbol]                       0x080008be   Section        0  arm_cos_f32.o(.text.arm_cos_f32)
    i.BusFault_Handler                       0x0800096a   Section        0  stm32f1xx_it.o(i.BusFault_Handler)
    i.DebugMon_Handler                       0x0800096c   Section        0  stm32f1xx_it.o(i.DebugMon_Handler)
    i.EventCheckFilter                       0x08000970   Section        0  eventrecorder.o(i.EventCheckFilter)
    EventCheckFilter                         0x08000971   Thumb Code    32  eventrecorder.o(i.EventCheckFilter)
    i.EventGetTS                             0x08000994   Section        0  eventrecorder.o(i.EventGetTS)
    EventGetTS                               0x08000995   Thumb Code    48  eventrecorder.o(i.EventGetTS)
    i.EventRecord2                           0x080009c8   Section        0  eventrecorder.o(i.EventRecord2)
    i.EventRecordItem                        0x08000a00   Section        0  eventrecorder.o(i.EventRecordItem)
    EventRecordItem                          0x08000a01   Thumb Code   162  eventrecorder.o(i.EventRecordItem)
    i.EventRecorderEnable                    0x08000aac   Section        0  eventrecorder.o(i.EventRecorderEnable)
    i.EventRecorderInitialize                0x08000b08   Section        0  eventrecorder.o(i.EventRecorderInitialize)
    i.EventRecorderStart                     0x08000c10   Section        0  eventrecorder.o(i.EventRecorderStart)
    i.EventRecorderTimerGetCount             0x08000c3c   Section        0  eventrecorder.o(i.EventRecorderTimerGetCount)
    i.EventRecorderTimerGetFreq              0x08000c48   Section        0  eventrecorder.o(i.EventRecorderTimerGetFreq)
    i.EventRecorderTimerSetup                0x08000c54   Section        0  eventrecorder.o(i.EventRecorderTimerSetup)
    i.FOC                                    0x08000c74   Section        0  moto.o(i.FOC)
    i.HALL_CalcAvrgMecSpeedUnit              0x08000e68   Section        0  hall_speed_pos_fdbk.o(i.HALL_CalcAvrgMecSpeedUnit)
    i.HALL_CalcElAngle                       0x08000ef6   Section        0  hall_speed_pos_fdbk.o(i.HALL_CalcElAngle)
    i.HALL_Init                              0x08000f30   Section        0  hall_speed_pos_fdbk.o(i.HALL_Init)
    i.HALL_Init_Electrical_Angle             0x0800104c   Section        0  hall_speed_pos_fdbk.o(i.HALL_Init_Electrical_Angle)
    HALL_Init_Electrical_Angle               0x0800104d   Thumb Code   156  hall_speed_pos_fdbk.o(i.HALL_Init_Electrical_Angle)
    i.HALL_TIMx_CC_IRQHandler                0x080010e8   Section        0  hall_speed_pos_fdbk.o(i.HALL_TIMx_CC_IRQHandler)
    i.HALL_TIMx_UP_IRQHandler                0x0800137a   Section        0  hall_speed_pos_fdbk.o(i.HALL_TIMx_UP_IRQHandler)
    i.HardFault_Handler                      0x080013fa   Section        0  stm32f1xx_it.o(i.HardFault_Handler)
    i.LL_APB1_GRP1_EnableClock               0x080013fc   Section        0  myinit.o(i.LL_APB1_GRP1_EnableClock)
    LL_APB1_GRP1_EnableClock                 0x080013fd   Thumb Code    18  myinit.o(i.LL_APB1_GRP1_EnableClock)
    i.LL_APB2_GRP1_EnableClock               0x08001414   Section        0  myinit.o(i.LL_APB2_GRP1_EnableClock)
    LL_APB2_GRP1_EnableClock                 0x08001415   Thumb Code    18  myinit.o(i.LL_APB2_GRP1_EnableClock)
    i.LL_GPIO_Init                           0x0800142c   Section        0  stm32f1xx_ll_gpio.o(i.LL_GPIO_Init)
    i.LL_GPIO_IsInputPinSet                  0x08001516   Section        0  hall_speed_pos_fdbk.o(i.LL_GPIO_IsInputPinSet)
    LL_GPIO_IsInputPinSet                    0x08001517   Thumb Code    20  hall_speed_pos_fdbk.o(i.LL_GPIO_IsInputPinSet)
    i.LL_GPIO_SetPinMode                     0x0800152a   Section        0  myinit.o(i.LL_GPIO_SetPinMode)
    LL_GPIO_SetPinMode                       0x0800152b   Thumb Code    42  myinit.o(i.LL_GPIO_SetPinMode)
    i.LL_GPIO_TogglePin                      0x08001554   Section        0  utility.o(i.LL_GPIO_TogglePin)
    LL_GPIO_TogglePin                        0x08001555   Thumb Code    20  utility.o(i.LL_GPIO_TogglePin)
    i.LL_Init1msTick                         0x08001568   Section        0  stm32f1xx_ll_utils.o(i.LL_Init1msTick)
    i.LL_SetSystemCoreClock                  0x08001584   Section        0  stm32f1xx_ll_utils.o(i.LL_SetSystemCoreClock)
    i.LL_TIM_BDTR_Init                       0x08001590   Section        0  stm32f1xx_ll_tim.o(i.LL_TIM_BDTR_Init)
    i.LL_TIM_Init                            0x080015cc   Section        0  stm32f1xx_ll_tim.o(i.LL_TIM_Init)
    i.LL_TIM_OC_DisableFast                  0x08001634   Section        0  myinit.o(i.LL_TIM_OC_DisableFast)
    LL_TIM_OC_DisableFast                    0x08001635   Thumb Code    80  myinit.o(i.LL_TIM_OC_DisableFast)
    i.LL_TIM_OC_EnablePreload                0x08001688   Section        0  myinit.o(i.LL_TIM_OC_EnablePreload)
    LL_TIM_OC_EnablePreload                  0x08001689   Thumb Code    80  myinit.o(i.LL_TIM_OC_EnablePreload)
    i.LL_TIM_OC_Init                         0x080016dc   Section        0  stm32f1xx_ll_tim.o(i.LL_TIM_OC_Init)
    i.MX_GPIO_Init                           0x08001868   Section        0  myinit.o(i.MX_GPIO_Init)
    i.MX_TIM1_Init                           0x080018c8   Section        0  myinit.o(i.MX_TIM1_Init)
    i.MX_TIM2_Init                           0x08001a40   Section        0  myinit.o(i.MX_TIM2_Init)
    i.MX_TIM4_Init                           0x08001aa0   Section        0  myinit.o(i.MX_TIM4_Init)
    i.MemManage_Handler                      0x08001bcc   Section        0  stm32f1xx_it.o(i.MemManage_Handler)
    i.NMI_Handler                            0x08001bce   Section        0  stm32f1xx_it.o(i.NMI_Handler)
    i.PendSV_Handler                         0x08001bd0   Section        0  stm32f1xx_it.o(i.PendSV_Handler)
    i.SPD_IsMecSpeedReliable                 0x08001bd2   Section        0  speed_pos_fdbk.o(i.SPD_IsMecSpeedReliable)
    i.SVC_Handler                            0x08001c30   Section        0  stm32f1xx_it.o(i.SVC_Handler)
    i.Set_ENx                                0x08001c34   Section        0  moto.o(i.Set_ENx)
    i.SysTick_Handler                        0x08001c44   Section        0  stm32f1xx_it.o(i.SysTick_Handler)
    i.SystemClock_Config                     0x08001c5c   Section        0  myinit.o(i.SystemClock_Config)
    i.SystemInit                             0x08001cf8   Section        0  system_stm32f1xx.o(i.SystemInit)
    i.TIM1_UP_IRQHandler                     0x08001cfc   Section        0  stm32f1xx_it.o(i.TIM1_UP_IRQHandler)
    i.TIM4_IRQHandler                        0x08001d0c   Section        0  stm32f1xx_it.o(i.TIM4_IRQHandler)
    i.UsageFault_Handler                     0x08001d48   Section        0  stm32f1xx_it.o(i.UsageFault_Handler)
    i.__NVIC_EnableIRQ                       0x08001d4a   Section        0  main.o(i.__NVIC_EnableIRQ)
    __NVIC_EnableIRQ                         0x08001d4b   Thumb Code    26  main.o(i.__NVIC_EnableIRQ)
    i.__scatterload_copy                     0x08001d64   Section       14  handlers.o(i.__scatterload_copy)
    i.__scatterload_null                     0x08001d72   Section        2  handlers.o(i.__scatterload_null)
    i.__scatterload_zeroinit                 0x08001d74   Section       14  handlers.o(i.__scatterload_zeroinit)
    i.combined_control_V3                    0x08001d84   Section        0  moto.o(i.combined_control_V3)
    i.control_poll                           0x08002048   Section        0  main.o(i.control_poll)
    i.led_blink                              0x080020d0   Section        0  utility.o(i.led_blink)
    i.main                                   0x08002110   Section        0  main.o(i.main)
    i.sinus_control_V2                       0x080021e8   Section        0  moto.o(i.sinus_control_V2)
    .constdata                               0x08002448   Section       28  myinit.o(.constdata)
    OFFSET_TAB_CCMRx                         0x08002448   Data           7  myinit.o(.constdata)
    SHIFT_TAB_OCxx                           0x0800244f   Data           7  myinit.o(.constdata)
    SHIFT_TAB_ICxx                           0x08002456   Data           7  myinit.o(.constdata)
    SHIFT_TAB_CCxP                           0x0800245d   Data           7  myinit.o(.constdata)
    .constdata                               0x08002464   Section       14  hall_speed_pos_fdbk.o(.constdata)
    OFFSET_TAB_CCMRx                         0x08002464   Data           7  hall_speed_pos_fdbk.o(.constdata)
    SHIFT_TAB_ICxx                           0x0800246b   Data           7  hall_speed_pos_fdbk.o(.constdata)
    .constdata                               0x08002474   Section       24  eventrecorder.o(.constdata)
    __tagsym$$used                           0x08002474   Number         0  eventrecorder.o(.constdata)
    .data                                    0x20000000   Section       20  main.o(.data)
    .data                                    0x20000014   Section        4  utility.o(.data)
    last_tick                                0x20000014   Data           4  utility.o(.data)
    .data                                    0x20000018   Section      100  moto.o(.data)
    .data                                    0x2000007c   Section      200  hall_speed_pos_fdbk.o(.data)
    .data                                    0x20000144   Section        4  system_stm32f1xx.o(.data)
    .bss.noinit                              0x20000180   Section     1188  eventrecorder.o(.bss.noinit)
    EventBuffer                              0x20000180   Data        1024  eventrecorder.o(.bss.noinit)
    EventFilter                              0x20000580   Data         128  eventrecorder.o(.bss.noinit)
    EventStatus                              0x20000600   Data          36  eventrecorder.o(.bss.noinit)
    STACK                                    0x20000628   Section     1024  startup_stm32f103xb.o(STACK)

    Global Symbols

    Symbol Name                              Value     Ov Type        Size  Object(Section)

    BuildAttributes$$THM_ISAv4$P$D$K$B$S$PE$A:L22UL41UL21$X:L11$S22US41US21$IEEE1$IW$USESV6$~STKCKD$USESV7$~SHL$OTIME$ROPI$EBA8$MICROLIB$REQ8$PRES8$EABIv2 0x00000000   Number         0  anon$$obj.o ABSOLUTE
    __ARM_use_no_argv                        0x00000000   Number         0  main.o ABSOLUTE
    __arm_fini_                               - Undefined Weak Reference
    __cpp_initialize__aeabi_                  - Undefined Weak Reference
    __cxa_finalize                            - Undefined Weak Reference
    _clock_init                               - Undefined Weak Reference
    _microlib_exit                            - Undefined Weak Reference
    __Vectors_Size                           0x000000ec   Number         0  startup_stm32f103xb.o ABSOLUTE
    __Vectors                                0x08000000   Data           4  startup_stm32f103xb.o(RESET)
    __Vectors_End                            0x080000ec   Data           0  startup_stm32f103xb.o(RESET)
    __main                                   0x080000ed   Thumb Code     0  entry.o(.ARM.Collect$$$$00000000)
    _main_stk                                0x080000ed   Thumb Code     0  entry2.o(.ARM.Collect$$$$00000001)
    _main_scatterload                        0x080000f1   Thumb Code     0  entry5.o(.ARM.Collect$$$$00000004)
    __main_after_scatterload                 0x080000f5   Thumb Code     0  entry5.o(.ARM.Collect$$$$00000004)
    _main_clock                              0x080000f5   Thumb Code     0  entry7b.o(.ARM.Collect$$$$00000008)
    _main_cpp_init                           0x080000f5   Thumb Code     0  entry8b.o(.ARM.Collect$$$$0000000A)
    _main_init                               0x080000f5   Thumb Code     0  entry9a.o(.ARM.Collect$$$$0000000B)
    __rt_lib_shutdown_fini                   0x080000fd   Thumb Code     0  entry12b.o(.ARM.Collect$$$$0000000E)
    __rt_final_cpp                           0x08000101   Thumb Code     0  entry10a.o(.ARM.Collect$$$$0000000F)
    __rt_final_exit                          0x08000101   Thumb Code     0  entry11a.o(.ARM.Collect$$$$00000011)
    __asm___15_EventRecorder_c_e8d3082c__atomic_inc8 0x08000105   Thumb Code    18  eventrecorder.o(.emb_text)
    __asm___15_EventRecorder_c_e8d3082c__atomic_inc32 0x08000117   Thumb Code    18  eventrecorder.o(.emb_text)
    __asm___15_EventRecorder_c_e8d3082c__atomic_xch32 0x08000129   Thumb Code    16  eventrecorder.o(.emb_text)
    __asm___15_EventRecorder_c_e8d3082c__LockRecord 0x08000139   Thumb Code    34  eventrecorder.o(.emb_text)
    __asm___15_EventRecorder_c_e8d3082c__UnlockRecord 0x0800015b   Thumb Code    30  eventrecorder.o(.emb_text)
    Reset_Handler                            0x08000179   Thumb Code     8  startup_stm32f103xb.o(.text)
    ADC1_2_IRQHandler                        0x08000193   Thumb Code     0  startup_stm32f103xb.o(.text)
    CAN1_RX1_IRQHandler                      0x08000193   Thumb Code     0  startup_stm32f103xb.o(.text)
    CAN1_SCE_IRQHandler                      0x08000193   Thumb Code     0  startup_stm32f103xb.o(.text)
    DMA1_Channel1_IRQHandler                 0x08000193   Thumb Code     0  startup_stm32f103xb.o(.text)
    DMA1_Channel2_IRQHandler                 0x08000193   Thumb Code     0  startup_stm32f103xb.o(.text)
    DMA1_Channel3_IRQHandler                 0x08000193   Thumb Code     0  startup_stm32f103xb.o(.text)
    DMA1_Channel4_IRQHandler                 0x08000193   Thumb Code     0  startup_stm32f103xb.o(.text)
    DMA1_Channel5_IRQHandler                 0x08000193   Thumb Code     0  startup_stm32f103xb.o(.text)
    DMA1_Channel6_IRQHandler                 0x08000193   Thumb Code     0  startup_stm32f103xb.o(.text)
    DMA1_Channel7_IRQHandler                 0x08000193   Thumb Code     0  startup_stm32f103xb.o(.text)
    EXTI0_IRQHandler                         0x08000193   Thumb Code     0  startup_stm32f103xb.o(.text)
    EXTI15_10_IRQHandler                     0x08000193   Thumb Code     0  startup_stm32f103xb.o(.text)
    EXTI1_IRQHandler                         0x08000193   Thumb Code     0  startup_stm32f103xb.o(.text)
    EXTI2_IRQHandler                         0x08000193   Thumb Code     0  startup_stm32f103xb.o(.text)
    EXTI3_IRQHandler                         0x08000193   Thumb Code     0  startup_stm32f103xb.o(.text)
    EXTI4_IRQHandler                         0x08000193   Thumb Code     0  startup_stm32f103xb.o(.text)
    EXTI9_5_IRQHandler                       0x08000193   Thumb Code     0  startup_stm32f103xb.o(.text)
    FLASH_IRQHandler                         0x08000193   Thumb Code     0  startup_stm32f103xb.o(.text)
    I2C1_ER_IRQHandler                       0x08000193   Thumb Code     0  startup_stm32f103xb.o(.text)
    I2C1_EV_IRQHandler                       0x08000193   Thumb Code     0  startup_stm32f103xb.o(.text)
    I2C2_ER_IRQHandler                       0x08000193   Thumb Code     0  startup_stm32f103xb.o(.text)
    I2C2_EV_IRQHandler                       0x08000193   Thumb Code     0  startup_stm32f103xb.o(.text)
    PVD_IRQHandler                           0x08000193   Thumb Code     0  startup_stm32f103xb.o(.text)
    RCC_IRQHandler                           0x08000193   Thumb Code     0  startup_stm32f103xb.o(.text)
    RTC_Alarm_IRQHandler                     0x08000193   Thumb Code     0  startup_stm32f103xb.o(.text)
    RTC_IRQHandler                           0x08000193   Thumb Code     0  startup_stm32f103xb.o(.text)
    SPI1_IRQHandler                          0x08000193   Thumb Code     0  startup_stm32f103xb.o(.text)
    SPI2_IRQHandler                          0x08000193   Thumb Code     0  startup_stm32f103xb.o(.text)
    TAMPER_IRQHandler                        0x08000193   Thumb Code     0  startup_stm32f103xb.o(.text)
    TIM1_BRK_IRQHandler                      0x08000193   Thumb Code     0  startup_stm32f103xb.o(.text)
    TIM1_CC_IRQHandler                       0x08000193   Thumb Code     0  startup_stm32f103xb.o(.text)
    TIM1_TRG_COM_IRQHandler                  0x08000193   Thumb Code     0  startup_stm32f103xb.o(.text)
    TIM2_IRQHandler                          0x08000193   Thumb Code     0  startup_stm32f103xb.o(.text)
    TIM3_IRQHandler                          0x08000193   Thumb Code     0  startup_stm32f103xb.o(.text)
    USART1_IRQHandler                        0x08000193   Thumb Code     0  startup_stm32f103xb.o(.text)
    USART2_IRQHandler                        0x08000193   Thumb Code     0  startup_stm32f103xb.o(.text)
    USART3_IRQHandler                        0x08000193   Thumb Code     0  startup_stm32f103xb.o(.text)
    USBWakeUp_IRQHandler                     0x08000193   Thumb Code     0  startup_stm32f103xb.o(.text)
    USB_HP_CAN1_TX_IRQHandler                0x08000193   Thumb Code     0  startup_stm32f103xb.o(.text)
    USB_LP_CAN1_RX0_IRQHandler               0x08000193   Thumb Code     0  startup_stm32f103xb.o(.text)
    WWDG_IRQHandler                          0x08000193   Thumb Code     0  startup_stm32f103xb.o(.text)
    __aeabi_memset                           0x0800019d   Thumb Code    14  memseta.o(.text)
    __aeabi_memset4                          0x0800019d   Thumb Code     0  memseta.o(.text)
    __aeabi_memset8                          0x0800019d   Thumb Code     0  memseta.o(.text)
    __aeabi_memclr                           0x080001ab   Thumb Code     4  memseta.o(.text)
    __aeabi_memclr4                          0x080001ab   Thumb Code     0  memseta.o(.text)
    __aeabi_memclr8                          0x080001ab   Thumb Code     0  memseta.o(.text)
    _memset$wrapper                          0x080001af   Thumb Code    18  memseta.o(.text)
    __aeabi_fadd                             0x080001c1   Thumb Code   164  fadd.o(.text)
    __aeabi_fsub                             0x08000265   Thumb Code     6  fadd.o(.text)
    __aeabi_frsub                            0x0800026b   Thumb Code     6  fadd.o(.text)
    __aeabi_fmul                             0x08000271   Thumb Code   100  fmul.o(.text)
    __aeabi_fdiv                             0x080002d5   Thumb Code   124  fdiv.o(.text)
    __ARM_scalbnf                            0x08000351   Thumb Code    24  fscalb.o(.text)
    scalbnf                                  0x08000351   Thumb Code     0  fscalb.o(.text)
    __aeabi_dadd                             0x08000369   Thumb Code   322  dadd.o(.text)
    __aeabi_dsub                             0x080004ab   Thumb Code     6  dadd.o(.text)
    __aeabi_drsub                            0x080004b1   Thumb Code     6  dadd.o(.text)
    __aeabi_dmul                             0x080004b7   Thumb Code   228  dmul.o(.text)
    __aeabi_fcmplt                           0x0800059b   Thumb Code    28  fcmplt.o(.text)
    __aeabi_i2f                              0x080005b7   Thumb Code    18  fflti.o(.text)
    __aeabi_ui2f                             0x080005c9   Thumb Code    10  ffltui.o(.text)
    __aeabi_ui2d                             0x080005d3   Thumb Code    26  dfltui.o(.text)
    __aeabi_f2iz                             0x080005ed   Thumb Code    50  ffixi.o(.text)
    __aeabi_f2uiz                            0x0800061f   Thumb Code    40  ffixui.o(.text)
    __aeabi_f2d                              0x08000647   Thumb Code    38  f2d.o(.text)
    __aeabi_d2f                              0x0800066d   Thumb Code    56  d2f.o(.text)
    __aeabi_cfrcmple                         0x080006a5   Thumb Code    20  cfrcmple.o(.text)
    __aeabi_llsl                             0x080006b9   Thumb Code    30  llshl.o(.text)
    _ll_shift_l                              0x080006b9   Thumb Code     0  llshl.o(.text)
    __aeabi_lasr                             0x080006d7   Thumb Code    36  llsshr.o(.text)
    _ll_sshift_r                             0x080006d7   Thumb Code     0  llsshr.o(.text)
    __I$use$fp                               0x080006fb   Thumb Code     0  iusefp.o(.text)
    _float_round                             0x080006fb   Thumb Code    18  fepilogue.o(.text)
    _float_epilogue                          0x0800070d   Thumb Code    92  fepilogue.o(.text)
    _double_round                            0x08000769   Thumb Code    30  depilogue.o(.text)
    _double_epilogue                         0x08000787   Thumb Code   156  depilogue.o(.text)
    __scatterload                            0x08000825   Thumb Code    28  init.o(.text)
    __scatterload_rt2                        0x08000825   Thumb Code     0  init.o(.text)
    __aeabi_llsr                             0x08000849   Thumb Code    32  llushr.o(.text)
    _ll_ushift_r                             0x08000849   Thumb Code     0  llushr.o(.text)
    __decompress                             0x08000869   Thumb Code     0  __dczerorl2.o(.text)
    __decompress1                            0x08000869   Thumb Code    86  __dczerorl2.o(.text)
    arm_cos_f32                              0x080008bf   Thumb Code   172  arm_cos_f32.o(.text.arm_cos_f32)
    BusFault_Handler                         0x0800096b   Thumb Code     2  stm32f1xx_it.o(i.BusFault_Handler)
    DebugMon_Handler                         0x0800096d   Thumb Code     2  stm32f1xx_it.o(i.DebugMon_Handler)
    EventRecord2                             0x080009c9   Thumb Code    56  eventrecorder.o(i.EventRecord2)
    EventRecorderEnable                      0x08000aad   Thumb Code    86  eventrecorder.o(i.EventRecorderEnable)
    EventRecorderInitialize                  0x08000b09   Thumb Code   244  eventrecorder.o(i.EventRecorderInitialize)
    EventRecorderStart                       0x08000c11   Thumb Code    34  eventrecorder.o(i.EventRecorderStart)
    EventRecorderTimerGetCount               0x08000c3d   Thumb Code     6  eventrecorder.o(i.EventRecorderTimerGetCount)
    EventRecorderTimerGetFreq                0x08000c49   Thumb Code     6  eventrecorder.o(i.EventRecorderTimerGetFreq)
    EventRecorderTimerSetup                  0x08000c55   Thumb Code    24  eventrecorder.o(i.EventRecorderTimerSetup)
    FOC                                      0x08000c75   Thumb Code   426  moto.o(i.FOC)
    HALL_CalcAvrgMecSpeedUnit                0x08000e69   Thumb Code   142  hall_speed_pos_fdbk.o(i.HALL_CalcAvrgMecSpeedUnit)
    HALL_CalcElAngle                         0x08000ef7   Thumb Code    56  hall_speed_pos_fdbk.o(i.HALL_CalcElAngle)
    HALL_Init                                0x08000f31   Thumb Code   278  hall_speed_pos_fdbk.o(i.HALL_Init)
    HALL_TIMx_CC_IRQHandler                  0x080010e9   Thumb Code   658  hall_speed_pos_fdbk.o(i.HALL_TIMx_CC_IRQHandler)
    HALL_TIMx_UP_IRQHandler                  0x0800137b   Thumb Code   128  hall_speed_pos_fdbk.o(i.HALL_TIMx_UP_IRQHandler)
    HardFault_Handler                        0x080013fb   Thumb Code     2  stm32f1xx_it.o(i.HardFault_Handler)
    LL_GPIO_Init                             0x0800142d   Thumb Code   234  stm32f1xx_ll_gpio.o(i.LL_GPIO_Init)
    LL_Init1msTick                           0x08001569   Thumb Code    26  stm32f1xx_ll_utils.o(i.LL_Init1msTick)
    LL_SetSystemCoreClock                    0x08001585   Thumb Code     6  stm32f1xx_ll_utils.o(i.LL_SetSystemCoreClock)
    LL_TIM_BDTR_Init                         0x08001591   Thumb Code    58  stm32f1xx_ll_tim.o(i.LL_TIM_BDTR_Init)
    LL_TIM_Init                              0x080015cd   Thumb Code    92  stm32f1xx_ll_tim.o(i.LL_TIM_Init)
    LL_TIM_OC_Init                           0x080016dd   Thumb Code   392  stm32f1xx_ll_tim.o(i.LL_TIM_OC_Init)
    MX_GPIO_Init                             0x08001869   Thumb Code    84  myinit.o(i.MX_GPIO_Init)
    MX_TIM1_Init                             0x080018c9   Thumb Code   348  myinit.o(i.MX_TIM1_Init)
    MX_TIM2_Init                             0x08001a41   Thumb Code    96  myinit.o(i.MX_TIM2_Init)
    MX_TIM4_Init                             0x08001aa1   Thumb Code   284  myinit.o(i.MX_TIM4_Init)
    MemManage_Handler                        0x08001bcd   Thumb Code     2  stm32f1xx_it.o(i.MemManage_Handler)
    NMI_Handler                              0x08001bcf   Thumb Code     2  stm32f1xx_it.o(i.NMI_Handler)
    PendSV_Handler                           0x08001bd1   Thumb Code     2  stm32f1xx_it.o(i.PendSV_Handler)
    SPD_IsMecSpeedReliable                   0x08001bd3   Thumb Code    94  speed_pos_fdbk.o(i.SPD_IsMecSpeedReliable)
    SVC_Handler                              0x08001c31   Thumb Code     2  stm32f1xx_it.o(i.SVC_Handler)
    Set_ENx                                  0x08001c35   Thumb Code    10  moto.o(i.Set_ENx)
    SysTick_Handler                          0x08001c45   Thumb Code    18  stm32f1xx_it.o(i.SysTick_Handler)
    SystemClock_Config                       0x08001c5d   Thumb Code   144  myinit.o(i.SystemClock_Config)
    SystemInit                               0x08001cf9   Thumb Code     2  system_stm32f1xx.o(i.SystemInit)
    TIM1_UP_IRQHandler                       0x08001cfd   Thumb Code    12  stm32f1xx_it.o(i.TIM1_UP_IRQHandler)
    TIM4_IRQHandler                          0x08001d0d   Thumb Code    56  stm32f1xx_it.o(i.TIM4_IRQHandler)
    UsageFault_Handler                       0x08001d49   Thumb Code     2  stm32f1xx_it.o(i.UsageFault_Handler)
    __scatterload_copy                       0x08001d65   Thumb Code    14  handlers.o(i.__scatterload_copy)
    __scatterload_null                       0x08001d73   Thumb Code     2  handlers.o(i.__scatterload_null)
    __scatterload_zeroinit                   0x08001d75   Thumb Code    14  handlers.o(i.__scatterload_zeroinit)
    combined_control_V3                      0x08001d85   Thumb Code   634  moto.o(i.combined_control_V3)
    control_poll                             0x08002049   Thumb Code   106  main.o(i.control_poll)
    led_blink                                0x080020d1   Thumb Code    50  utility.o(i.led_blink)
    main                                     0x08002111   Thumb Code   168  main.o(i.main)
    sinus_control_V2                         0x080021e9   Thumb Code   554  moto.o(i.sinus_control_V2)
    EventRecorderInfo                        0x08002474   Data          24  eventrecorder.o(.constdata)
    sinTable_f32                             0x0800248c   Data        2052  arm_common_tables.o(.rodata.sinTable_f32)
    Region$$Table$$Base                      0x08002c90   Number         0  anon$$obj.o(Region$$Table)
    Region$$Table$$Limit                     0x08002cb0   Number         0  anon$$obj.o(Region$$Table)
    mode                                     0x20000000   Data           1  main.o(.data)
    angle                                    0x20000004   Data           4  main.o(.data)
    angle_error                              0x20000008   Data           4  main.o(.data)
    des_val                                  0x2000000c   Data           4  main.o(.data)
    dt1                                      0x20000010   Data           4  main.o(.data)
    started                                  0x20000018   Data           1  moto.o(.data)
    Vq                                       0x2000001c   Data           4  moto.o(.data)
    Vd                                       0x20000020   Data           4  moto.o(.data)
    Va                                       0x20000024   Data           4  moto.o(.data)
    Vb                                       0x20000028   Data           4  moto.o(.data)
    Vc                                       0x2000002c   Data           4  moto.o(.data)
    Va_1                                     0x20000030   Data           4  moto.o(.data)
    Vb_1                                     0x20000034   Data           4  moto.o(.data)
    Vc_1                                     0x20000038   Data           4  moto.o(.data)
    theta                                    0x2000003c   Data           4  moto.o(.data)
    theta_elec_degrees                       0x20000040   Data           4  moto.o(.data)
    Vinv1                                    0x20000044   Data           4  moto.o(.data)
    Vinv2                                    0x20000048   Data           4  moto.o(.data)
    Vinv3                                    0x2000004c   Data           4  moto.o(.data)
    angle_init                               0x20000050   Data           4  moto.o(.data)
    error_angle_last                         0x20000054   Data           4  moto.o(.data)
    vaa                                      0x20000058   Data           4  moto.o(.data)
    vbb                                      0x2000005c   Data           4  moto.o(.data)
    vcc                                      0x20000060   Data           4  moto.o(.data)
    error_in_proc                            0x20000064   Data           4  moto.o(.data)
    er_mem                                   0x20000068   Data           4  moto.o(.data)
    angle_mem                                0x2000006c   Data           4  moto.o(.data)
    integral                                 0x20000070   Data           4  moto.o(.data)
    step                                     0x20000074   Data           4  moto.o(.data)
    thetta_vector                            0x20000078   Data           4  moto.o(.data)
    HALL_M1                                  0x2000007c   Data         200  hall_speed_pos_fdbk.o(.data)
    SystemCoreClock                          0x20000144   Data           4  system_stm32f1xx.o(.data)
    __initial_sp                             0x20000a28   Data           0  startup_stm32f103xb.o(STACK)



==============================================================================

Memory Map of the image

  Image Entry point : 0x080000ed

  Load Region LR_IROM1 (Base: 0x08000000, Size: 0x00002df8, Max: 0x00020000, ABSOLUTE, COMPRESSED[0x00002ce8])

    Execution Region ER_IROM1 (Exec base: 0x08000000, Load base: 0x08000000, Size: 0x00002cb0, Max: 0x00020000, ABSOLUTE)

    Exec Addr    Load Addr    Size         Type   Attr      Idx    E Section Name        Object

    0x08000000   0x08000000   0x000000ec   Data   RO            3    RESET               startup_stm32f103xb.o
    0x080000ec   0x080000ec   0x00000000   Code   RO         1580  * .ARM.Collect$$$$00000000  mc_w.l(entry.o)
    0x080000ec   0x080000ec   0x00000004   Code   RO         1627    .ARM.Collect$$$$00000001  mc_w.l(entry2.o)
    0x080000f0   0x080000f0   0x00000004   Code   RO         1630    .ARM.Collect$$$$00000004  mc_w.l(entry5.o)
    0x080000f4   0x080000f4   0x00000000   Code   RO         1632    .ARM.Collect$$$$00000008  mc_w.l(entry7b.o)
    0x080000f4   0x080000f4   0x00000000   Code   RO         1634    .ARM.Collect$$$$0000000A  mc_w.l(entry8b.o)
    0x080000f4   0x080000f4   0x00000008   Code   RO         1635    .ARM.Collect$$$$0000000B  mc_w.l(entry9a.o)
    0x080000fc   0x080000fc   0x00000004   Code   RO         1642    .ARM.Collect$$$$0000000E  mc_w.l(entry12b.o)
    0x08000100   0x08000100   0x00000000   Code   RO         1637    .ARM.Collect$$$$0000000F  mc_w.l(entry10a.o)
    0x08000100   0x08000100   0x00000000   Code   RO         1639    .ARM.Collect$$$$00000011  mc_w.l(entry11a.o)
    0x08000100   0x08000100   0x00000004   Code   RO         1628    .ARM.Collect$$$$00002712  mc_w.l(entry2.o)
    0x08000104   0x08000104   0x00000074   Code   RO         1268    .emb_text           eventrecorder.o
    0x08000178   0x08000178   0x00000024   Code   RO            4    .text               startup_stm32f103xb.o
    0x0800019c   0x0800019c   0x00000024   Code   RO         1591    .text               mc_w.l(memseta.o)
    0x080001c0   0x080001c0   0x000000b0   Code   RO         1595    .text               mf_w.l(fadd.o)
    0x08000270   0x08000270   0x00000064   Code   RO         1597    .text               mf_w.l(fmul.o)
    0x080002d4   0x080002d4   0x0000007c   Code   RO         1599    .text               mf_w.l(fdiv.o)
    0x08000350   0x08000350   0x00000018   Code   RO         1601    .text               mf_w.l(fscalb.o)
    0x08000368   0x08000368   0x0000014e   Code   RO         1603    .text               mf_w.l(dadd.o)
    0x080004b6   0x080004b6   0x000000e4   Code   RO         1605    .text               mf_w.l(dmul.o)
    0x0800059a   0x0800059a   0x0000001c   Code   RO         1607    .text               mf_w.l(fcmplt.o)
    0x080005b6   0x080005b6   0x00000012   Code   RO         1609    .text               mf_w.l(fflti.o)
    0x080005c8   0x080005c8   0x0000000a   Code   RO         1611    .text               mf_w.l(ffltui.o)
    0x080005d2   0x080005d2   0x0000001a   Code   RO         1613    .text               mf_w.l(dfltui.o)
    0x080005ec   0x080005ec   0x00000032   Code   RO         1615    .text               mf_w.l(ffixi.o)
    0x0800061e   0x0800061e   0x00000028   Code   RO         1617    .text               mf_w.l(ffixui.o)
    0x08000646   0x08000646   0x00000026   Code   RO         1619    .text               mf_w.l(f2d.o)
    0x0800066c   0x0800066c   0x00000038   Code   RO         1621    .text               mf_w.l(d2f.o)
    0x080006a4   0x080006a4   0x00000014   Code   RO         1625    .text               mf_w.l(cfrcmple.o)
    0x080006b8   0x080006b8   0x0000001e   Code   RO         1643    .text               mc_w.l(llshl.o)
    0x080006d6   0x080006d6   0x00000024   Code   RO         1645    .text               mc_w.l(llsshr.o)
    0x080006fa   0x080006fa   0x00000000   Code   RO         1647    .text               mc_w.l(iusefp.o)
    0x080006fa   0x080006fa   0x0000006e   Code   RO         1648    .text               mf_w.l(fepilogue.o)
    0x08000768   0x08000768   0x000000ba   Code   RO         1650    .text               mf_w.l(depilogue.o)
    0x08000822   0x08000822   0x00000002   PAD
    0x08000824   0x08000824   0x00000024   Code   RO         1652    .text               mc_w.l(init.o)
    0x08000848   0x08000848   0x00000020   Code   RO         1654    .text               mc_w.l(llushr.o)
    0x08000868   0x08000868   0x00000056   Code   RO         1664    .text               mc_w.l(__dczerorl2.o)
    0x080008be   0x080008be   0x000000ac   Code   RO         1452    .text.arm_cos_f32   arm_cortexM3l_math.lib(arm_cos_f32.o)
    0x0800096a   0x0800096a   0x00000002   Code   RO          199    i.BusFault_Handler  stm32f1xx_it.o
    0x0800096c   0x0800096c   0x00000002   Code   RO          200    i.DebugMon_Handler  stm32f1xx_it.o
    0x0800096e   0x0800096e   0x00000002   PAD
    0x08000970   0x08000970   0x00000024   Code   RO         1269    i.EventCheckFilter  eventrecorder.o
    0x08000994   0x08000994   0x00000034   Code   RO         1270    i.EventGetTS        eventrecorder.o
    0x080009c8   0x080009c8   0x00000038   Code   RO         1271    i.EventRecord2      eventrecorder.o
    0x08000a00   0x08000a00   0x000000ac   Code   RO         1274    i.EventRecordItem   eventrecorder.o
    0x08000aac   0x08000aac   0x0000005c   Code   RO         1277    i.EventRecorderEnable  eventrecorder.o
    0x08000b08   0x08000b08   0x00000108   Code   RO         1278    i.EventRecorderInitialize  eventrecorder.o
    0x08000c10   0x08000c10   0x0000002c   Code   RO         1279    i.EventRecorderStart  eventrecorder.o
    0x08000c3c   0x08000c3c   0x0000000c   Code   RO         1281    i.EventRecorderTimerGetCount  eventrecorder.o
    0x08000c48   0x08000c48   0x0000000c   Code   RO         1282    i.EventRecorderTimerGetFreq  eventrecorder.o
    0x08000c54   0x08000c54   0x00000020   Code   RO         1283    i.EventRecorderTimerSetup  eventrecorder.o
    0x08000c74   0x08000c74   0x000001f4   Code   RO          439    i.FOC               moto.o
    0x08000e68   0x08000e68   0x0000008e   Code   RO          545    i.HALL_CalcAvrgMecSpeedUnit  hall_speed_pos_fdbk.o
    0x08000ef6   0x08000ef6   0x00000038   Code   RO          546    i.HALL_CalcElAngle  hall_speed_pos_fdbk.o
    0x08000f2e   0x08000f2e   0x00000002   PAD
    0x08000f30   0x08000f30   0x0000011c   Code   RO          548    i.HALL_Init         hall_speed_pos_fdbk.o
    0x0800104c   0x0800104c   0x0000009c   Code   RO          549    i.HALL_Init_Electrical_Angle  hall_speed_pos_fdbk.o
    0x080010e8   0x080010e8   0x00000292   Code   RO          551    i.HALL_TIMx_CC_IRQHandler  hall_speed_pos_fdbk.o
    0x0800137a   0x0800137a   0x00000080   Code   RO          552    i.HALL_TIMx_UP_IRQHandler  hall_speed_pos_fdbk.o
    0x080013fa   0x080013fa   0x00000002   Code   RO          201    i.HardFault_Handler  stm32f1xx_it.o
    0x080013fc   0x080013fc   0x00000018   Code   RO          294    i.LL_APB1_GRP1_EnableClock  myinit.o
    0x08001414   0x08001414   0x00000018   Code   RO          295    i.LL_APB2_GRP1_EnableClock  myinit.o
    0x0800142c   0x0800142c   0x000000ea   Code   RO          718    i.LL_GPIO_Init      stm32f1xx_ll_gpio.o
    0x08001516   0x08001516   0x00000014   Code   RO          553    i.LL_GPIO_IsInputPinSet  hall_speed_pos_fdbk.o
    0x0800152a   0x0800152a   0x0000002a   Code   RO          296    i.LL_GPIO_SetPinMode  myinit.o
    0x08001554   0x08001554   0x00000014   Code   RO          403    i.LL_GPIO_TogglePin  utility.o
    0x08001568   0x08001568   0x0000001a   Code   RO         1048    i.LL_Init1msTick    stm32f1xx_ll_utils.o
    0x08001582   0x08001582   0x00000002   PAD
    0x08001584   0x08001584   0x0000000c   Code   RO         1053    i.LL_SetSystemCoreClock  stm32f1xx_ll_utils.o
    0x08001590   0x08001590   0x0000003a   Code   RO          833    i.LL_TIM_BDTR_Init  stm32f1xx_ll_tim.o
    0x080015ca   0x080015ca   0x00000002   PAD
    0x080015cc   0x080015cc   0x00000068   Code   RO          842    i.LL_TIM_Init       stm32f1xx_ll_tim.o
    0x08001634   0x08001634   0x00000054   Code   RO          297    i.LL_TIM_OC_DisableFast  myinit.o
    0x08001688   0x08001688   0x00000054   Code   RO          298    i.LL_TIM_OC_EnablePreload  myinit.o
    0x080016dc   0x080016dc   0x0000018c   Code   RO          843    i.LL_TIM_OC_Init    stm32f1xx_ll_tim.o
    0x08001868   0x08001868   0x00000060   Code   RO          299    i.MX_GPIO_Init      myinit.o
    0x080018c8   0x080018c8   0x00000178   Code   RO          300    i.MX_TIM1_Init      myinit.o
    0x08001a40   0x08001a40   0x00000060   Code   RO          301    i.MX_TIM2_Init      myinit.o
    0x08001aa0   0x08001aa0   0x0000012c   Code   RO          302    i.MX_TIM4_Init      myinit.o
    0x08001bcc   0x08001bcc   0x00000002   Code   RO          202    i.MemManage_Handler  stm32f1xx_it.o
    0x08001bce   0x08001bce   0x00000002   Code   RO          203    i.NMI_Handler       stm32f1xx_it.o
    0x08001bd0   0x08001bd0   0x00000002   Code   RO          204    i.PendSV_Handler    stm32f1xx_it.o
    0x08001bd2   0x08001bd2   0x0000005e   Code   RO          645    i.SPD_IsMecSpeedReliable  speed_pos_fdbk.o
    0x08001c30   0x08001c30   0x00000002   Code   RO          205    i.SVC_Handler       stm32f1xx_it.o
    0x08001c32   0x08001c32   0x00000002   PAD
    0x08001c34   0x08001c34   0x00000010   Code   RO          441    i.Set_ENx           moto.o
    0x08001c44   0x08001c44   0x00000018   Code   RO          206    i.SysTick_Handler   stm32f1xx_it.o
    0x08001c5c   0x08001c5c   0x0000009c   Code   RO          304    i.SystemClock_Config  myinit.o
    0x08001cf8   0x08001cf8   0x00000002   Code   RO         1231    i.SystemInit        system_stm32f1xx.o
    0x08001cfa   0x08001cfa   0x00000002   PAD
    0x08001cfc   0x08001cfc   0x00000010   Code   RO          207    i.TIM1_UP_IRQHandler  stm32f1xx_it.o
    0x08001d0c   0x08001d0c   0x0000003c   Code   RO          208    i.TIM4_IRQHandler   stm32f1xx_it.o
    0x08001d48   0x08001d48   0x00000002   Code   RO          209    i.UsageFault_Handler  stm32f1xx_it.o
    0x08001d4a   0x08001d4a   0x0000001a   Code   RO           13    i.__NVIC_EnableIRQ  main.o
    0x08001d64   0x08001d64   0x0000000e   Code   RO         1658    i.__scatterload_copy  mc_w.l(handlers.o)
    0x08001d72   0x08001d72   0x00000002   Code   RO         1659    i.__scatterload_null  mc_w.l(handlers.o)
    0x08001d74   0x08001d74   0x0000000e   Code   RO         1660    i.__scatterload_zeroinit  mc_w.l(handlers.o)
    0x08001d82   0x08001d82   0x00000002   PAD
    0x08001d84   0x08001d84   0x000002c4   Code   RO          442    i.combined_control_V3  moto.o
    0x08002048   0x08002048   0x00000088   Code   RO           14    i.control_poll      main.o
    0x080020d0   0x080020d0   0x00000040   Code   RO          404    i.led_blink         utility.o
    0x08002110   0x08002110   0x000000d8   Code   RO           15    i.main              main.o
    0x080021e8   0x080021e8   0x00000260   Code   RO          444    i.sinus_control_V2  moto.o
    0x08002448   0x08002448   0x0000001c   Data   RO          305    .constdata          myinit.o
    0x08002464   0x08002464   0x0000000e   Data   RO          554    .constdata          hall_speed_pos_fdbk.o
    0x08002472   0x08002472   0x00000002   PAD
    0x08002474   0x08002474   0x00000018   Data   RO         1285    .constdata          eventrecorder.o
    0x0800248c   0x0800248c   0x00000804   Data   RO         1573    .rodata.sinTable_f32  arm_cortexM3l_math.lib(arm_common_tables.o)
    0x08002c90   0x08002c90   0x00000020   Data   RO         1656    Region$$Table       anon$$obj.o


    Execution Region RW_IRAM1 (Exec base: 0x20000000, Load base: 0x08002cb0, Size: 0x00000a28, Max: 0x00005000, ABSOLUTE, COMPRESSED[0x00000038])

    Exec Addr    Load Addr    Size         Type   Attr      Idx    E Section Name        Object

    0x20000000   COMPRESSED   0x00000014   Data   RW           19    .data               main.o
    0x20000014   COMPRESSED   0x00000004   Data   RW          405    .data               utility.o
    0x20000018   COMPRESSED   0x00000064   Data   RW          445    .data               moto.o
    0x2000007c   COMPRESSED   0x000000c8   Data   RW          555    .data               hall_speed_pos_fdbk.o
    0x20000144   COMPRESSED   0x00000004   Data   RW         1234    .data               system_stm32f1xx.o
    0x20000148   COMPRESSED   0x00000038   PAD
    0x20000180        -       0x000004a4   Zero   RW         1284    .bss.noinit         eventrecorder.o
    0x20000624   COMPRESSED   0x00000004   PAD
    0x20000628        -       0x00000400   Zero   RW            1    STACK               startup_stm32f103xb.o


==============================================================================

Image component sizes


      Code (inc. data)   RO Data    RW Data    ZI Data      Debug   Object Name

       888         74         24          0       1188      15743   eventrecorder.o
      1444         22         14        200          0      42033   hall_speed_pos_fdbk.o
       378         78          0         20          0     399077   main.o
      1832        208          0        100          0      11800   moto.o
      1282         88         28          0          0      76320   myinit.o
        94          0          0          0          0       1157   speed_pos_fdbk.o
        36          8        236          0       1024        768   startup_stm32f103xb.o
       116         14          0          0          0      28977   stm32f1xx_it.o
       234          0          0          0          0      10207   stm32f1xx_ll_gpio.o
       558         16          0          0          0      32050   stm32f1xx_ll_tim.o
        38          6          0          0          0       4841   stm32f1xx_ll_utils.o
         2          0          0          4          0       1011   system_stm32f1xx.o
        84         14          0          4          0       8828   utility.o

    ----------------------------------------------------------------------
      6998        528        336        328       2272     632812   Object Totals
         0          0         32          0          0          0   (incl. Generated)
        12          0          2          0         60          0   (incl. Padding)

    ----------------------------------------------------------------------

      Code (inc. data)   RO Data    RW Data    ZI Data      Debug   Library Member Name

         0          0       2052          0          0       6294   arm_common_tables.o
       172          0          0          0          0        962   arm_cos_f32.o
        86          0          0          0          0          0   __dczerorl2.o
         0          0          0          0          0          0   entry.o
         0          0          0          0          0          0   entry10a.o
         0          0          0          0          0          0   entry11a.o
         4          0          0          0          0          0   entry12b.o
         8          4          0          0          0          0   entry2.o
         4          0          0          0          0          0   entry5.o
         0          0          0          0          0          0   entry7b.o
         0          0          0          0          0          0   entry8b.o
         8          4          0          0          0          0   entry9a.o
        30          0          0          0          0          0   handlers.o
        36          8          0          0          0         68   init.o
         0          0          0          0          0          0   iusefp.o
        30          0          0          0          0         68   llshl.o
        36          0          0          0          0         68   llsshr.o
        32          0          0          0          0         68   llushr.o
        36          0          0          0          0        108   memseta.o
        20          0          0          0          0         68   cfrcmple.o
        56          0          0          0          0         88   d2f.o
       334          0          0          0          0        148   dadd.o
       186          0          0          0          0        176   depilogue.o
        26          0          0          0          0         76   dfltui.o
       228          0          0          0          0         96   dmul.o
        38          0          0          0          0         68   f2d.o
       176          0          0          0          0        140   fadd.o
        28          0          0          0          0         68   fcmplt.o
       124          0          0          0          0         88   fdiv.o
       110          0          0          0          0        168   fepilogue.o
        50          0          0          0          0         68   ffixi.o
        40          0          0          0          0         68   ffixui.o
        18          0          0          0          0         68   fflti.o
        10          0          0          0          0         68   ffltui.o
       100          0          0          0          0         76   fmul.o
        24          0          0          0          0         68   fscalb.o

    ----------------------------------------------------------------------
      2054         16       2052          0          0       9236   Library Totals
         4          0          0          0          0          0   (incl. Padding)

    ----------------------------------------------------------------------

      Code (inc. data)   RO Data    RW Data    ZI Data      Debug   Library Name

       172          0       2052          0          0       7256   arm_cortexM3l_math.lib
       310         16          0          0          0        380   mc_w.l
      1568          0          0          0          0       1600   mf_w.l

    ----------------------------------------------------------------------
      2054         16       2052          0          0       9236   Library Totals

    ----------------------------------------------------------------------

==============================================================================


      Code (inc. data)   RO Data    RW Data    ZI Data      Debug   

      9052        544       2388        328       2272     638432   Grand Totals
      9052        544       2388         56       2272     638432   ELF Image Totals (compressed)
      9052        544       2388         56          0          0   ROM Totals

==============================================================================

    Total RO  Size (Code + RO Data)                11440 (  11.17kB)
    Total RW  Size (RW Data + ZI Data)              2600 (   2.54kB)
    Total ROM Size (Code + RO Data + RW Data)      11496 (  11.23kB)

==============================================================================

