Component: ARM Compiler 5.06 update 7 (build 960) Tool: armlink [4d3601]

==============================================================================

Section Cross References

    startup_stm32f103xb.o(RESET) refers to startup_stm32f103xb.o(STACK) for __initial_sp
    startup_stm32f103xb.o(RESET) refers to startup_stm32f103xb.o(.text) for Reset_Handler
    startup_stm32f103xb.o(RESET) refers to stm32f1xx_it.o(i.NMI_Handler) for NMI_Handler
    startup_stm32f103xb.o(RESET) refers to stm32f1xx_it.o(i.HardFault_Handler) for HardFault_Handler
    startup_stm32f103xb.o(RESET) refers to stm32f1xx_it.o(i.MemManage_Handler) for MemManage_Handler
    startup_stm32f103xb.o(RESET) refers to stm32f1xx_it.o(i.BusFault_Handler) for BusFault_Handler
    startup_stm32f103xb.o(RESET) refers to stm32f1xx_it.o(i.UsageFault_Handler) for UsageFault_Handler
    startup_stm32f103xb.o(RESET) refers to stm32f1xx_it.o(i.SVC_Handler) for SVC_Handler
    startup_stm32f103xb.o(RESET) refers to stm32f1xx_it.o(i.DebugMon_Handler) for DebugMon_Handler
    startup_stm32f103xb.o(RESET) refers to stm32f1xx_it.o(i.PendSV_Handler) for PendSV_Handler
    startup_stm32f103xb.o(RESET) refers to stm32f1xx_it.o(i.SysTick_Handler) for SysTick_Handler
    startup_stm32f103xb.o(RESET) refers to stm32f1xx_it.o(i.TIM1_UP_IRQHandler) for TIM1_UP_IRQHandler
    startup_stm32f103xb.o(RESET) refers to stm32f1xx_it.o(i.TIM4_IRQHandler) for TIM4_IRQHandler
    startup_stm32f103xb.o(.text) refers to system_stm32f1xx.o(i.SystemInit) for SystemInit
    startup_stm32f103xb.o(.text) refers to entry.o(.ARM.Collect$$$$00000000) for __main
    main.o(i.main) refers to myinit.o(i.SystemClock_Config) for SystemClock_Config
    main.o(i.main) refers to myinit.o(i.MX_GPIO_Init) for MX_GPIO_Init
    main.o(i.main) refers to myinit.o(i.MX_TIM1_Init) for MX_TIM1_Init
    main.o(i.main) refers to myinit.o(i.MX_TIM4_Init) for MX_TIM4_Init
    main.o(i.main) refers to myinit.o(i.MX_TIM2_Init) for MX_TIM2_Init
    main.o(i.main) refers to moto.o(i.Set_ENx) for Set_ENx
    main.o(i.main) refers to hall_speed_pos_fdbk.o(i.HALL_Init) for HALL_Init
    main.o(i.main) refers to fadd.o(.text) for __aeabi_fadd
    main.o(i.main) refers to moto.o(i.FOC) for FOC
    main.o(i.main) refers to moto.o(i.sinus_control_V2) for sinus_control_V2
    main.o(i.main) refers to moto.o(i.combined_control_V3) for combined_control_V3
    main.o(i.main) refers to utility.o(i.led_blink) for led_blink
    main.o(i.main) refers to hall_speed_pos_fdbk.o(.data) for HALL_M1
    main.o(i.main) refers to main.o(.data) for .data
    stm32f1xx_it.o(i.SysTick_Handler) refers to hall_speed_pos_fdbk.o(i.HALL_CalcAvrgMecSpeedUnit) for HALL_CalcAvrgMecSpeedUnit
    stm32f1xx_it.o(i.SysTick_Handler) refers to hall_speed_pos_fdbk.o(.data) for HALL_M1
    stm32f1xx_it.o(i.TIM4_IRQHandler) refers to hall_speed_pos_fdbk.o(i.HALL_TIMx_UP_IRQHandler) for HALL_TIMx_UP_IRQHandler
    stm32f1xx_it.o(i.TIM4_IRQHandler) refers to hall_speed_pos_fdbk.o(i.HALL_TIMx_CC_IRQHandler) for HALL_TIMx_CC_IRQHandler
    stm32f1xx_it.o(i.TIM4_IRQHandler) refers to hall_speed_pos_fdbk.o(.data) for HALL_M1
    myinit.o(i.LL_TIM_OC_DisableFast) refers to myinit.o(.constdata) for .constdata
    myinit.o(i.LL_TIM_OC_EnablePreload) refers to myinit.o(.constdata) for .constdata
    myinit.o(i.MX_GPIO_Init) refers to memseta.o(.text) for __aeabi_memclr4
    myinit.o(i.MX_GPIO_Init) refers to myinit.o(i.LL_APB2_GRP1_EnableClock) for LL_APB2_GRP1_EnableClock
    myinit.o(i.MX_GPIO_Init) refers to myinit.o(i.LL_GPIO_SetPinMode) for LL_GPIO_SetPinMode
    myinit.o(i.MX_TIM1_Init) refers to memseta.o(.text) for __aeabi_memclr4
    myinit.o(i.MX_TIM1_Init) refers to myinit.o(i.LL_APB2_GRP1_EnableClock) for LL_APB2_GRP1_EnableClock
    myinit.o(i.MX_TIM1_Init) refers to stm32f1xx_ll_tim.o(i.LL_TIM_Init) for LL_TIM_Init
    myinit.o(i.MX_TIM1_Init) refers to myinit.o(i.LL_TIM_OC_EnablePreload) for LL_TIM_OC_EnablePreload
    myinit.o(i.MX_TIM1_Init) refers to stm32f1xx_ll_tim.o(i.LL_TIM_OC_Init) for LL_TIM_OC_Init
    myinit.o(i.MX_TIM1_Init) refers to myinit.o(i.LL_TIM_OC_DisableFast) for LL_TIM_OC_DisableFast
    myinit.o(i.MX_TIM1_Init) refers to stm32f1xx_ll_tim.o(i.LL_TIM_BDTR_Init) for LL_TIM_BDTR_Init
    myinit.o(i.MX_TIM1_Init) refers to stm32f1xx_ll_gpio.o(i.LL_GPIO_Init) for LL_GPIO_Init
    myinit.o(i.MX_TIM2_Init) refers to memseta.o(.text) for __aeabi_memclr4
    myinit.o(i.MX_TIM2_Init) refers to myinit.o(i.LL_APB1_GRP1_EnableClock) for LL_APB1_GRP1_EnableClock
    myinit.o(i.MX_TIM2_Init) refers to stm32f1xx_ll_tim.o(i.LL_TIM_Init) for LL_TIM_Init
    myinit.o(i.MX_TIM4_Init) refers to memseta.o(.text) for __aeabi_memclr4
    myinit.o(i.MX_TIM4_Init) refers to myinit.o(i.LL_APB1_GRP1_EnableClock) for LL_APB1_GRP1_EnableClock
    myinit.o(i.MX_TIM4_Init) refers to myinit.o(i.LL_APB2_GRP1_EnableClock) for LL_APB2_GRP1_EnableClock
    myinit.o(i.MX_TIM4_Init) refers to stm32f1xx_ll_gpio.o(i.LL_GPIO_Init) for LL_GPIO_Init
    myinit.o(i.MX_TIM4_Init) refers to stm32f1xx_ll_tim.o(i.LL_TIM_Init) for LL_TIM_Init
    myinit.o(i.MX_TIM4_Init) refers to stm32f1xx_ll_tim.o(i.LL_TIM_OC_Init) for LL_TIM_OC_Init
    myinit.o(i.MX_TIM4_Init) refers to myinit.o(i.LL_TIM_OC_DisableFast) for LL_TIM_OC_DisableFast
    myinit.o(i.MX_TIM4_Init) refers to myinit.o(.constdata) for .constdata
    myinit.o(i.SystemClock_Config) refers to stm32f1xx_ll_utils.o(i.LL_Init1msTick) for LL_Init1msTick
    myinit.o(i.SystemClock_Config) refers to stm32f1xx_ll_utils.o(i.LL_SetSystemCoreClock) for LL_SetSystemCoreClock
    utility.o(i.led_blink) refers to utility.o(i.LL_GPIO_TogglePin) for LL_GPIO_TogglePin
    utility.o(i.led_blink) refers to utility.o(.data) for .data
    moto.o(i.FOC) refers to hall_speed_pos_fdbk.o(i.HALL_CalcElAngle) for HALL_CalcElAngle
    moto.o(i.FOC) refers to fadd.o(.text) for __aeabi_fsub
    moto.o(i.FOC) refers to fmul.o(.text) for __aeabi_fmul
    moto.o(i.FOC) refers to f2d.o(.text) for __aeabi_f2d
    moto.o(i.FOC) refers to dmul.o(.text) for __aeabi_dmul
    moto.o(i.FOC) refers to d2f.o(.text) for __aeabi_d2f
    moto.o(i.FOC) refers to dfltui.o(.text) for __aeabi_ui2d
    moto.o(i.FOC) refers to dadd.o(.text) for __aeabi_dadd
    moto.o(i.FOC) refers to arm_cos_f32.o(.text.arm_cos_f32) for arm_cos_f32
    moto.o(i.FOC) refers to fdiv.o(.text) for __aeabi_fdiv
    moto.o(i.FOC) refers to ffixui.o(.text) for __aeabi_f2uiz
    moto.o(i.FOC) refers to hall_speed_pos_fdbk.o(.data) for HALL_M1
    moto.o(i.FOC) refers to moto.o(.data) for .data
    moto.o(i.FOC_InitPosition) refers to moto.o(.data) for .data
    moto.o(i.combined_control_V3) refers to fadd.o(.text) for __aeabi_fsub
    moto.o(i.combined_control_V3) refers to fmul.o(.text) for __aeabi_fmul
    moto.o(i.combined_control_V3) refers to f2d.o(.text) for __aeabi_f2d
    moto.o(i.combined_control_V3) refers to dmul.o(.text) for __aeabi_dmul
    moto.o(i.combined_control_V3) refers to d2f.o(.text) for __aeabi_d2f
    moto.o(i.combined_control_V3) refers to arm_cos_f32.o(.text.arm_cos_f32) for arm_cos_f32
    moto.o(i.combined_control_V3) refers to dadd.o(.text) for __aeabi_dsub
    moto.o(i.combined_control_V3) refers to fdiv.o(.text) for __aeabi_fdiv
    moto.o(i.combined_control_V3) refers to ffixui.o(.text) for __aeabi_f2uiz
    moto.o(i.combined_control_V3) refers to cfrcmple.o(.text) for __aeabi_cfrcmple
    moto.o(i.combined_control_V3) refers to moto.o(.data) for .data
    moto.o(i.sinus_control) refers to fmul.o(.text) for __aeabi_fmul
    moto.o(i.sinus_control) refers to fadd.o(.text) for __aeabi_fadd
    moto.o(i.sinus_control) refers to f2d.o(.text) for __aeabi_f2d
    moto.o(i.sinus_control) refers to dmul.o(.text) for __aeabi_dmul
    moto.o(i.sinus_control) refers to d2f.o(.text) for __aeabi_d2f
    moto.o(i.sinus_control) refers to arm_cos_f32.o(.text.arm_cos_f32) for arm_cos_f32
    moto.o(i.sinus_control) refers to dadd.o(.text) for __aeabi_dsub
    moto.o(i.sinus_control) refers to fdiv.o(.text) for __aeabi_fdiv
    moto.o(i.sinus_control) refers to ffixui.o(.text) for __aeabi_f2uiz
    moto.o(i.sinus_control) refers to moto.o(.data) for .data
    moto.o(i.sinus_control_V2) refers to fadd.o(.text) for __aeabi_frsub
    moto.o(i.sinus_control_V2) refers to arm_cos_f32.o(.text.arm_cos_f32) for arm_cos_f32
    moto.o(i.sinus_control_V2) refers to f2d.o(.text) for __aeabi_f2d
    moto.o(i.sinus_control_V2) refers to dadd.o(.text) for __aeabi_dsub
    moto.o(i.sinus_control_V2) refers to d2f.o(.text) for __aeabi_d2f
    moto.o(i.sinus_control_V2) refers to fmul.o(.text) for __aeabi_fmul
    moto.o(i.sinus_control_V2) refers to fdiv.o(.text) for __aeabi_fdiv
    moto.o(i.sinus_control_V2) refers to ffixui.o(.text) for __aeabi_f2uiz
    moto.o(i.sinus_control_V2) refers to cfrcmple.o(.text) for __aeabi_cfrcmple
    moto.o(i.sinus_control_V2) refers to moto.o(.data) for .data
    moto.o(i.sinus_control_V2) refers to main.o(.data) for angle
    mylib.o(i.Delay_ms) refers to mylib.o(.data) for .data
    mylib.o(i.Delay_us) refers to mylib.o(.data) for .data
    mylib.o(i.moving_average) refers to fadd.o(.text) for __aeabi_fsub
    mylib.o(i.moving_average) refers to fdiv.o(.text) for __aeabi_fdiv
    mylib.o(i.moving_average) refers to ffltui.o(.text) for __aeabi_ui2f
    mylib.o(i.moving_average) refers to cfrcmple.o(.text) for __aeabi_cfrcmple
    mylib.o(i.moving_average) refers to cfcmple.o(.text) for __aeabi_cfcmple
    hall_speed_pos_fdbk.o(i.HALL_CalcAvrgMecSpeedUnit) refers to speed_pos_fdbk.o(i.SPD_IsMecSpeedReliable) for SPD_IsMecSpeedReliable
    hall_speed_pos_fdbk.o(i.HALL_Clear) refers to hall_speed_pos_fdbk.o(i.HALL_Init_Electrical_Angle) for HALL_Init_Electrical_Angle
    hall_speed_pos_fdbk.o(i.HALL_Init) refers to hall_speed_pos_fdbk.o(.constdata) for .constdata
    hall_speed_pos_fdbk.o(i.HALL_Init_Electrical_Angle) refers to hall_speed_pos_fdbk.o(i.LL_GPIO_IsInputPinSet) for LL_GPIO_IsInputPinSet
    hall_speed_pos_fdbk.o(i.HALL_TIMx_CC_IRQHandler) refers to hall_speed_pos_fdbk.o(i.LL_GPIO_IsInputPinSet) for LL_GPIO_IsInputPinSet
    hall_speed_pos_fdbk.o(i.HALL_TIMx_UP_IRQHandler) refers to hall_speed_pos_fdbk.o(i.HALL_Init_Electrical_Angle) for HALL_Init_Electrical_Angle
    stm32f1xx_ll_gpio.o(i.LL_GPIO_DeInit) refers to stm32f1xx_ll_gpio.o(i.LL_APB2_GRP1_ForceReset) for LL_APB2_GRP1_ForceReset
    stm32f1xx_ll_gpio.o(i.LL_GPIO_DeInit) refers to stm32f1xx_ll_gpio.o(i.LL_APB2_GRP1_ReleaseReset) for LL_APB2_GRP1_ReleaseReset
    stm32f1xx_ll_dma.o(i.LL_DMA_Init) refers to stm32f1xx_ll_dma.o(.constdata) for .constdata
    stm32f1xx_ll_rcc.o(i.LL_RCC_GetADCClockFreq) refers to stm32f1xx_ll_rcc.o(i.RCC_GetSystemClockFreq) for RCC_GetSystemClockFreq
    stm32f1xx_ll_rcc.o(i.LL_RCC_GetADCClockFreq) refers to stm32f1xx_ll_rcc.o(i.RCC_GetHCLKClockFreq) for RCC_GetHCLKClockFreq
    stm32f1xx_ll_rcc.o(i.LL_RCC_GetADCClockFreq) refers to stm32f1xx_ll_rcc.o(i.RCC_GetPCLK2ClockFreq) for RCC_GetPCLK2ClockFreq
    stm32f1xx_ll_rcc.o(i.LL_RCC_GetSystemClocksFreq) refers to stm32f1xx_ll_rcc.o(i.RCC_GetSystemClockFreq) for RCC_GetSystemClockFreq
    stm32f1xx_ll_rcc.o(i.LL_RCC_GetSystemClocksFreq) refers to stm32f1xx_ll_rcc.o(i.RCC_GetHCLKClockFreq) for RCC_GetHCLKClockFreq
    stm32f1xx_ll_rcc.o(i.LL_RCC_GetSystemClocksFreq) refers to stm32f1xx_ll_rcc.o(i.RCC_GetPCLK1ClockFreq) for RCC_GetPCLK1ClockFreq
    stm32f1xx_ll_rcc.o(i.LL_RCC_GetSystemClocksFreq) refers to stm32f1xx_ll_rcc.o(i.RCC_GetPCLK2ClockFreq) for RCC_GetPCLK2ClockFreq
    stm32f1xx_ll_rcc.o(i.LL_RCC_GetUSBClockFreq) refers to stm32f1xx_ll_rcc.o(i.RCC_PLL_GetFreqDomain_SYS) for RCC_PLL_GetFreqDomain_SYS
    stm32f1xx_ll_rcc.o(i.RCC_GetHCLKClockFreq) refers to system_stm32f1xx.o(.constdata) for AHBPrescTable
    stm32f1xx_ll_rcc.o(i.RCC_GetPCLK1ClockFreq) refers to system_stm32f1xx.o(.constdata) for APBPrescTable
    stm32f1xx_ll_rcc.o(i.RCC_GetPCLK2ClockFreq) refers to system_stm32f1xx.o(.constdata) for APBPrescTable
    stm32f1xx_ll_rcc.o(i.RCC_GetSystemClockFreq) refers to stm32f1xx_ll_rcc.o(i.RCC_PLL_GetFreqDomain_SYS) for RCC_PLL_GetFreqDomain_SYS
    stm32f1xx_ll_utils.o(i.LL_PLL_ConfigSystemClock_HSE) refers to stm32f1xx_ll_utils.o(i.UTILS_PLL_IsBusy) for UTILS_PLL_IsBusy
    stm32f1xx_ll_utils.o(i.LL_PLL_ConfigSystemClock_HSE) refers to stm32f1xx_ll_utils.o(i.UTILS_GetPLLOutputFrequency) for UTILS_GetPLLOutputFrequency
    stm32f1xx_ll_utils.o(i.LL_PLL_ConfigSystemClock_HSE) refers to stm32f1xx_ll_utils.o(i.LL_RCC_PLL_ConfigDomain_SYS) for LL_RCC_PLL_ConfigDomain_SYS
    stm32f1xx_ll_utils.o(i.LL_PLL_ConfigSystemClock_HSE) refers to stm32f1xx_ll_utils.o(i.UTILS_EnablePLLAndSwitchSystem) for UTILS_EnablePLLAndSwitchSystem
    stm32f1xx_ll_utils.o(i.LL_PLL_ConfigSystemClock_HSI) refers to stm32f1xx_ll_utils.o(i.UTILS_PLL_IsBusy) for UTILS_PLL_IsBusy
    stm32f1xx_ll_utils.o(i.LL_PLL_ConfigSystemClock_HSI) refers to stm32f1xx_ll_utils.o(i.UTILS_GetPLLOutputFrequency) for UTILS_GetPLLOutputFrequency
    stm32f1xx_ll_utils.o(i.LL_PLL_ConfigSystemClock_HSI) refers to stm32f1xx_ll_utils.o(i.LL_RCC_PLL_ConfigDomain_SYS) for LL_RCC_PLL_ConfigDomain_SYS
    stm32f1xx_ll_utils.o(i.LL_PLL_ConfigSystemClock_HSI) refers to stm32f1xx_ll_utils.o(i.UTILS_EnablePLLAndSwitchSystem) for UTILS_EnablePLLAndSwitchSystem
    stm32f1xx_ll_utils.o(i.LL_SetSystemCoreClock) refers to system_stm32f1xx.o(.data) for SystemCoreClock
    stm32f1xx_ll_utils.o(i.UTILS_EnablePLLAndSwitchSystem) refers to stm32f1xx_ll_utils.o(i.LL_SetFlashLatency) for LL_SetFlashLatency
    stm32f1xx_ll_utils.o(i.UTILS_EnablePLLAndSwitchSystem) refers to system_stm32f1xx.o(.constdata) for AHBPrescTable
    stm32f1xx_ll_utils.o(i.UTILS_EnablePLLAndSwitchSystem) refers to system_stm32f1xx.o(.data) for SystemCoreClock
    stm32f1xx_hal_gpio.o(i.HAL_GPIO_EXTI_IRQHandler) refers to stm32f1xx_hal_gpio.o(i.HAL_GPIO_EXTI_Callback) for HAL_GPIO_EXTI_Callback
    system_stm32f1xx.o(i.SystemCoreClockUpdate) refers to system_stm32f1xx.o(.data) for .data
    system_stm32f1xx.o(i.SystemCoreClockUpdate) refers to system_stm32f1xx.o(.constdata) for .constdata
    arm_cos_f32.o(.text.arm_cos_f32) refers to fmul.o(.text) for __aeabi_fmul
    arm_cos_f32.o(.text.arm_cos_f32) refers to fadd.o(.text) for __aeabi_fadd
    arm_cos_f32.o(.text.arm_cos_f32) refers to ffixi.o(.text) for __aeabi_f2iz
    arm_cos_f32.o(.text.arm_cos_f32) refers to fcmplt.o(.text) for __aeabi_fcmplt
    arm_cos_f32.o(.text.arm_cos_f32) refers to fflti.o(.text) for __aeabi_i2f
    arm_cos_f32.o(.text.arm_cos_f32) refers to ffltui.o(.text) for __aeabi_ui2f
    arm_cos_f32.o(.text.arm_cos_f32) refers to arm_common_tables.o(.rodata.sinTable_f32) for sinTable_f32
    arm_cos_f32.o(.ARM.exidx.text.arm_cos_f32) refers to arm_cos_f32.o(.text.arm_cos_f32) for [Anonymous Symbol]
    entry.o(.ARM.Collect$$$$00000000) refers (Special) to entry10a.o(.ARM.Collect$$$$0000000F) for __rt_final_cpp
    entry.o(.ARM.Collect$$$$00000000) refers (Special) to entry11a.o(.ARM.Collect$$$$00000011) for __rt_final_exit
    entry.o(.ARM.Collect$$$$00000000) refers (Special) to entry12b.o(.ARM.Collect$$$$0000000E) for __rt_lib_shutdown_fini
    entry.o(.ARM.Collect$$$$00000000) refers (Special) to entry7b.o(.ARM.Collect$$$$00000008) for _main_clock
    entry.o(.ARM.Collect$$$$00000000) refers (Special) to entry8b.o(.ARM.Collect$$$$0000000A) for _main_cpp_init
    entry.o(.ARM.Collect$$$$00000000) refers (Special) to entry9a.o(.ARM.Collect$$$$0000000B) for _main_init
    entry.o(.ARM.Collect$$$$00000000) refers (Special) to entry5.o(.ARM.Collect$$$$00000004) for _main_scatterload
    entry.o(.ARM.Collect$$$$00000000) refers (Special) to entry2.o(.ARM.Collect$$$$00000001) for _main_stk
    fadd.o(.text) refers (Special) to iusefp.o(.text) for __I$use$fp
    fadd.o(.text) refers to fepilogue.o(.text) for _float_epilogue
    fmul.o(.text) refers (Special) to iusefp.o(.text) for __I$use$fp
    fdiv.o(.text) refers (Special) to iusefp.o(.text) for __I$use$fp
    fdiv.o(.text) refers to fepilogue.o(.text) for _float_round
    dadd.o(.text) refers (Special) to iusefp.o(.text) for __I$use$fp
    dadd.o(.text) refers to llshl.o(.text) for __aeabi_llsl
    dadd.o(.text) refers to llsshr.o(.text) for __aeabi_lasr
    dadd.o(.text) refers to depilogue.o(.text) for _double_epilogue
    dmul.o(.text) refers (Special) to iusefp.o(.text) for __I$use$fp
    dmul.o(.text) refers to depilogue.o(.text) for _double_epilogue
    fcmplt.o(.text) refers (Special) to iusefp.o(.text) for __I$use$fp
    fflti.o(.text) refers (Special) to iusefp.o(.text) for __I$use$fp
    fflti.o(.text) refers to fepilogue.o(.text) for _float_epilogue
    ffltui.o(.text) refers (Special) to iusefp.o(.text) for __I$use$fp
    ffltui.o(.text) refers to fepilogue.o(.text) for _float_epilogue
    dfltui.o(.text) refers (Special) to iusefp.o(.text) for __I$use$fp
    dfltui.o(.text) refers to depilogue.o(.text) for _double_epilogue
    ffixi.o(.text) refers (Special) to iusefp.o(.text) for __I$use$fp
    ffixui.o(.text) refers (Special) to iusefp.o(.text) for __I$use$fp
    f2d.o(.text) refers (Special) to iusefp.o(.text) for __I$use$fp
    d2f.o(.text) refers (Special) to iusefp.o(.text) for __I$use$fp
    d2f.o(.text) refers to fepilogue.o(.text) for _float_round
    cfcmple.o(.text) refers (Special) to iusefp.o(.text) for __I$use$fp
    cfrcmple.o(.text) refers (Special) to iusefp.o(.text) for __I$use$fp
    entry2.o(.ARM.Collect$$$$00000001) refers to entry2.o(.ARM.Collect$$$$00002712) for __lit__00000000
    entry2.o(.ARM.Collect$$$$00002712) refers to startup_stm32f103xb.o(STACK) for __initial_sp
    entry2.o(__vectab_stack_and_reset_area) refers to startup_stm32f103xb.o(STACK) for __initial_sp
    entry2.o(__vectab_stack_and_reset_area) refers to entry.o(.ARM.Collect$$$$00000000) for __main
    entry5.o(.ARM.Collect$$$$00000004) refers to init.o(.text) for __scatterload
    entry9a.o(.ARM.Collect$$$$0000000B) refers to main.o(i.main) for main
    entry9b.o(.ARM.Collect$$$$0000000C) refers to main.o(i.main) for main
    depilogue.o(.text) refers to llshl.o(.text) for __aeabi_llsl
    depilogue.o(.text) refers to llushr.o(.text) for __aeabi_llsr
    init.o(.text) refers to entry5.o(.ARM.Collect$$$$00000004) for __main_after_scatterload


==============================================================================

Removing Unused input sections from the image.

    Removing startup_stm32f103xb.o(HEAP), (512 bytes).
    Removing main.o(.rev16_text), (4 bytes).
    Removing main.o(.revsh_text), (4 bytes).
    Removing main.o(.rrx_text), (6 bytes).
    Removing main.o(.data), (4 bytes).
    Removing stm32f1xx_it.o(.rev16_text), (4 bytes).
    Removing stm32f1xx_it.o(.revsh_text), (4 bytes).
    Removing stm32f1xx_it.o(.rrx_text), (6 bytes).
    Removing myinit.o(.rev16_text), (4 bytes).
    Removing myinit.o(.revsh_text), (4 bytes).
    Removing myinit.o(.rrx_text), (6 bytes).
    Removing myinit.o(i.Error_Handler), (2 bytes).
    Removing myinit.o(i.SYSTICK_Init), (2 bytes).
    Removing utility.o(.rev16_text), (4 bytes).
    Removing utility.o(.revsh_text), (4 bytes).
    Removing utility.o(.rrx_text), (6 bytes).
    Removing moto.o(.rev16_text), (4 bytes).
    Removing moto.o(.revsh_text), (4 bytes).
    Removing moto.o(.rrx_text), (6 bytes).
    Removing moto.o(i.FOC_InitPosition), (16 bytes).
    Removing moto.o(i.sinus_control), (304 bytes).
    Removing moto.o(.data), (4 bytes).
    Removing moto.o(.data), (4 bytes).
    Removing moto.o(.data), (4 bytes).
    Removing mylib.o(.rev16_text), (4 bytes).
    Removing mylib.o(.revsh_text), (4 bytes).
    Removing mylib.o(.rrx_text), (6 bytes).
    Removing mylib.o(i.Delay_ms), (36 bytes).
    Removing mylib.o(i.Delay_us), (24 bytes).
    Removing mylib.o(i.moving_average), (204 bytes).
    Removing mylib.o(.data), (4 bytes).
    Removing hall_speed_pos_fdbk.o(.rev16_text), (4 bytes).
    Removing hall_speed_pos_fdbk.o(.revsh_text), (4 bytes).
    Removing hall_speed_pos_fdbk.o(.rrx_text), (6 bytes).
    Removing hall_speed_pos_fdbk.o(i.HALL_Clear), (82 bytes).
    Removing hall_speed_pos_fdbk.o(i.HALL_SetMecAngle), (2 bytes).
    Removing speed_pos_fdbk.o(.rev16_text), (4 bytes).
    Removing speed_pos_fdbk.o(.revsh_text), (4 bytes).
    Removing speed_pos_fdbk.o(.rrx_text), (6 bytes).
    Removing speed_pos_fdbk.o(i.SPD_Check), (16 bytes).
    Removing speed_pos_fdbk.o(i.SPD_GetAvrgMecSpeedUnit), (6 bytes).
    Removing speed_pos_fdbk.o(i.SPD_GetElAngle), (6 bytes).
    Removing speed_pos_fdbk.o(i.SPD_GetElSpeedDpp), (6 bytes).
    Removing speed_pos_fdbk.o(i.SPD_GetElToMecRatio), (4 bytes).
    Removing speed_pos_fdbk.o(i.SPD_GetInstElSpeedDpp), (6 bytes).
    Removing speed_pos_fdbk.o(i.SPD_GetMecAngle), (4 bytes).
    Removing speed_pos_fdbk.o(i.SPD_GetS16Speed), (20 bytes).
    Removing speed_pos_fdbk.o(i.SPD_SetElToMecRatio), (4 bytes).
    Removing stm32f1xx_ll_gpio.o(.rev16_text), (4 bytes).
    Removing stm32f1xx_ll_gpio.o(.revsh_text), (4 bytes).
    Removing stm32f1xx_ll_gpio.o(.rrx_text), (6 bytes).
    Removing stm32f1xx_ll_gpio.o(i.LL_APB2_GRP1_ForceReset), (16 bytes).
    Removing stm32f1xx_ll_gpio.o(i.LL_APB2_GRP1_ReleaseReset), (16 bytes).
    Removing stm32f1xx_ll_gpio.o(i.LL_GPIO_DeInit), (116 bytes).
    Removing stm32f1xx_ll_gpio.o(i.LL_GPIO_StructInit), (22 bytes).
    Removing stm32f1xx_ll_pwr.o(.rev16_text), (4 bytes).
    Removing stm32f1xx_ll_pwr.o(.revsh_text), (4 bytes).
    Removing stm32f1xx_ll_pwr.o(.rrx_text), (6 bytes).
    Removing stm32f1xx_ll_pwr.o(i.LL_PWR_DeInit), (28 bytes).
    Removing stm32f1xx_ll_exti.o(.rev16_text), (4 bytes).
    Removing stm32f1xx_ll_exti.o(.revsh_text), (4 bytes).
    Removing stm32f1xx_ll_exti.o(.rrx_text), (6 bytes).
    Removing stm32f1xx_ll_exti.o(i.LL_EXTI_DeInit), (40 bytes).
    Removing stm32f1xx_ll_exti.o(i.LL_EXTI_Init), (160 bytes).
    Removing stm32f1xx_ll_exti.o(i.LL_EXTI_StructInit), (14 bytes).
    Removing stm32f1xx_ll_tim.o(.rev16_text), (4 bytes).
    Removing stm32f1xx_ll_tim.o(.revsh_text), (4 bytes).
    Removing stm32f1xx_ll_tim.o(.rrx_text), (6 bytes).
    Removing stm32f1xx_ll_tim.o(i.LL_TIM_BDTR_StructInit), (18 bytes).
    Removing stm32f1xx_ll_tim.o(i.LL_TIM_DeInit), (120 bytes).
    Removing stm32f1xx_ll_tim.o(i.LL_TIM_ENCODER_Init), (96 bytes).
    Removing stm32f1xx_ll_tim.o(i.LL_TIM_ENCODER_StructInit), (28 bytes).
    Removing stm32f1xx_ll_tim.o(i.LL_TIM_HALLSENSOR_Init), (86 bytes).
    Removing stm32f1xx_ll_tim.o(i.LL_TIM_HALLSENSOR_StructInit), (12 bytes).
    Removing stm32f1xx_ll_tim.o(i.LL_TIM_IC_Init), (224 bytes).
    Removing stm32f1xx_ll_tim.o(i.LL_TIM_IC_StructInit), (16 bytes).
    Removing stm32f1xx_ll_tim.o(i.LL_TIM_OC_StructInit), (20 bytes).
    Removing stm32f1xx_ll_tim.o(i.LL_TIM_StructInit), (16 bytes).
    Removing stm32f1xx_ll_dma.o(.rev16_text), (4 bytes).
    Removing stm32f1xx_ll_dma.o(.revsh_text), (4 bytes).
    Removing stm32f1xx_ll_dma.o(.rrx_text), (6 bytes).
    Removing stm32f1xx_ll_dma.o(i.LL_DMA_DeInit), (184 bytes).
    Removing stm32f1xx_ll_dma.o(i.LL_DMA_Init), (92 bytes).
    Removing stm32f1xx_ll_dma.o(i.LL_DMA_StructInit), (24 bytes).
    Removing stm32f1xx_ll_dma.o(.constdata), (7 bytes).
    Removing stm32f1xx_ll_rcc.o(.rev16_text), (4 bytes).
    Removing stm32f1xx_ll_rcc.o(.revsh_text), (4 bytes).
    Removing stm32f1xx_ll_rcc.o(.rrx_text), (6 bytes).
    Removing stm32f1xx_ll_rcc.o(i.LL_RCC_DeInit), (96 bytes).
    Removing stm32f1xx_ll_rcc.o(i.LL_RCC_GetADCClockFreq), (48 bytes).
    Removing stm32f1xx_ll_rcc.o(i.LL_RCC_GetSystemClocksFreq), (32 bytes).
    Removing stm32f1xx_ll_rcc.o(i.LL_RCC_GetUSBClockFreq), (56 bytes).
    Removing stm32f1xx_ll_rcc.o(i.RCC_GetHCLKClockFreq), (28 bytes).
    Removing stm32f1xx_ll_rcc.o(i.RCC_GetPCLK1ClockFreq), (28 bytes).
    Removing stm32f1xx_ll_rcc.o(i.RCC_GetPCLK2ClockFreq), (28 bytes).
    Removing stm32f1xx_ll_rcc.o(i.RCC_GetSystemClockFreq), (36 bytes).
    Removing stm32f1xx_ll_rcc.o(i.RCC_PLL_GetFreqDomain_SYS), (56 bytes).
    Removing stm32f1xx_ll_utils.o(.rev16_text), (4 bytes).
    Removing stm32f1xx_ll_utils.o(.revsh_text), (4 bytes).
    Removing stm32f1xx_ll_utils.o(.rrx_text), (6 bytes).
    Removing stm32f1xx_ll_utils.o(i.LL_PLL_ConfigSystemClock_HSE), (108 bytes).
    Removing stm32f1xx_ll_utils.o(i.LL_PLL_ConfigSystemClock_HSI), (88 bytes).
    Removing stm32f1xx_ll_utils.o(i.LL_RCC_PLL_ConfigDomain_SYS), (24 bytes).
    Removing stm32f1xx_ll_utils.o(i.LL_SetFlashLatency), (76 bytes).
    Removing stm32f1xx_ll_utils.o(i.LL_mDelay), (30 bytes).
    Removing stm32f1xx_ll_utils.o(i.UTILS_EnablePLLAndSwitchSystem), (172 bytes).
    Removing stm32f1xx_ll_utils.o(i.UTILS_GetPLLOutputFrequency), (24 bytes).
    Removing stm32f1xx_ll_utils.o(i.UTILS_PLL_IsBusy), (24 bytes).
    Removing stm32f1xx_hal_gpio.o(.rev16_text), (4 bytes).
    Removing stm32f1xx_hal_gpio.o(.revsh_text), (4 bytes).
    Removing stm32f1xx_hal_gpio.o(.rrx_text), (6 bytes).
    Removing stm32f1xx_hal_gpio.o(i.HAL_GPIO_DeInit), (224 bytes).
    Removing stm32f1xx_hal_gpio.o(i.HAL_GPIO_EXTI_Callback), (2 bytes).
    Removing stm32f1xx_hal_gpio.o(i.HAL_GPIO_EXTI_IRQHandler), (24 bytes).
    Removing stm32f1xx_hal_gpio.o(i.HAL_GPIO_Init), (460 bytes).
    Removing stm32f1xx_hal_gpio.o(i.HAL_GPIO_LockPin), (34 bytes).
    Removing stm32f1xx_hal_gpio.o(i.HAL_GPIO_ReadPin), (10 bytes).
    Removing stm32f1xx_hal_gpio.o(i.HAL_GPIO_TogglePin), (16 bytes).
    Removing stm32f1xx_hal_gpio.o(i.HAL_GPIO_WritePin), (10 bytes).
    Removing stm32f1xx_hal_gpio_ex.o(.rev16_text), (4 bytes).
    Removing stm32f1xx_hal_gpio_ex.o(.revsh_text), (4 bytes).
    Removing stm32f1xx_hal_gpio_ex.o(.rrx_text), (6 bytes).
    Removing stm32f1xx_hal_gpio_ex.o(i.HAL_GPIOEx_ConfigEventout), (20 bytes).
    Removing stm32f1xx_hal_gpio_ex.o(i.HAL_GPIOEx_DisableEventout), (16 bytes).
    Removing stm32f1xx_hal_gpio_ex.o(i.HAL_GPIOEx_EnableEventout), (16 bytes).
    Removing system_stm32f1xx.o(.rev16_text), (4 bytes).
    Removing system_stm32f1xx.o(.revsh_text), (4 bytes).
    Removing system_stm32f1xx.o(.rrx_text), (6 bytes).
    Removing system_stm32f1xx.o(i.SystemCoreClockUpdate), (104 bytes).
    Removing system_stm32f1xx.o(.constdata), (16 bytes).
    Removing system_stm32f1xx.o(.constdata), (8 bytes).
    Removing arm_cos_f32.o(.text), (0 bytes).
    Removing arm_cos_f32.o(.ARM.exidx.text.arm_cos_f32), (8 bytes).
    Removing arm_common_tables.o(.text), (0 bytes).
    Removing arm_common_tables.o(.rodata.armBitRevTable), (2048 bytes).
    Removing arm_common_tables.o(.rodata.twiddleCoefF64_16), (256 bytes).
    Removing arm_common_tables.o(.rodata.twiddleCoefF64_32), (512 bytes).
    Removing arm_common_tables.o(.rodata.twiddleCoefF64_64), (1024 bytes).
    Removing arm_common_tables.o(.rodata.twiddleCoefF64_128), (2048 bytes).
    Removing arm_common_tables.o(.rodata.twiddleCoefF64_256), (4096 bytes).
    Removing arm_common_tables.o(.rodata.twiddleCoefF64_512), (8192 bytes).
    Removing arm_common_tables.o(.rodata.twiddleCoefF64_1024), (16384 bytes).
    Removing arm_common_tables.o(.rodata.twiddleCoefF64_2048), (32768 bytes).
    Removing arm_common_tables.o(.rodata.twiddleCoefF64_4096), (65536 bytes).
    Removing arm_common_tables.o(.rodata.twiddleCoef_16), (128 bytes).
    Removing arm_common_tables.o(.rodata.twiddleCoef_32), (256 bytes).
    Removing arm_common_tables.o(.rodata.twiddleCoef_64), (512 bytes).
    Removing arm_common_tables.o(.rodata.twiddleCoef_128), (1024 bytes).
    Removing arm_common_tables.o(.rodata.twiddleCoef_256), (2048 bytes).
    Removing arm_common_tables.o(.rodata.twiddleCoef_512), (4096 bytes).
    Removing arm_common_tables.o(.rodata.twiddleCoef_1024), (8192 bytes).
    Removing arm_common_tables.o(.rodata.twiddleCoef_2048), (16384 bytes).
    Removing arm_common_tables.o(.rodata.twiddleCoef_4096), (32768 bytes).
    Removing arm_common_tables.o(.rodata.twiddleCoef_16_q31), (96 bytes).
    Removing arm_common_tables.o(.rodata.twiddleCoef_32_q31), (192 bytes).
    Removing arm_common_tables.o(.rodata.twiddleCoef_64_q31), (384 bytes).
    Removing arm_common_tables.o(.rodata.twiddleCoef_128_q31), (768 bytes).
    Removing arm_common_tables.o(.rodata.twiddleCoef_256_q31), (1536 bytes).
    Removing arm_common_tables.o(.rodata.twiddleCoef_512_q31), (3072 bytes).
    Removing arm_common_tables.o(.rodata.twiddleCoef_1024_q31), (6144 bytes).
    Removing arm_common_tables.o(.rodata.twiddleCoef_2048_q31), (12288 bytes).
    Removing arm_common_tables.o(.rodata.twiddleCoef_4096_q31), (24576 bytes).
    Removing arm_common_tables.o(.rodata.twiddleCoef_16_q15), (48 bytes).
    Removing arm_common_tables.o(.rodata.twiddleCoef_32_q15), (96 bytes).
    Removing arm_common_tables.o(.rodata.twiddleCoef_64_q15), (192 bytes).
    Removing arm_common_tables.o(.rodata.twiddleCoef_128_q15), (384 bytes).
    Removing arm_common_tables.o(.rodata.twiddleCoef_256_q15), (768 bytes).
    Removing arm_common_tables.o(.rodata.twiddleCoef_512_q15), (1536 bytes).
    Removing arm_common_tables.o(.rodata.twiddleCoef_1024_q15), (3072 bytes).
    Removing arm_common_tables.o(.rodata.twiddleCoef_2048_q15), (6144 bytes).
    Removing arm_common_tables.o(.rodata.twiddleCoef_4096_q15), (12288 bytes).
    Removing arm_common_tables.o(.rodata.armBitRevIndexTableF64_16), (24 bytes).
    Removing arm_common_tables.o(.rodata.armBitRevIndexTableF64_32), (48 bytes).
    Removing arm_common_tables.o(.rodata.armBitRevIndexTableF64_64), (112 bytes).
    Removing arm_common_tables.o(.rodata.armBitRevIndexTableF64_128), (224 bytes).
    Removing arm_common_tables.o(.rodata.armBitRevIndexTableF64_256), (480 bytes).
    Removing arm_common_tables.o(.rodata.armBitRevIndexTableF64_512), (960 bytes).
    Removing arm_common_tables.o(.rodata.armBitRevIndexTableF64_1024), (1984 bytes).
    Removing arm_common_tables.o(.rodata.armBitRevIndexTableF64_2048), (3968 bytes).
    Removing arm_common_tables.o(.rodata.armBitRevIndexTableF64_4096), (8064 bytes).
    Removing arm_common_tables.o(.rodata.armBitRevIndexTable16), (40 bytes).
    Removing arm_common_tables.o(.rodata.armBitRevIndexTable32), (96 bytes).
    Removing arm_common_tables.o(.rodata.armBitRevIndexTable64), (112 bytes).
    Removing arm_common_tables.o(.rodata.armBitRevIndexTable128), (416 bytes).
    Removing arm_common_tables.o(.rodata.armBitRevIndexTable256), (880 bytes).
    Removing arm_common_tables.o(.rodata.armBitRevIndexTable512), (896 bytes).
    Removing arm_common_tables.o(.rodata.armBitRevIndexTable1024), (3600 bytes).
    Removing arm_common_tables.o(.rodata.armBitRevIndexTable2048), (7616 bytes).
    Removing arm_common_tables.o(.rodata.armBitRevIndexTable4096), (8064 bytes).
    Removing arm_common_tables.o(.rodata.armBitRevIndexTable_fixed_16), (24 bytes).
    Removing arm_common_tables.o(.rodata.armBitRevIndexTable_fixed_32), (48 bytes).
    Removing arm_common_tables.o(.rodata.armBitRevIndexTable_fixed_64), (112 bytes).
    Removing arm_common_tables.o(.rodata.armBitRevIndexTable_fixed_128), (224 bytes).
    Removing arm_common_tables.o(.rodata.armBitRevIndexTable_fixed_256), (480 bytes).
    Removing arm_common_tables.o(.rodata.armBitRevIndexTable_fixed_512), (960 bytes).
    Removing arm_common_tables.o(.rodata.armBitRevIndexTable_fixed_1024), (1984 bytes).
    Removing arm_common_tables.o(.rodata.armBitRevIndexTable_fixed_2048), (3968 bytes).
    Removing arm_common_tables.o(.rodata.armBitRevIndexTable_fixed_4096), (8064 bytes).
    Removing arm_common_tables.o(.rodata.twiddleCoefF64_rfft_32), (256 bytes).
    Removing arm_common_tables.o(.rodata.twiddleCoefF64_rfft_64), (512 bytes).
    Removing arm_common_tables.o(.rodata.twiddleCoefF64_rfft_128), (1024 bytes).
    Removing arm_common_tables.o(.rodata.twiddleCoefF64_rfft_256), (2048 bytes).
    Removing arm_common_tables.o(.rodata.twiddleCoefF64_rfft_512), (4096 bytes).
    Removing arm_common_tables.o(.rodata.twiddleCoefF64_rfft_1024), (8192 bytes).
    Removing arm_common_tables.o(.rodata.twiddleCoefF64_rfft_2048), (16384 bytes).
    Removing arm_common_tables.o(.rodata.twiddleCoefF64_rfft_4096), (32768 bytes).
    Removing arm_common_tables.o(.rodata.twiddleCoef_rfft_32), (128 bytes).
    Removing arm_common_tables.o(.rodata.twiddleCoef_rfft_64), (256 bytes).
    Removing arm_common_tables.o(.rodata.twiddleCoef_rfft_128), (512 bytes).
    Removing arm_common_tables.o(.rodata.twiddleCoef_rfft_256), (1024 bytes).
    Removing arm_common_tables.o(.rodata.twiddleCoef_rfft_512), (2048 bytes).
    Removing arm_common_tables.o(.rodata.twiddleCoef_rfft_1024), (4096 bytes).
    Removing arm_common_tables.o(.rodata.twiddleCoef_rfft_2048), (8192 bytes).
    Removing arm_common_tables.o(.rodata.twiddleCoef_rfft_4096), (16384 bytes).
    Removing arm_common_tables.o(.rodata.realCoefA), (32768 bytes).
    Removing arm_common_tables.o(.rodata.realCoefB), (32768 bytes).
    Removing arm_common_tables.o(.rodata.realCoefAQ31), (32768 bytes).
    Removing arm_common_tables.o(.rodata.realCoefBQ31), (32768 bytes).
    Removing arm_common_tables.o(.rodata.realCoefAQ15), (16384 bytes).
    Removing arm_common_tables.o(.rodata.realCoefBQ15), (16384 bytes).
    Removing arm_common_tables.o(.rodata.Weights_128), (1024 bytes).
    Removing arm_common_tables.o(.rodata.cos_factors_128), (512 bytes).
    Removing arm_common_tables.o(.rodata.Weights_512), (4096 bytes).
    Removing arm_common_tables.o(.rodata.cos_factors_512), (2048 bytes).
    Removing arm_common_tables.o(.rodata.Weights_2048), (16384 bytes).
    Removing arm_common_tables.o(.rodata.cos_factors_2048), (8192 bytes).
    Removing arm_common_tables.o(.rodata.Weights_8192), (65536 bytes).
    Removing arm_common_tables.o(.rodata.cos_factors_8192), (32768 bytes).
    Removing arm_common_tables.o(.rodata.WeightsQ15_128), (512 bytes).
    Removing arm_common_tables.o(.rodata.cos_factorsQ15_128), (256 bytes).
    Removing arm_common_tables.o(.rodata.WeightsQ15_512), (2048 bytes).
    Removing arm_common_tables.o(.rodata.cos_factorsQ15_512), (1024 bytes).
    Removing arm_common_tables.o(.rodata.WeightsQ15_2048), (8192 bytes).
    Removing arm_common_tables.o(.rodata.cos_factorsQ15_2048), (4096 bytes).
    Removing arm_common_tables.o(.rodata.WeightsQ15_8192), (32768 bytes).
    Removing arm_common_tables.o(.rodata.cos_factorsQ15_8192), (16384 bytes).
    Removing arm_common_tables.o(.rodata.WeightsQ31_128), (1024 bytes).
    Removing arm_common_tables.o(.rodata.cos_factorsQ31_128), (512 bytes).
    Removing arm_common_tables.o(.rodata.WeightsQ31_512), (4096 bytes).
    Removing arm_common_tables.o(.rodata.cos_factorsQ31_512), (2048 bytes).
    Removing arm_common_tables.o(.rodata.WeightsQ31_2048), (16384 bytes).
    Removing arm_common_tables.o(.rodata.cos_factorsQ31_2048), (8192 bytes).
    Removing arm_common_tables.o(.rodata.WeightsQ31_8192), (65536 bytes).
    Removing arm_common_tables.o(.rodata.cos_factorsQ31_8192), (32768 bytes).
    Removing arm_common_tables.o(.rodata.armRecipTableQ15), (128 bytes).
    Removing arm_common_tables.o(.rodata.armRecipTableQ31), (256 bytes).
    Removing arm_common_tables.o(.rodata.sinTable_q31), (2052 bytes).
    Removing arm_common_tables.o(.rodata.sinTable_q15), (1026 bytes).
    Removing cfcmple.o(.text), (20 bytes).

249 unused section(s) (total 921751 bytes) removed from the image.

==============================================================================

Image Symbol Table

    Local Symbols

    Symbol Name                              Value     Ov Type        Size  Object(Section)

    ../Core/Src/main.c                       0x00000000   Number         0  main.o ABSOLUTE
    ../Core/Src/stm32f1xx_it.c               0x00000000   Number         0  stm32f1xx_it.o ABSOLUTE
    ../Core/Src/system_stm32f1xx.c           0x00000000   Number         0  system_stm32f1xx.o ABSOLUTE
    ../Drivers/STM32F1xx_HAL_Driver/Src/stm32f1xx_ll_dma.c 0x00000000   Number         0  stm32f1xx_ll_dma.o ABSOLUTE
    ../Drivers/STM32F1xx_HAL_Driver/Src/stm32f1xx_ll_exti.c 0x00000000   Number         0  stm32f1xx_ll_exti.o ABSOLUTE
    ../Drivers/STM32F1xx_HAL_Driver/Src/stm32f1xx_ll_gpio.c 0x00000000   Number         0  stm32f1xx_ll_gpio.o ABSOLUTE
    ../Drivers/STM32F1xx_HAL_Driver/Src/stm32f1xx_ll_pwr.c 0x00000000   Number         0  stm32f1xx_ll_pwr.o ABSOLUTE
    ../Drivers/STM32F1xx_HAL_Driver/Src/stm32f1xx_ll_rcc.c 0x00000000   Number         0  stm32f1xx_ll_rcc.o ABSOLUTE
    ../Drivers/STM32F1xx_HAL_Driver/Src/stm32f1xx_ll_tim.c 0x00000000   Number         0  stm32f1xx_ll_tim.o ABSOLUTE
    ../Drivers/STM32F1xx_HAL_Driver/Src/stm32f1xx_ll_utils.c 0x00000000   Number         0  stm32f1xx_ll_utils.o ABSOLUTE
    ../clib/../cmprslib/zerorunl2.c          0x00000000   Number         0  __dczerorl2.o ABSOLUTE
    ../clib/microlib/init/entry.s            0x00000000   Number         0  entry12a.o ABSOLUTE
    ../clib/microlib/init/entry.s            0x00000000   Number         0  entry8a.o ABSOLUTE
    ../clib/microlib/init/entry.s            0x00000000   Number         0  entry11b.o ABSOLUTE
    ../clib/microlib/init/entry.s            0x00000000   Number         0  entry7b.o ABSOLUTE
    ../clib/microlib/init/entry.s            0x00000000   Number         0  entry7a.o ABSOLUTE
    ../clib/microlib/init/entry.s            0x00000000   Number         0  entry5.o ABSOLUTE
    ../clib/microlib/init/entry.s            0x00000000   Number         0  entry2.o ABSOLUTE
    ../clib/microlib/init/entry.s            0x00000000   Number         0  entry12b.o ABSOLUTE
    ../clib/microlib/init/entry.s            0x00000000   Number         0  entry11a.o ABSOLUTE
    ../clib/microlib/init/entry.s            0x00000000   Number         0  entry10b.o ABSOLUTE
    ../clib/microlib/init/entry.s            0x00000000   Number         0  entry10a.o ABSOLUTE
    ../clib/microlib/init/entry.s            0x00000000   Number         0  entry9b.o ABSOLUTE
    ../clib/microlib/init/entry.s            0x00000000   Number         0  entry9a.o ABSOLUTE
    ../clib/microlib/init/entry.s            0x00000000   Number         0  entry.o ABSOLUTE
    ../clib/microlib/init/entry.s            0x00000000   Number         0  entry8b.o ABSOLUTE
    ../clib/microlib/longlong.c              0x00000000   Number         0  llushr.o ABSOLUTE
    ../clib/microlib/longlong.c              0x00000000   Number         0  llsshr.o ABSOLUTE
    ../clib/microlib/longlong.c              0x00000000   Number         0  llshl.o ABSOLUTE
    ../clib/microlib/string/memset.c         0x00000000   Number         0  memseta.o ABSOLUTE
    ../clib/microlib/stubs.s                 0x00000000   Number         0  iusefp.o ABSOLUTE
    ../fplib/microlib/d2f.c                  0x00000000   Number         0  d2f.o ABSOLUTE
    ../fplib/microlib/f2d.c                  0x00000000   Number         0  f2d.o ABSOLUTE
    ../fplib/microlib/fpadd.c                0x00000000   Number         0  fadd.o ABSOLUTE
    ../fplib/microlib/fpadd.c                0x00000000   Number         0  dadd.o ABSOLUTE
    ../fplib/microlib/fpcmp.c                0x00000000   Number         0  fcmplt.o ABSOLUTE
    ../fplib/microlib/fpdiv.c                0x00000000   Number         0  fdiv.o ABSOLUTE
    ../fplib/microlib/fpepilogue.c           0x00000000   Number         0  depilogue.o ABSOLUTE
    ../fplib/microlib/fpepilogue.c           0x00000000   Number         0  fepilogue.o ABSOLUTE
    ../fplib/microlib/fpfix.c                0x00000000   Number         0  ffixui.o ABSOLUTE
    ../fplib/microlib/fpfix.c                0x00000000   Number         0  ffixi.o ABSOLUTE
    ../fplib/microlib/fpflt.c                0x00000000   Number         0  fflti.o ABSOLUTE
    ../fplib/microlib/fpflt.c                0x00000000   Number         0  ffltui.o ABSOLUTE
    ../fplib/microlib/fpflt.c                0x00000000   Number         0  dfltui.o ABSOLUTE
    ../fplib/microlib/fpmul.c                0x00000000   Number         0  fmul.o ABSOLUTE
    ../fplib/microlib/fpmul.c                0x00000000   Number         0  dmul.o ABSOLUTE
    ..\Core\Src\main.c                       0x00000000   Number         0  main.o ABSOLUTE
    ..\Core\Src\stm32f1xx_it.c               0x00000000   Number         0  stm32f1xx_it.o ABSOLUTE
    ..\Core\Src\system_stm32f1xx.c           0x00000000   Number         0  system_stm32f1xx.o ABSOLUTE
    ..\Drivers\STM32F1xx_HAL_Driver\Src\stm32f1xx_hal_gpio.c 0x00000000   Number         0  stm32f1xx_hal_gpio.o ABSOLUTE
    ..\Drivers\STM32F1xx_HAL_Driver\Src\stm32f1xx_hal_gpio_ex.c 0x00000000   Number         0  stm32f1xx_hal_gpio_ex.o ABSOLUTE
    ..\Drivers\STM32F1xx_HAL_Driver\Src\stm32f1xx_ll_dma.c 0x00000000   Number         0  stm32f1xx_ll_dma.o ABSOLUTE
    ..\Drivers\STM32F1xx_HAL_Driver\Src\stm32f1xx_ll_exti.c 0x00000000   Number         0  stm32f1xx_ll_exti.o ABSOLUTE
    ..\Drivers\STM32F1xx_HAL_Driver\Src\stm32f1xx_ll_gpio.c 0x00000000   Number         0  stm32f1xx_ll_gpio.o ABSOLUTE
    ..\Drivers\STM32F1xx_HAL_Driver\Src\stm32f1xx_ll_pwr.c 0x00000000   Number         0  stm32f1xx_ll_pwr.o ABSOLUTE
    ..\Drivers\STM32F1xx_HAL_Driver\Src\stm32f1xx_ll_rcc.c 0x00000000   Number         0  stm32f1xx_ll_rcc.o ABSOLUTE
    ..\Drivers\STM32F1xx_HAL_Driver\Src\stm32f1xx_ll_tim.c 0x00000000   Number         0  stm32f1xx_ll_tim.o ABSOLUTE
    ..\Drivers\STM32F1xx_HAL_Driver\Src\stm32f1xx_ll_utils.c 0x00000000   Number         0  stm32f1xx_ll_utils.o ABSOLUTE
    ..\\Drivers\\STM32F1xx_HAL_Driver\\Src\\stm32f1xx_hal_gpio.c 0x00000000   Number         0  stm32f1xx_hal_gpio.o ABSOLUTE
    ..\\Drivers\\STM32F1xx_HAL_Driver\\Src\\stm32f1xx_hal_gpio_ex.c 0x00000000   Number         0  stm32f1xx_hal_gpio_ex.o ABSOLUTE
    arm_common_tables.c                      0x00000000   Number         0  arm_common_tables.o ABSOLUTE
    arm_cos_f32.c                            0x00000000   Number         0  arm_cos_f32.o ABSOLUTE
    cfcmple.s                                0x00000000   Number         0  cfcmple.o ABSOLUTE
    cfrcmple.s                               0x00000000   Number         0  cfrcmple.o ABSOLUTE
    dc.s                                     0x00000000   Number         0  dc.o ABSOLUTE
    hall_speed_pos_fdbk.c                    0x00000000   Number         0  hall_speed_pos_fdbk.o ABSOLUTE
    hall_speed_pos_fdbk.c                    0x00000000   Number         0  hall_speed_pos_fdbk.o ABSOLUTE
    handlers.s                               0x00000000   Number         0  handlers.o ABSOLUTE
    init.s                                   0x00000000   Number         0  init.o ABSOLUTE
    moto.c                                   0x00000000   Number         0  moto.o ABSOLUTE
    moto.c                                   0x00000000   Number         0  moto.o ABSOLUTE
    myInit.c                                 0x00000000   Number         0  myinit.o ABSOLUTE
    myInit.c                                 0x00000000   Number         0  myinit.o ABSOLUTE
    mylib.c                                  0x00000000   Number         0  mylib.o ABSOLUTE
    mylib.c                                  0x00000000   Number         0  mylib.o ABSOLUTE
    speed_pos_fdbk.c                         0x00000000   Number         0  speed_pos_fdbk.o ABSOLUTE
    speed_pos_fdbk.c                         0x00000000   Number         0  speed_pos_fdbk.o ABSOLUTE
    startup_stm32f103xb.s                    0x00000000   Number         0  startup_stm32f103xb.o ABSOLUTE
    utility.c                                0x00000000   Number         0  utility.o ABSOLUTE
    utility.c                                0x00000000   Number         0  utility.o ABSOLUTE
    RESET                                    0x08000000   Section      236  startup_stm32f103xb.o(RESET)
    .ARM.Collect$$$$00000000                 0x080000ec   Section        0  entry.o(.ARM.Collect$$$$00000000)
    .ARM.Collect$$$$00000001                 0x080000ec   Section        4  entry2.o(.ARM.Collect$$$$00000001)
    .ARM.Collect$$$$00000004                 0x080000f0   Section        4  entry5.o(.ARM.Collect$$$$00000004)
    .ARM.Collect$$$$00000008                 0x080000f4   Section        0  entry7b.o(.ARM.Collect$$$$00000008)
    .ARM.Collect$$$$0000000A                 0x080000f4   Section        0  entry8b.o(.ARM.Collect$$$$0000000A)
    .ARM.Collect$$$$0000000B                 0x080000f4   Section        8  entry9a.o(.ARM.Collect$$$$0000000B)
    .ARM.Collect$$$$0000000E                 0x080000fc   Section        4  entry12b.o(.ARM.Collect$$$$0000000E)
    .ARM.Collect$$$$0000000F                 0x08000100   Section        0  entry10a.o(.ARM.Collect$$$$0000000F)
    .ARM.Collect$$$$00000011                 0x08000100   Section        0  entry11a.o(.ARM.Collect$$$$00000011)
    .ARM.Collect$$$$00002712                 0x08000100   Section        4  entry2.o(.ARM.Collect$$$$00002712)
    __lit__00000000                          0x08000100   Data           4  entry2.o(.ARM.Collect$$$$00002712)
    .text                                    0x08000104   Section       36  startup_stm32f103xb.o(.text)
    .text                                    0x08000128   Section        0  memseta.o(.text)
    .text                                    0x0800014c   Section        0  fadd.o(.text)
    .text                                    0x080001fc   Section        0  fmul.o(.text)
    .text                                    0x08000260   Section        0  fdiv.o(.text)
    .text                                    0x080002dc   Section        0  dadd.o(.text)
    .text                                    0x0800042a   Section        0  dmul.o(.text)
    .text                                    0x0800050e   Section        0  fcmplt.o(.text)
    .text                                    0x0800052a   Section        0  fflti.o(.text)
    .text                                    0x0800053c   Section        0  ffltui.o(.text)
    .text                                    0x08000546   Section        0  dfltui.o(.text)
    .text                                    0x08000560   Section        0  ffixi.o(.text)
    .text                                    0x08000592   Section        0  ffixui.o(.text)
    .text                                    0x080005ba   Section        0  f2d.o(.text)
    .text                                    0x080005e0   Section        0  d2f.o(.text)
    .text                                    0x08000618   Section       20  cfrcmple.o(.text)
    .text                                    0x0800062c   Section        0  llshl.o(.text)
    .text                                    0x0800064a   Section        0  llsshr.o(.text)
    .text                                    0x0800066e   Section        0  iusefp.o(.text)
    .text                                    0x0800066e   Section        0  fepilogue.o(.text)
    .text                                    0x080006dc   Section        0  depilogue.o(.text)
    .text                                    0x08000798   Section       36  init.o(.text)
    .text                                    0x080007bc   Section        0  llushr.o(.text)
    .text                                    0x080007dc   Section        0  __dczerorl2.o(.text)
    [Anonymous Symbol]                       0x08000832   Section        0  arm_cos_f32.o(.text.arm_cos_f32)
    i.BusFault_Handler                       0x080008de   Section        0  stm32f1xx_it.o(i.BusFault_Handler)
    i.DebugMon_Handler                       0x080008e0   Section        0  stm32f1xx_it.o(i.DebugMon_Handler)
    i.FOC                                    0x080008e4   Section        0  moto.o(i.FOC)
    i.HALL_CalcAvrgMecSpeedUnit              0x08000ae8   Section        0  hall_speed_pos_fdbk.o(i.HALL_CalcAvrgMecSpeedUnit)
    i.HALL_CalcElAngle                       0x08000b76   Section        0  hall_speed_pos_fdbk.o(i.HALL_CalcElAngle)
    i.HALL_Init                              0x08000bb0   Section        0  hall_speed_pos_fdbk.o(i.HALL_Init)
    i.HALL_Init_Electrical_Angle             0x08000ccc   Section        0  hall_speed_pos_fdbk.o(i.HALL_Init_Electrical_Angle)
    HALL_Init_Electrical_Angle               0x08000ccd   Thumb Code   156  hall_speed_pos_fdbk.o(i.HALL_Init_Electrical_Angle)
    i.HALL_TIMx_CC_IRQHandler                0x08000d68   Section        0  hall_speed_pos_fdbk.o(i.HALL_TIMx_CC_IRQHandler)
    i.HALL_TIMx_UP_IRQHandler                0x08000ffa   Section        0  hall_speed_pos_fdbk.o(i.HALL_TIMx_UP_IRQHandler)
    i.HardFault_Handler                      0x0800107a   Section        0  stm32f1xx_it.o(i.HardFault_Handler)
    i.LL_APB1_GRP1_EnableClock               0x0800107c   Section        0  myinit.o(i.LL_APB1_GRP1_EnableClock)
    LL_APB1_GRP1_EnableClock                 0x0800107d   Thumb Code    18  myinit.o(i.LL_APB1_GRP1_EnableClock)
    i.LL_APB2_GRP1_EnableClock               0x08001094   Section        0  myinit.o(i.LL_APB2_GRP1_EnableClock)
    LL_APB2_GRP1_EnableClock                 0x08001095   Thumb Code    18  myinit.o(i.LL_APB2_GRP1_EnableClock)
    i.LL_GPIO_Init                           0x080010ac   Section        0  stm32f1xx_ll_gpio.o(i.LL_GPIO_Init)
    i.LL_GPIO_IsInputPinSet                  0x08001196   Section        0  hall_speed_pos_fdbk.o(i.LL_GPIO_IsInputPinSet)
    LL_GPIO_IsInputPinSet                    0x08001197   Thumb Code    20  hall_speed_pos_fdbk.o(i.LL_GPIO_IsInputPinSet)
    i.LL_GPIO_SetPinMode                     0x080011aa   Section        0  myinit.o(i.LL_GPIO_SetPinMode)
    LL_GPIO_SetPinMode                       0x080011ab   Thumb Code    42  myinit.o(i.LL_GPIO_SetPinMode)
    i.LL_GPIO_TogglePin                      0x080011d4   Section        0  utility.o(i.LL_GPIO_TogglePin)
    LL_GPIO_TogglePin                        0x080011d5   Thumb Code    20  utility.o(i.LL_GPIO_TogglePin)
    i.LL_Init1msTick                         0x080011e8   Section        0  stm32f1xx_ll_utils.o(i.LL_Init1msTick)
    i.LL_SetSystemCoreClock                  0x08001204   Section        0  stm32f1xx_ll_utils.o(i.LL_SetSystemCoreClock)
    i.LL_TIM_BDTR_Init                       0x08001210   Section        0  stm32f1xx_ll_tim.o(i.LL_TIM_BDTR_Init)
    i.LL_TIM_Init                            0x0800124c   Section        0  stm32f1xx_ll_tim.o(i.LL_TIM_Init)
    i.LL_TIM_OC_DisableFast                  0x080012b4   Section        0  myinit.o(i.LL_TIM_OC_DisableFast)
    LL_TIM_OC_DisableFast                    0x080012b5   Thumb Code    80  myinit.o(i.LL_TIM_OC_DisableFast)
    i.LL_TIM_OC_EnablePreload                0x08001308   Section        0  myinit.o(i.LL_TIM_OC_EnablePreload)
    LL_TIM_OC_EnablePreload                  0x08001309   Thumb Code    80  myinit.o(i.LL_TIM_OC_EnablePreload)
    i.LL_TIM_OC_Init                         0x0800135c   Section        0  stm32f1xx_ll_tim.o(i.LL_TIM_OC_Init)
    i.MX_GPIO_Init                           0x080014e8   Section        0  myinit.o(i.MX_GPIO_Init)
    i.MX_TIM1_Init                           0x08001548   Section        0  myinit.o(i.MX_TIM1_Init)
    i.MX_TIM2_Init                           0x080016b8   Section        0  myinit.o(i.MX_TIM2_Init)
    i.MX_TIM4_Init                           0x08001718   Section        0  myinit.o(i.MX_TIM4_Init)
    i.MemManage_Handler                      0x08001844   Section        0  stm32f1xx_it.o(i.MemManage_Handler)
    i.NMI_Handler                            0x08001846   Section        0  stm32f1xx_it.o(i.NMI_Handler)
    i.PendSV_Handler                         0x08001848   Section        0  stm32f1xx_it.o(i.PendSV_Handler)
    i.SPD_IsMecSpeedReliable                 0x0800184a   Section        0  speed_pos_fdbk.o(i.SPD_IsMecSpeedReliable)
    i.SVC_Handler                            0x080018a8   Section        0  stm32f1xx_it.o(i.SVC_Handler)
    i.Set_ENx                                0x080018ac   Section        0  moto.o(i.Set_ENx)
    i.SysTick_Handler                        0x080018bc   Section        0  stm32f1xx_it.o(i.SysTick_Handler)
    i.SystemClock_Config                     0x080018d4   Section        0  myinit.o(i.SystemClock_Config)
    i.SystemInit                             0x08001970   Section        0  system_stm32f1xx.o(i.SystemInit)
    i.TIM1_UP_IRQHandler                     0x08001972   Section        0  stm32f1xx_it.o(i.TIM1_UP_IRQHandler)
    i.TIM4_IRQHandler                        0x08001974   Section        0  stm32f1xx_it.o(i.TIM4_IRQHandler)
    i.UsageFault_Handler                     0x080019b0   Section        0  stm32f1xx_it.o(i.UsageFault_Handler)
    i.__scatterload_copy                     0x080019b2   Section       14  handlers.o(i.__scatterload_copy)
    i.__scatterload_null                     0x080019c0   Section        2  handlers.o(i.__scatterload_null)
    i.__scatterload_zeroinit                 0x080019c2   Section       14  handlers.o(i.__scatterload_zeroinit)
    i.combined_control_V3                    0x080019d0   Section        0  moto.o(i.combined_control_V3)
    i.led_blink                              0x08001c98   Section        0  utility.o(i.led_blink)
    i.main                                   0x08001cd8   Section        0  main.o(i.main)
    i.sinus_control_V2                       0x08001dec   Section        0  moto.o(i.sinus_control_V2)
    .constdata                               0x0800204c   Section       28  myinit.o(.constdata)
    OFFSET_TAB_CCMRx                         0x0800204c   Data           7  myinit.o(.constdata)
    SHIFT_TAB_OCxx                           0x08002053   Data           7  myinit.o(.constdata)
    SHIFT_TAB_ICxx                           0x0800205a   Data           7  myinit.o(.constdata)
    SHIFT_TAB_CCxP                           0x08002061   Data           7  myinit.o(.constdata)
    .constdata                               0x08002068   Section       14  hall_speed_pos_fdbk.o(.constdata)
    OFFSET_TAB_CCMRx                         0x08002068   Data           7  hall_speed_pos_fdbk.o(.constdata)
    SHIFT_TAB_ICxx                           0x0800206f   Data           7  hall_speed_pos_fdbk.o(.constdata)
    .data                                    0x20000000   Section       32  main.o(.data)
    .data                                    0x20000020   Section        4  utility.o(.data)
    last_tick                                0x20000020   Data           4  utility.o(.data)
    .data                                    0x20000024   Section      100  moto.o(.data)
    .data                                    0x20000088   Section      200  hall_speed_pos_fdbk.o(.data)
    .data                                    0x20000150   Section        4  system_stm32f1xx.o(.data)
    STACK                                    0x20000158   Section     1024  startup_stm32f103xb.o(STACK)

    Global Symbols

    Symbol Name                              Value     Ov Type        Size  Object(Section)

    BuildAttributes$$THM_ISAv4$P$D$K$B$S$PE$A:L22UL41UL21$X:L11$S22US41US21$IEEE1$IW$USESV6$~STKCKD$USESV7$~SHL$OTIME$ROPI$EBA8$MICROLIB$REQ8$PRES8$EABIv2 0x00000000   Number         0  anon$$obj.o ABSOLUTE
    __ARM_use_no_argv                        0x00000000   Number         0  main.o ABSOLUTE
    __arm_fini_                               - Undefined Weak Reference
    __cpp_initialize__aeabi_                  - Undefined Weak Reference
    __cxa_finalize                            - Undefined Weak Reference
    _clock_init                               - Undefined Weak Reference
    _microlib_exit                            - Undefined Weak Reference
    __Vectors_Size                           0x000000ec   Number         0  startup_stm32f103xb.o ABSOLUTE
    __Vectors                                0x08000000   Data           4  startup_stm32f103xb.o(RESET)
    __Vectors_End                            0x080000ec   Data           0  startup_stm32f103xb.o(RESET)
    __main                                   0x080000ed   Thumb Code     0  entry.o(.ARM.Collect$$$$00000000)
    _main_stk                                0x080000ed   Thumb Code     0  entry2.o(.ARM.Collect$$$$00000001)
    _main_scatterload                        0x080000f1   Thumb Code     0  entry5.o(.ARM.Collect$$$$00000004)
    __main_after_scatterload                 0x080000f5   Thumb Code     0  entry5.o(.ARM.Collect$$$$00000004)
    _main_clock                              0x080000f5   Thumb Code     0  entry7b.o(.ARM.Collect$$$$00000008)
    _main_cpp_init                           0x080000f5   Thumb Code     0  entry8b.o(.ARM.Collect$$$$0000000A)
    _main_init                               0x080000f5   Thumb Code     0  entry9a.o(.ARM.Collect$$$$0000000B)
    __rt_lib_shutdown_fini                   0x080000fd   Thumb Code     0  entry12b.o(.ARM.Collect$$$$0000000E)
    __rt_final_cpp                           0x08000101   Thumb Code     0  entry10a.o(.ARM.Collect$$$$0000000F)
    __rt_final_exit                          0x08000101   Thumb Code     0  entry11a.o(.ARM.Collect$$$$00000011)
    Reset_Handler                            0x08000105   Thumb Code     8  startup_stm32f103xb.o(.text)
    ADC1_2_IRQHandler                        0x0800011f   Thumb Code     0  startup_stm32f103xb.o(.text)
    CAN1_RX1_IRQHandler                      0x0800011f   Thumb Code     0  startup_stm32f103xb.o(.text)
    CAN1_SCE_IRQHandler                      0x0800011f   Thumb Code     0  startup_stm32f103xb.o(.text)
    DMA1_Channel1_IRQHandler                 0x0800011f   Thumb Code     0  startup_stm32f103xb.o(.text)
    DMA1_Channel2_IRQHandler                 0x0800011f   Thumb Code     0  startup_stm32f103xb.o(.text)
    DMA1_Channel3_IRQHandler                 0x0800011f   Thumb Code     0  startup_stm32f103xb.o(.text)
    DMA1_Channel4_IRQHandler                 0x0800011f   Thumb Code     0  startup_stm32f103xb.o(.text)
    DMA1_Channel5_IRQHandler                 0x0800011f   Thumb Code     0  startup_stm32f103xb.o(.text)
    DMA1_Channel6_IRQHandler                 0x0800011f   Thumb Code     0  startup_stm32f103xb.o(.text)
    DMA1_Channel7_IRQHandler                 0x0800011f   Thumb Code     0  startup_stm32f103xb.o(.text)
    EXTI0_IRQHandler                         0x0800011f   Thumb Code     0  startup_stm32f103xb.o(.text)
    EXTI15_10_IRQHandler                     0x0800011f   Thumb Code     0  startup_stm32f103xb.o(.text)
    EXTI1_IRQHandler                         0x0800011f   Thumb Code     0  startup_stm32f103xb.o(.text)
    EXTI2_IRQHandler                         0x0800011f   Thumb Code     0  startup_stm32f103xb.o(.text)
    EXTI3_IRQHandler                         0x0800011f   Thumb Code     0  startup_stm32f103xb.o(.text)
    EXTI4_IRQHandler                         0x0800011f   Thumb Code     0  startup_stm32f103xb.o(.text)
    EXTI9_5_IRQHandler                       0x0800011f   Thumb Code     0  startup_stm32f103xb.o(.text)
    FLASH_IRQHandler                         0x0800011f   Thumb Code     0  startup_stm32f103xb.o(.text)
    I2C1_ER_IRQHandler                       0x0800011f   Thumb Code     0  startup_stm32f103xb.o(.text)
    I2C1_EV_IRQHandler                       0x0800011f   Thumb Code     0  startup_stm32f103xb.o(.text)
    I2C2_ER_IRQHandler                       0x0800011f   Thumb Code     0  startup_stm32f103xb.o(.text)
    I2C2_EV_IRQHandler                       0x0800011f   Thumb Code     0  startup_stm32f103xb.o(.text)
    PVD_IRQHandler                           0x0800011f   Thumb Code     0  startup_stm32f103xb.o(.text)
    RCC_IRQHandler                           0x0800011f   Thumb Code     0  startup_stm32f103xb.o(.text)
    RTC_Alarm_IRQHandler                     0x0800011f   Thumb Code     0  startup_stm32f103xb.o(.text)
    RTC_IRQHandler                           0x0800011f   Thumb Code     0  startup_stm32f103xb.o(.text)
    SPI1_IRQHandler                          0x0800011f   Thumb Code     0  startup_stm32f103xb.o(.text)
    SPI2_IRQHandler                          0x0800011f   Thumb Code     0  startup_stm32f103xb.o(.text)
    TAMPER_IRQHandler                        0x0800011f   Thumb Code     0  startup_stm32f103xb.o(.text)
    TIM1_BRK_IRQHandler                      0x0800011f   Thumb Code     0  startup_stm32f103xb.o(.text)
    TIM1_CC_IRQHandler                       0x0800011f   Thumb Code     0  startup_stm32f103xb.o(.text)
    TIM1_TRG_COM_IRQHandler                  0x0800011f   Thumb Code     0  startup_stm32f103xb.o(.text)
    TIM2_IRQHandler                          0x0800011f   Thumb Code     0  startup_stm32f103xb.o(.text)
    TIM3_IRQHandler                          0x0800011f   Thumb Code     0  startup_stm32f103xb.o(.text)
    USART1_IRQHandler                        0x0800011f   Thumb Code     0  startup_stm32f103xb.o(.text)
    USART2_IRQHandler                        0x0800011f   Thumb Code     0  startup_stm32f103xb.o(.text)
    USART3_IRQHandler                        0x0800011f   Thumb Code     0  startup_stm32f103xb.o(.text)
    USBWakeUp_IRQHandler                     0x0800011f   Thumb Code     0  startup_stm32f103xb.o(.text)
    USB_HP_CAN1_TX_IRQHandler                0x0800011f   Thumb Code     0  startup_stm32f103xb.o(.text)
    USB_LP_CAN1_RX0_IRQHandler               0x0800011f   Thumb Code     0  startup_stm32f103xb.o(.text)
    WWDG_IRQHandler                          0x0800011f   Thumb Code     0  startup_stm32f103xb.o(.text)
    __aeabi_memset                           0x08000129   Thumb Code    14  memseta.o(.text)
    __aeabi_memset4                          0x08000129   Thumb Code     0  memseta.o(.text)
    __aeabi_memset8                          0x08000129   Thumb Code     0  memseta.o(.text)
    __aeabi_memclr                           0x08000137   Thumb Code     4  memseta.o(.text)
    __aeabi_memclr4                          0x08000137   Thumb Code     0  memseta.o(.text)
    __aeabi_memclr8                          0x08000137   Thumb Code     0  memseta.o(.text)
    _memset$wrapper                          0x0800013b   Thumb Code    18  memseta.o(.text)
    __aeabi_fadd                             0x0800014d   Thumb Code   164  fadd.o(.text)
    __aeabi_fsub                             0x080001f1   Thumb Code     6  fadd.o(.text)
    __aeabi_frsub                            0x080001f7   Thumb Code     6  fadd.o(.text)
    __aeabi_fmul                             0x080001fd   Thumb Code   100  fmul.o(.text)
    __aeabi_fdiv                             0x08000261   Thumb Code   124  fdiv.o(.text)
    __aeabi_dadd                             0x080002dd   Thumb Code   322  dadd.o(.text)
    __aeabi_dsub                             0x0800041f   Thumb Code     6  dadd.o(.text)
    __aeabi_drsub                            0x08000425   Thumb Code     6  dadd.o(.text)
    __aeabi_dmul                             0x0800042b   Thumb Code   228  dmul.o(.text)
    __aeabi_fcmplt                           0x0800050f   Thumb Code    28  fcmplt.o(.text)
    __aeabi_i2f                              0x0800052b   Thumb Code    18  fflti.o(.text)
    __aeabi_ui2f                             0x0800053d   Thumb Code    10  ffltui.o(.text)
    __aeabi_ui2d                             0x08000547   Thumb Code    26  dfltui.o(.text)
    __aeabi_f2iz                             0x08000561   Thumb Code    50  ffixi.o(.text)
    __aeabi_f2uiz                            0x08000593   Thumb Code    40  ffixui.o(.text)
    __aeabi_f2d                              0x080005bb   Thumb Code    38  f2d.o(.text)
    __aeabi_d2f                              0x080005e1   Thumb Code    56  d2f.o(.text)
    __aeabi_cfrcmple                         0x08000619   Thumb Code    20  cfrcmple.o(.text)
    __aeabi_llsl                             0x0800062d   Thumb Code    30  llshl.o(.text)
    _ll_shift_l                              0x0800062d   Thumb Code     0  llshl.o(.text)
    __aeabi_lasr                             0x0800064b   Thumb Code    36  llsshr.o(.text)
    _ll_sshift_r                             0x0800064b   Thumb Code     0  llsshr.o(.text)
    __I$use$fp                               0x0800066f   Thumb Code     0  iusefp.o(.text)
    _float_round                             0x0800066f   Thumb Code    18  fepilogue.o(.text)
    _float_epilogue                          0x08000681   Thumb Code    92  fepilogue.o(.text)
    _double_round                            0x080006dd   Thumb Code    30  depilogue.o(.text)
    _double_epilogue                         0x080006fb   Thumb Code   156  depilogue.o(.text)
    __scatterload                            0x08000799   Thumb Code    28  init.o(.text)
    __scatterload_rt2                        0x08000799   Thumb Code     0  init.o(.text)
    __aeabi_llsr                             0x080007bd   Thumb Code    32  llushr.o(.text)
    _ll_ushift_r                             0x080007bd   Thumb Code     0  llushr.o(.text)
    __decompress                             0x080007dd   Thumb Code     0  __dczerorl2.o(.text)
    __decompress1                            0x080007dd   Thumb Code    86  __dczerorl2.o(.text)
    arm_cos_f32                              0x08000833   Thumb Code   172  arm_cos_f32.o(.text.arm_cos_f32)
    BusFault_Handler                         0x080008df   Thumb Code     2  stm32f1xx_it.o(i.BusFault_Handler)
    DebugMon_Handler                         0x080008e1   Thumb Code     2  stm32f1xx_it.o(i.DebugMon_Handler)
    FOC                                      0x080008e5   Thumb Code   434  moto.o(i.FOC)
    HALL_CalcAvrgMecSpeedUnit                0x08000ae9   Thumb Code   142  hall_speed_pos_fdbk.o(i.HALL_CalcAvrgMecSpeedUnit)
    HALL_CalcElAngle                         0x08000b77   Thumb Code    56  hall_speed_pos_fdbk.o(i.HALL_CalcElAngle)
    HALL_Init                                0x08000bb1   Thumb Code   278  hall_speed_pos_fdbk.o(i.HALL_Init)
    HALL_TIMx_CC_IRQHandler                  0x08000d69   Thumb Code   658  hall_speed_pos_fdbk.o(i.HALL_TIMx_CC_IRQHandler)
    HALL_TIMx_UP_IRQHandler                  0x08000ffb   Thumb Code   128  hall_speed_pos_fdbk.o(i.HALL_TIMx_UP_IRQHandler)
    HardFault_Handler                        0x0800107b   Thumb Code     2  stm32f1xx_it.o(i.HardFault_Handler)
    LL_GPIO_Init                             0x080010ad   Thumb Code   234  stm32f1xx_ll_gpio.o(i.LL_GPIO_Init)
    LL_Init1msTick                           0x080011e9   Thumb Code    26  stm32f1xx_ll_utils.o(i.LL_Init1msTick)
    LL_SetSystemCoreClock                    0x08001205   Thumb Code     6  stm32f1xx_ll_utils.o(i.LL_SetSystemCoreClock)
    LL_TIM_BDTR_Init                         0x08001211   Thumb Code    58  stm32f1xx_ll_tim.o(i.LL_TIM_BDTR_Init)
    LL_TIM_Init                              0x0800124d   Thumb Code    92  stm32f1xx_ll_tim.o(i.LL_TIM_Init)
    LL_TIM_OC_Init                           0x0800135d   Thumb Code   392  stm32f1xx_ll_tim.o(i.LL_TIM_OC_Init)
    MX_GPIO_Init                             0x080014e9   Thumb Code    84  myinit.o(i.MX_GPIO_Init)
    MX_TIM1_Init                             0x08001549   Thumb Code   340  myinit.o(i.MX_TIM1_Init)
    MX_TIM2_Init                             0x080016b9   Thumb Code    96  myinit.o(i.MX_TIM2_Init)
    MX_TIM4_Init                             0x08001719   Thumb Code   284  myinit.o(i.MX_TIM4_Init)
    MemManage_Handler                        0x08001845   Thumb Code     2  stm32f1xx_it.o(i.MemManage_Handler)
    NMI_Handler                              0x08001847   Thumb Code     2  stm32f1xx_it.o(i.NMI_Handler)
    PendSV_Handler                           0x08001849   Thumb Code     2  stm32f1xx_it.o(i.PendSV_Handler)
    SPD_IsMecSpeedReliable                   0x0800184b   Thumb Code    94  speed_pos_fdbk.o(i.SPD_IsMecSpeedReliable)
    SVC_Handler                              0x080018a9   Thumb Code     2  stm32f1xx_it.o(i.SVC_Handler)
    Set_ENx                                  0x080018ad   Thumb Code    10  moto.o(i.Set_ENx)
    SysTick_Handler                          0x080018bd   Thumb Code    18  stm32f1xx_it.o(i.SysTick_Handler)
    SystemClock_Config                       0x080018d5   Thumb Code   144  myinit.o(i.SystemClock_Config)
    SystemInit                               0x08001971   Thumb Code     2  system_stm32f1xx.o(i.SystemInit)
    TIM1_UP_IRQHandler                       0x08001973   Thumb Code     2  stm32f1xx_it.o(i.TIM1_UP_IRQHandler)
    TIM4_IRQHandler                          0x08001975   Thumb Code    56  stm32f1xx_it.o(i.TIM4_IRQHandler)
    UsageFault_Handler                       0x080019b1   Thumb Code     2  stm32f1xx_it.o(i.UsageFault_Handler)
    __scatterload_copy                       0x080019b3   Thumb Code    14  handlers.o(i.__scatterload_copy)
    __scatterload_null                       0x080019c1   Thumb Code     2  handlers.o(i.__scatterload_null)
    __scatterload_zeroinit                   0x080019c3   Thumb Code    14  handlers.o(i.__scatterload_zeroinit)
    combined_control_V3                      0x080019d1   Thumb Code   634  moto.o(i.combined_control_V3)
    led_blink                                0x08001c99   Thumb Code    50  utility.o(i.led_blink)
    main                                     0x08001cd9   Thumb Code   226  main.o(i.main)
    sinus_control_V2                         0x08001ded   Thumb Code   554  moto.o(i.sinus_control_V2)
    sinTable_f32                             0x08002078   Data        2052  arm_common_tables.o(.rodata.sinTable_f32)
    Region$$Table$$Base                      0x0800287c   Number         0  anon$$obj.o(Region$$Table)
    Region$$Table$$Limit                     0x0800289c   Number         0  anon$$obj.o(Region$$Table)
    mode                                     0x20000000   Data           1  main.o(.data)
    da                                       0x20000004   Data           4  main.o(.data)
    angle                                    0x20000008   Data           4  main.o(.data)
    angle_error                              0x2000000c   Data           4  main.o(.data)
    des_val                                  0x20000010   Data           4  main.o(.data)
    t1                                       0x20000014   Data           4  main.o(.data)
    t2                                       0x20000018   Data           4  main.o(.data)
    dt1                                      0x2000001c   Data           4  main.o(.data)
    started                                  0x20000024   Data           1  moto.o(.data)
    Vq                                       0x20000028   Data           4  moto.o(.data)
    Vd                                       0x2000002c   Data           4  moto.o(.data)
    Va                                       0x20000030   Data           4  moto.o(.data)
    Vb                                       0x20000034   Data           4  moto.o(.data)
    Vc                                       0x20000038   Data           4  moto.o(.data)
    Va_1                                     0x2000003c   Data           4  moto.o(.data)
    Vb_1                                     0x20000040   Data           4  moto.o(.data)
    Vc_1                                     0x20000044   Data           4  moto.o(.data)
    theta                                    0x20000048   Data           4  moto.o(.data)
    theta_elec_degrees                       0x2000004c   Data           4  moto.o(.data)
    Vinv1                                    0x20000050   Data           4  moto.o(.data)
    Vinv2                                    0x20000054   Data           4  moto.o(.data)
    Vinv3                                    0x20000058   Data           4  moto.o(.data)
    angle_init                               0x2000005c   Data           4  moto.o(.data)
    error_angle_last                         0x20000060   Data           4  moto.o(.data)
    vaa                                      0x20000064   Data           4  moto.o(.data)
    vbb                                      0x20000068   Data           4  moto.o(.data)
    vcc                                      0x2000006c   Data           4  moto.o(.data)
    error_in_proc                            0x20000070   Data           4  moto.o(.data)
    er_mem                                   0x20000074   Data           4  moto.o(.data)
    angle_mem                                0x20000078   Data           4  moto.o(.data)
    integral                                 0x2000007c   Data           4  moto.o(.data)
    step                                     0x20000080   Data           4  moto.o(.data)
    thetta_vector                            0x20000084   Data           4  moto.o(.data)
    HALL_M1                                  0x20000088   Data         200  hall_speed_pos_fdbk.o(.data)
    SystemCoreClock                          0x20000150   Data           4  system_stm32f1xx.o(.data)
    __initial_sp                             0x20000558   Data           0  startup_stm32f103xb.o(STACK)



==============================================================================

Memory Map of the image

  Image Entry point : 0x080000ed

  Load Region LR_IROM1 (Base: 0x08000000, Size: 0x000029f0, Max: 0x00020000, ABSOLUTE, COMPRESSED[0x000028d8])

    Execution Region ER_IROM1 (Exec base: 0x08000000, Load base: 0x08000000, Size: 0x0000289c, Max: 0x00020000, ABSOLUTE)

    Exec Addr    Load Addr    Size         Type   Attr      Idx    E Section Name        Object

    0x08000000   0x08000000   0x000000ec   Data   RO            3    RESET               startup_stm32f103xb.o
    0x080000ec   0x080000ec   0x00000000   Code   RO         1371  * .ARM.Collect$$$$00000000  mc_w.l(entry.o)
    0x080000ec   0x080000ec   0x00000004   Code   RO         1406    .ARM.Collect$$$$00000001  mc_w.l(entry2.o)
    0x080000f0   0x080000f0   0x00000004   Code   RO         1409    .ARM.Collect$$$$00000004  mc_w.l(entry5.o)
    0x080000f4   0x080000f4   0x00000000   Code   RO         1411    .ARM.Collect$$$$00000008  mc_w.l(entry7b.o)
    0x080000f4   0x080000f4   0x00000000   Code   RO         1413    .ARM.Collect$$$$0000000A  mc_w.l(entry8b.o)
    0x080000f4   0x080000f4   0x00000008   Code   RO         1414    .ARM.Collect$$$$0000000B  mc_w.l(entry9a.o)
    0x080000fc   0x080000fc   0x00000004   Code   RO         1421    .ARM.Collect$$$$0000000E  mc_w.l(entry12b.o)
    0x08000100   0x08000100   0x00000000   Code   RO         1416    .ARM.Collect$$$$0000000F  mc_w.l(entry10a.o)
    0x08000100   0x08000100   0x00000000   Code   RO         1418    .ARM.Collect$$$$00000011  mc_w.l(entry11a.o)
    0x08000100   0x08000100   0x00000004   Code   RO         1407    .ARM.Collect$$$$00002712  mc_w.l(entry2.o)
    0x08000104   0x08000104   0x00000024   Code   RO            4    .text               startup_stm32f103xb.o
    0x08000128   0x08000128   0x00000024   Code   RO         1374    .text               mc_w.l(memseta.o)
    0x0800014c   0x0800014c   0x000000b0   Code   RO         1376    .text               mf_w.l(fadd.o)
    0x080001fc   0x080001fc   0x00000064   Code   RO         1378    .text               mf_w.l(fmul.o)
    0x08000260   0x08000260   0x0000007c   Code   RO         1380    .text               mf_w.l(fdiv.o)
    0x080002dc   0x080002dc   0x0000014e   Code   RO         1382    .text               mf_w.l(dadd.o)
    0x0800042a   0x0800042a   0x000000e4   Code   RO         1384    .text               mf_w.l(dmul.o)
    0x0800050e   0x0800050e   0x0000001c   Code   RO         1386    .text               mf_w.l(fcmplt.o)
    0x0800052a   0x0800052a   0x00000012   Code   RO         1388    .text               mf_w.l(fflti.o)
    0x0800053c   0x0800053c   0x0000000a   Code   RO         1390    .text               mf_w.l(ffltui.o)
    0x08000546   0x08000546   0x0000001a   Code   RO         1392    .text               mf_w.l(dfltui.o)
    0x08000560   0x08000560   0x00000032   Code   RO         1394    .text               mf_w.l(ffixi.o)
    0x08000592   0x08000592   0x00000028   Code   RO         1396    .text               mf_w.l(ffixui.o)
    0x080005ba   0x080005ba   0x00000026   Code   RO         1398    .text               mf_w.l(f2d.o)
    0x080005e0   0x080005e0   0x00000038   Code   RO         1400    .text               mf_w.l(d2f.o)
    0x08000618   0x08000618   0x00000014   Code   RO         1404    .text               mf_w.l(cfrcmple.o)
    0x0800062c   0x0800062c   0x0000001e   Code   RO         1422    .text               mc_w.l(llshl.o)
    0x0800064a   0x0800064a   0x00000024   Code   RO         1424    .text               mc_w.l(llsshr.o)
    0x0800066e   0x0800066e   0x00000000   Code   RO         1426    .text               mc_w.l(iusefp.o)
    0x0800066e   0x0800066e   0x0000006e   Code   RO         1427    .text               mf_w.l(fepilogue.o)
    0x080006dc   0x080006dc   0x000000ba   Code   RO         1429    .text               mf_w.l(depilogue.o)
    0x08000796   0x08000796   0x00000002   PAD
    0x08000798   0x08000798   0x00000024   Code   RO         1431    .text               mc_w.l(init.o)
    0x080007bc   0x080007bc   0x00000020   Code   RO         1433    .text               mc_w.l(llushr.o)
    0x080007dc   0x080007dc   0x00000056   Code   RO         1443    .text               mc_w.l(__dczerorl2.o)
    0x08000832   0x08000832   0x000000ac   Code   RO         1243    .text.arm_cos_f32   arm_cortexM3l_math.lib(arm_cos_f32.o)
    0x080008de   0x080008de   0x00000002   Code   RO          176    i.BusFault_Handler  stm32f1xx_it.o
    0x080008e0   0x080008e0   0x00000002   Code   RO          177    i.DebugMon_Handler  stm32f1xx_it.o
    0x080008e2   0x080008e2   0x00000002   PAD
    0x080008e4   0x080008e4   0x00000204   Code   RO          416    i.FOC               moto.o
    0x08000ae8   0x08000ae8   0x0000008e   Code   RO          522    i.HALL_CalcAvrgMecSpeedUnit  hall_speed_pos_fdbk.o
    0x08000b76   0x08000b76   0x00000038   Code   RO          523    i.HALL_CalcElAngle  hall_speed_pos_fdbk.o
    0x08000bae   0x08000bae   0x00000002   PAD
    0x08000bb0   0x08000bb0   0x0000011c   Code   RO          525    i.HALL_Init         hall_speed_pos_fdbk.o
    0x08000ccc   0x08000ccc   0x0000009c   Code   RO          526    i.HALL_Init_Electrical_Angle  hall_speed_pos_fdbk.o
    0x08000d68   0x08000d68   0x00000292   Code   RO          528    i.HALL_TIMx_CC_IRQHandler  hall_speed_pos_fdbk.o
    0x08000ffa   0x08000ffa   0x00000080   Code   RO          529    i.HALL_TIMx_UP_IRQHandler  hall_speed_pos_fdbk.o
    0x0800107a   0x0800107a   0x00000002   Code   RO          178    i.HardFault_Handler  stm32f1xx_it.o
    0x0800107c   0x0800107c   0x00000018   Code   RO          271    i.LL_APB1_GRP1_EnableClock  myinit.o
    0x08001094   0x08001094   0x00000018   Code   RO          272    i.LL_APB2_GRP1_EnableClock  myinit.o
    0x080010ac   0x080010ac   0x000000ea   Code   RO          695    i.LL_GPIO_Init      stm32f1xx_ll_gpio.o
    0x08001196   0x08001196   0x00000014   Code   RO          530    i.LL_GPIO_IsInputPinSet  hall_speed_pos_fdbk.o
    0x080011aa   0x080011aa   0x0000002a   Code   RO          273    i.LL_GPIO_SetPinMode  myinit.o
    0x080011d4   0x080011d4   0x00000014   Code   RO          380    i.LL_GPIO_TogglePin  utility.o
    0x080011e8   0x080011e8   0x0000001a   Code   RO         1025    i.LL_Init1msTick    stm32f1xx_ll_utils.o
    0x08001202   0x08001202   0x00000002   PAD
    0x08001204   0x08001204   0x0000000c   Code   RO         1030    i.LL_SetSystemCoreClock  stm32f1xx_ll_utils.o
    0x08001210   0x08001210   0x0000003a   Code   RO          810    i.LL_TIM_BDTR_Init  stm32f1xx_ll_tim.o
    0x0800124a   0x0800124a   0x00000002   PAD
    0x0800124c   0x0800124c   0x00000068   Code   RO          819    i.LL_TIM_Init       stm32f1xx_ll_tim.o
    0x080012b4   0x080012b4   0x00000054   Code   RO          274    i.LL_TIM_OC_DisableFast  myinit.o
    0x08001308   0x08001308   0x00000054   Code   RO          275    i.LL_TIM_OC_EnablePreload  myinit.o
    0x0800135c   0x0800135c   0x0000018c   Code   RO          820    i.LL_TIM_OC_Init    stm32f1xx_ll_tim.o
    0x080014e8   0x080014e8   0x00000060   Code   RO          276    i.MX_GPIO_Init      myinit.o
    0x08001548   0x08001548   0x00000170   Code   RO          277    i.MX_TIM1_Init      myinit.o
    0x080016b8   0x080016b8   0x00000060   Code   RO          278    i.MX_TIM2_Init      myinit.o
    0x08001718   0x08001718   0x0000012c   Code   RO          279    i.MX_TIM4_Init      myinit.o
    0x08001844   0x08001844   0x00000002   Code   RO          179    i.MemManage_Handler  stm32f1xx_it.o
    0x08001846   0x08001846   0x00000002   Code   RO          180    i.NMI_Handler       stm32f1xx_it.o
    0x08001848   0x08001848   0x00000002   Code   RO          181    i.PendSV_Handler    stm32f1xx_it.o
    0x0800184a   0x0800184a   0x0000005e   Code   RO          622    i.SPD_IsMecSpeedReliable  speed_pos_fdbk.o
    0x080018a8   0x080018a8   0x00000002   Code   RO          182    i.SVC_Handler       stm32f1xx_it.o
    0x080018aa   0x080018aa   0x00000002   PAD
    0x080018ac   0x080018ac   0x00000010   Code   RO          418    i.Set_ENx           moto.o
    0x080018bc   0x080018bc   0x00000018   Code   RO          183    i.SysTick_Handler   stm32f1xx_it.o
    0x080018d4   0x080018d4   0x0000009c   Code   RO          281    i.SystemClock_Config  myinit.o
    0x08001970   0x08001970   0x00000002   Code   RO         1208    i.SystemInit        system_stm32f1xx.o
    0x08001972   0x08001972   0x00000002   Code   RO          184    i.TIM1_UP_IRQHandler  stm32f1xx_it.o
    0x08001974   0x08001974   0x0000003c   Code   RO          185    i.TIM4_IRQHandler   stm32f1xx_it.o
    0x080019b0   0x080019b0   0x00000002   Code   RO          186    i.UsageFault_Handler  stm32f1xx_it.o
    0x080019b2   0x080019b2   0x0000000e   Code   RO         1437    i.__scatterload_copy  mc_w.l(handlers.o)
    0x080019c0   0x080019c0   0x00000002   Code   RO         1438    i.__scatterload_null  mc_w.l(handlers.o)
    0x080019c2   0x080019c2   0x0000000e   Code   RO         1439    i.__scatterload_zeroinit  mc_w.l(handlers.o)
    0x080019d0   0x080019d0   0x000002c8   Code   RO          419    i.combined_control_V3  moto.o
    0x08001c98   0x08001c98   0x00000040   Code   RO          381    i.led_blink         utility.o
    0x08001cd8   0x08001cd8   0x00000114   Code   RO           13    i.main              main.o
    0x08001dec   0x08001dec   0x00000260   Code   RO          421    i.sinus_control_V2  moto.o
    0x0800204c   0x0800204c   0x0000001c   Data   RO          282    .constdata          myinit.o
    0x08002068   0x08002068   0x0000000e   Data   RO          531    .constdata          hall_speed_pos_fdbk.o
    0x08002076   0x08002076   0x00000002   PAD
    0x08002078   0x08002078   0x00000804   Data   RO         1364    .rodata.sinTable_f32  arm_cortexM3l_math.lib(arm_common_tables.o)
    0x0800287c   0x0800287c   0x00000020   Data   RO         1435    Region$$Table       anon$$obj.o


    Execution Region RW_IRAM1 (Exec base: 0x20000000, Load base: 0x0800289c, Size: 0x00000558, Max: 0x00005000, ABSOLUTE, COMPRESSED[0x0000003c])

    Exec Addr    Load Addr    Size         Type   Attr      Idx    E Section Name        Object

    0x20000000   COMPRESSED   0x00000020   Data   RW           15    .data               main.o
    0x20000020   COMPRESSED   0x00000004   Data   RW          382    .data               utility.o
    0x20000024   COMPRESSED   0x00000064   Data   RW          422    .data               moto.o
    0x20000088   COMPRESSED   0x000000c8   Data   RW          532    .data               hall_speed_pos_fdbk.o
    0x20000150   COMPRESSED   0x00000004   Data   RW         1211    .data               system_stm32f1xx.o
    0x20000154   COMPRESSED   0x00000004   PAD
    0x20000158        -       0x00000400   Zero   RW            1    STACK               startup_stm32f103xb.o


==============================================================================

Image component sizes


      Code (inc. data)   RO Data    RW Data    ZI Data      Debug   Object Name

      1444         22         14        200          0      42041   hall_speed_pos_fdbk.o
       276         50          0         32          0     398270   main.o
      1852        220          0        100          0      11804   moto.o
      1274         88         28          0          0      76304   myinit.o
        94          0          0          0          0       1157   speed_pos_fdbk.o
        36          8        236          0       1024        768   startup_stm32f103xb.o
       102         10          0          0          0      28889   stm32f1xx_it.o
       234          0          0          0          0      10211   stm32f1xx_ll_gpio.o
       558         16          0          0          0      32054   stm32f1xx_ll_tim.o
        38          6          0          0          0       4841   stm32f1xx_ll_utils.o
         2          0          0          4          0       1011   system_stm32f1xx.o
        84         14          0          4          0       8828   utility.o

    ----------------------------------------------------------------------
      6004        434        312        340       1028     616178   Object Totals
         0          0         32          0          0          0   (incl. Generated)
        10          0          2          0          4          0   (incl. Padding)

    ----------------------------------------------------------------------

      Code (inc. data)   RO Data    RW Data    ZI Data      Debug   Library Member Name

         0          0       2052          0          0       6294   arm_common_tables.o
       172          0          0          0          0        962   arm_cos_f32.o
        86          0          0          0          0          0   __dczerorl2.o
         0          0          0          0          0          0   entry.o
         0          0          0          0          0          0   entry10a.o
         0          0          0          0          0          0   entry11a.o
         4          0          0          0          0          0   entry12b.o
         8          4          0          0          0          0   entry2.o
         4          0          0          0          0          0   entry5.o
         0          0          0          0          0          0   entry7b.o
         0          0          0          0          0          0   entry8b.o
         8          4          0          0          0          0   entry9a.o
        30          0          0          0          0          0   handlers.o
        36          8          0          0          0         68   init.o
         0          0          0          0          0          0   iusefp.o
        30          0          0          0          0         68   llshl.o
        36          0          0          0          0         68   llsshr.o
        32          0          0          0          0         68   llushr.o
        36          0          0          0          0        108   memseta.o
        20          0          0          0          0         68   cfrcmple.o
        56          0          0          0          0         88   d2f.o
       334          0          0          0          0        148   dadd.o
       186          0          0          0          0        176   depilogue.o
        26          0          0          0          0         76   dfltui.o
       228          0          0          0          0         96   dmul.o
        38          0          0          0          0         68   f2d.o
       176          0          0          0          0        140   fadd.o
        28          0          0          0          0         68   fcmplt.o
       124          0          0          0          0         88   fdiv.o
       110          0          0          0          0        168   fepilogue.o
        50          0          0          0          0         68   ffixi.o
        40          0          0          0          0         68   ffixui.o
        18          0          0          0          0         68   fflti.o
        10          0          0          0          0         68   ffltui.o
       100          0          0          0          0         76   fmul.o

    ----------------------------------------------------------------------
      2028         16       2052          0          0       9168   Library Totals
         2          0          0          0          0          0   (incl. Padding)

    ----------------------------------------------------------------------

      Code (inc. data)   RO Data    RW Data    ZI Data      Debug   Library Name

       172          0       2052          0          0       7256   arm_cortexM3l_math.lib
       310         16          0          0          0        380   mc_w.l
      1544          0          0          0          0       1532   mf_w.l

    ----------------------------------------------------------------------
      2028         16       2052          0          0       9168   Library Totals

    ----------------------------------------------------------------------

==============================================================================


      Code (inc. data)   RO Data    RW Data    ZI Data      Debug   

      8032        450       2364        340       1028     622458   Grand Totals
      8032        450       2364         60       1028     622458   ELF Image Totals (compressed)
      8032        450       2364         60          0          0   ROM Totals

==============================================================================

    Total RO  Size (Code + RO Data)                10396 (  10.15kB)
    Total RW  Size (RW Data + ZI Data)              1368 (   1.34kB)
    Total ROM Size (Code + RO Data + RW Data)      10456 (  10.21kB)

==============================================================================

